Archive member included to satisfy reference by file (symbol)

/usr/bin/gcc-arm-none-eabi-5_4-2016q3/bin/../lib/gcc/arm-none-eabi/5.4.1/../../../../arm-none-eabi/lib/armv7-m/libc_nano.a(lib_a-exit.o)
                              /usr/bin/gcc-arm-none-eabi-5_4-2016q3/bin/../lib/gcc/arm-none-eabi/5.4.1/../../../../arm-none-eabi/lib/armv7-m/crt0.o (exit)
/usr/bin/gcc-arm-none-eabi-5_4-2016q3/bin/../lib/gcc/arm-none-eabi/5.4.1/../../../../arm-none-eabi/lib/armv7-m/libc_nano.a(lib_a-impure.o)
                              /usr/bin/gcc-arm-none-eabi-5_4-2016q3/bin/../lib/gcc/arm-none-eabi/5.4.1/../../../../arm-none-eabi/lib/armv7-m/libc_nano.a(lib_a-exit.o) (_global_impure_ptr)
/usr/bin/gcc-arm-none-eabi-5_4-2016q3/bin/../lib/gcc/arm-none-eabi/5.4.1/../../../../arm-none-eabi/lib/armv7-m/libc_nano.a(lib_a-init.o)
                              /usr/bin/gcc-arm-none-eabi-5_4-2016q3/bin/../lib/gcc/arm-none-eabi/5.4.1/../../../../arm-none-eabi/lib/armv7-m/crt0.o (__libc_init_array)
/usr/bin/gcc-arm-none-eabi-5_4-2016q3/bin/../lib/gcc/arm-none-eabi/5.4.1/../../../../arm-none-eabi/lib/armv7-m/libc_nano.a(lib_a-memcpy-stub.o)
                              build/sx1276-LoRa.o (memcpy)
/usr/bin/gcc-arm-none-eabi-5_4-2016q3/bin/../lib/gcc/arm-none-eabi/5.4.1/../../../../arm-none-eabi/lib/armv7-m/libc_nano.a(lib_a-memset.o)
                              /usr/bin/gcc-arm-none-eabi-5_4-2016q3/bin/../lib/gcc/arm-none-eabi/5.4.1/../../../../arm-none-eabi/lib/armv7-m/crt0.o (memset)
/usr/bin/gcc-arm-none-eabi-5_4-2016q3/bin/../lib/gcc/arm-none-eabi/5.4.1/../../../../arm-none-eabi/lib/armv7-m/libc_nano.a(lib_a-printf.o)
                              build/main.o (printf)
/usr/bin/gcc-arm-none-eabi-5_4-2016q3/bin/../lib/gcc/arm-none-eabi/5.4.1/../../../../arm-none-eabi/lib/armv7-m/libc_nano.a(lib_a-puts.o)
                              build/main.o (puts)
/usr/bin/gcc-arm-none-eabi-5_4-2016q3/bin/../lib/gcc/arm-none-eabi/5.4.1/../../../../arm-none-eabi/lib/armv7-m/libc_nano.a(lib_a-wbuf.o)
                              /usr/bin/gcc-arm-none-eabi-5_4-2016q3/bin/../lib/gcc/arm-none-eabi/5.4.1/../../../../arm-none-eabi/lib/armv7-m/libc_nano.a(lib_a-puts.o) (__swbuf_r)
/usr/bin/gcc-arm-none-eabi-5_4-2016q3/bin/../lib/gcc/arm-none-eabi/5.4.1/../../../../arm-none-eabi/lib/armv7-m/libc_nano.a(lib_a-wsetup.o)
                              /usr/bin/gcc-arm-none-eabi-5_4-2016q3/bin/../lib/gcc/arm-none-eabi/5.4.1/../../../../arm-none-eabi/lib/armv7-m/libc_nano.a(lib_a-puts.o) (__swsetup_r)
/usr/bin/gcc-arm-none-eabi-5_4-2016q3/bin/../lib/gcc/arm-none-eabi/5.4.1/../../../../arm-none-eabi/lib/armv7-m/libc_nano.a(lib_a-fflush.o)
                              /usr/bin/gcc-arm-none-eabi-5_4-2016q3/bin/../lib/gcc/arm-none-eabi/5.4.1/../../../../arm-none-eabi/lib/armv7-m/libc_nano.a(lib_a-wbuf.o) (_fflush_r)
/usr/bin/gcc-arm-none-eabi-5_4-2016q3/bin/../lib/gcc/arm-none-eabi/5.4.1/../../../../arm-none-eabi/lib/armv7-m/libc_nano.a(lib_a-findfp.o)
                              /usr/bin/gcc-arm-none-eabi-5_4-2016q3/bin/../lib/gcc/arm-none-eabi/5.4.1/../../../../arm-none-eabi/lib/armv7-m/libc_nano.a(lib_a-printf.o) (__sinit)
/usr/bin/gcc-arm-none-eabi-5_4-2016q3/bin/../lib/gcc/arm-none-eabi/5.4.1/../../../../arm-none-eabi/lib/armv7-m/libc_nano.a(lib_a-fwalk.o)
                              /usr/bin/gcc-arm-none-eabi-5_4-2016q3/bin/../lib/gcc/arm-none-eabi/5.4.1/../../../../arm-none-eabi/lib/armv7-m/libc_nano.a(lib_a-findfp.o) (_fwalk)
/usr/bin/gcc-arm-none-eabi-5_4-2016q3/bin/../lib/gcc/arm-none-eabi/5.4.1/../../../../arm-none-eabi/lib/armv7-m/libc_nano.a(lib_a-makebuf.o)
                              /usr/bin/gcc-arm-none-eabi-5_4-2016q3/bin/../lib/gcc/arm-none-eabi/5.4.1/../../../../arm-none-eabi/lib/armv7-m/libc_nano.a(lib_a-wsetup.o) (__smakebuf_r)
/usr/bin/gcc-arm-none-eabi-5_4-2016q3/bin/../lib/gcc/arm-none-eabi/5.4.1/../../../../arm-none-eabi/lib/armv7-m/libc_nano.a(lib_a-nano-freer.o)
                              /usr/bin/gcc-arm-none-eabi-5_4-2016q3/bin/../lib/gcc/arm-none-eabi/5.4.1/../../../../arm-none-eabi/lib/armv7-m/libc_nano.a(lib_a-wsetup.o) (_free_r)
/usr/bin/gcc-arm-none-eabi-5_4-2016q3/bin/../lib/gcc/arm-none-eabi/5.4.1/../../../../arm-none-eabi/lib/armv7-m/libc_nano.a(lib_a-nano-mallocr.o)
                              /usr/bin/gcc-arm-none-eabi-5_4-2016q3/bin/../lib/gcc/arm-none-eabi/5.4.1/../../../../arm-none-eabi/lib/armv7-m/libc_nano.a(lib_a-findfp.o) (_malloc_r)
/usr/bin/gcc-arm-none-eabi-5_4-2016q3/bin/../lib/gcc/arm-none-eabi/5.4.1/../../../../arm-none-eabi/lib/armv7-m/libc_nano.a(lib_a-nano-vfprintf.o)
                              /usr/bin/gcc-arm-none-eabi-5_4-2016q3/bin/../lib/gcc/arm-none-eabi/5.4.1/../../../../arm-none-eabi/lib/armv7-m/libc_nano.a(lib_a-printf.o) (_vfprintf_r)
/usr/bin/gcc-arm-none-eabi-5_4-2016q3/bin/../lib/gcc/arm-none-eabi/5.4.1/../../../../arm-none-eabi/lib/armv7-m/libc_nano.a(lib_a-nano-vfprintf_i.o)
[...]
Memory Configuration

Name             Origin             Length             Attributes
RAM              0x20000000         0x00008000         xrw
FLASH            0x08000000         0x00020000         xr
*default*        0x00000000         0xffffffff

Linker script and memory map

LOAD /usr/bin/gcc-arm-none-eabi-5_4-2016q3/bin/../lib/gcc/arm-none-eabi/5.4.1/armv7-m/crti.o
LOAD /usr/bin/gcc-arm-none-eabi-5_4-2016q3/bin/../lib/gcc/arm-none-eabi/5.4.1/armv7-m/crtbegin.o
LOAD /usr/bin/gcc-arm-none-eabi-5_4-2016q3/bin/../lib/gcc/arm-none-eabi/5.4.1/../../../../arm-none-eabi/lib/armv7-m/crt0.o
LOAD build/main.o
LOAD build/stm32l1xx_it.o
LOAD build/stm32l1xx_hal_msp.o
LOAD build/stm32l1xx_hal_spi.o
LOAD build/stm32l1xx_hal_tim.o
LOAD build/stm32l1xx_hal_tim_ex.o
LOAD build/stm32l1xx_hal_uart.o
LOAD build/stm32l1xx_hal.o
LOAD build/stm32l1xx_hal_rcc.o
LOAD build/stm32l1xx_hal_rcc_ex.o
LOAD build/stm32l1xx_hal_flash.o
LOAD build/stm32l1xx_hal_flash_ex.o
LOAD build/stm32l1xx_hal_flash_ramfunc.o
LOAD build/stm32l1xx_hal_gpio.o
LOAD build/stm32l1xx_hal_dma.o
LOAD build/stm32l1xx_hal_pwr.o
LOAD build/stm32l1xx_hal_pwr_ex.o
LOAD build/stm32l1xx_hal_cortex.o
LOAD build/system_stm32l1xx.o
LOAD build/gpio.o
LOAD build/spi.o
LOAD build/usart.o
LOAD build/fifo.o
LOAD build/sx1276-Hal.o
LOAD build/sx12xxEiger.o
LOAD build/radio.o
LOAD build/sx1276-LoRa.o
LOAD build/sx1276-LoRaMisc.o
LOAD build/sx1276.o
LOAD build/startup_stm32l151xba.o
LOAD /usr/bin/gcc-arm-none-eabi-5_4-2016q3/bin/../lib/gcc/arm-none-eabi/5.4.1/../../../../arm-none-eabi/lib/armv7-m/libc_nano.a
LOAD /usr/bin/gcc-arm-none-eabi-5_4-2016q3/bin/../lib/gcc/arm-none-eabi/5.4.1/../../../../arm-none-eabi/lib/armv7-m/libm.a
LOAD /usr/bin/gcc-arm-none-eabi-5_4-2016q3/bin/../lib/gcc/arm-none-eabi/5.4.1/../../../../arm-none-eabi/lib/armv7-m/libnosys.a
START GROUP
LOAD /usr/bin/gcc-arm-none-eabi-5_4-2016q3/bin/../lib/gcc/arm-none-eabi/5.4.1/armv7-m/libgcc.a
LOAD /usr/bin/gcc-arm-none-eabi-5_4-2016q3/bin/../lib/gcc/arm-none-eabi/5.4.1/../../../../arm-none-eabi/lib/armv7-m/libc_nano.a
END GROUP
START GROUP
LOAD /usr/bin/gcc-arm-none-eabi-5_4-2016q3/bin/../lib/gcc/arm-none-eabi/5.4.1/armv7-m/libgcc.a
LOAD /usr/bin/gcc-arm-none-eabi-5_4-2016q3/bin/../lib/gcc/arm-none-eabi/5.4.1/../../../../arm-none-eabi/lib/armv7-m/libc_nano.a
END GROUP
LOAD /usr/bin/gcc-arm-none-eabi-5_4-2016q3/bin/../lib/gcc/arm-none-eabi/5.4.1/armv7-m/crtend.o
LOAD /usr/bin/gcc-arm-none-eabi-5_4-2016q3/bin/../lib/gcc/arm-none-eabi/5.4.1/armv7-m/crtn.o
                0x20008000                _estack = 0x20008000
                0x00000200                _Min_Heap_Size = 0x200
                0x00000400                _Min_Stack_Size = 0x400

.isr_vector     0x08000000      0x13c
                0x08000000                . = ALIGN (0x4)
 *(.isr_vector)
 .isr_vector    0x08000000      0x13c build/startup_stm32l151xba.o
                0x08000000                g_pfnVectors
                0x0800013c                . = ALIGN (0x4)

.text           0x0800013c     0x2998
                0x0800013c                . = ALIGN (0x4)
 *(.text)
 .text          0x0800013c       0x5c /usr/bin/gcc-arm-none-eabi-5_4-2016q3/bin/../lib/gcc/arm-none-eabi/5.4.1/armv7-m/crtbegin.o
 *(.text*)
 .text.SystemClock_Config
                0x08000198       0x58 build/main.o
                0x08000198                SystemClock_Config
 .text.main     0x080001f0       0xc0 build/main.o
                0x080001f0                main
 .text._write   0x080002b0       0x28 build/main.o
                0x080002b0                _write
 .text.Error_Handler
                0x080002d8        0x4 build/main.o
                0x080002d8                Error_Handler
 .text.NMI_Handler
                0x080002dc        0x4 build/stm32l1xx_it.o
                0x080002dc                NMI_Handler
 .text.HardFault_Handler
                0x080002e0        0x4 build/stm32l1xx_it.o
                0x080002e0                HardFault_Handler
 .text.MemManage_Handler
                0x080002e4        0x4 build/stm32l1xx_it.o
                0x080002e4                MemManage_Handler
 .text.BusFault_Handler
                0x080002e8        0x4 build/stm32l1xx_it.o
                0x080002e8                BusFault_Handler
 .text.UsageFault_Handler
                0x080002ec        0x4 build/stm32l1xx_it.o
                0x080002ec                UsageFault_Handler
 .text.SVC_Handler
                0x080002f0        0x4 build/stm32l1xx_it.o
                0x080002f0                SVC_Handler
 .text.DebugMon_Handler
                0x080002f4        0x4 build/stm32l1xx_it.o
                0x080002f4                DebugMon_Handler
 .text.PendSV_Handler
                0x080002f8        0x4 build/stm32l1xx_it.o
                0x080002f8                PendSV_Handler
 .text.SysTick_Handler
                0x080002fc        0x8 build/stm32l1xx_it.o
                0x080002fc                SysTick_Handler
 .text.USART2_IRQHandler
                0x08000304       0x10 build/stm32l1xx_it.o
                0x08000304                USART2_IRQHandler
 .text.HAL_MspInit
                0x08000314       0x44 build/stm32l1xx_hal_msp.o
                0x08000314                HAL_MspInit
 .text.SPI_WaitFlagStateUntilTimeout
                0x08000358       0x8c build/stm32l1xx_hal_spi.o
 .text.SPI_EndRxTxTransaction
                0x080003e4       0x5c build/stm32l1xx_hal_spi.o
 .text.HAL_SPI_Init
                0x08000440       0x74 build/stm32l1xx_hal_spi.o
                0x08000440                HAL_SPI_Init
 .text.HAL_SPI_TransmitReceive
                0x080004b4      0x238 build/stm32l1xx_hal_spi.o
                0x080004b4                HAL_SPI_TransmitReceive
 .text.UART_EndRxTransfer
                0x080006ec       0x1c build/stm32l1xx_hal_uart.o
 .text.UART_Transmit_IT
                0x08000708       0x6c build/stm32l1xx_hal_uart.o
 .text.UART_SetConfig
                0x08000774      0x164 build/stm32l1xx_hal_uart.o
 .text.HAL_UART_Init
                0x080008d8       0x64 build/stm32l1xx_hal_uart.o
                0x080008d8                HAL_UART_Init
 .text.HAL_UART_TxCpltCallback
                0x0800093c        0x4 build/stm32l1xx_hal_uart.o
                0x0800093c                HAL_UART_TxCpltCallback
 .text.UART_EndTransmit_IT
                0x08000940       0x1c build/stm32l1xx_hal_uart.o
 .text.HAL_UART_RxCpltCallback
                0x0800095c        0x4 build/stm32l1xx_hal_uart.o
                0x0800095c                HAL_UART_RxCpltCallback
 .text.UART_Receive_IT
                0x08000960       0xa0 build/stm32l1xx_hal_uart.o
 .text.HAL_UART_ErrorCallback
                0x08000a00        0x4 build/stm32l1xx_hal_uart.o
                0x08000a00                HAL_UART_ErrorCallback
 .text.HAL_UART_IRQHandler
                0x08000a04      0x11c build/stm32l1xx_hal_uart.o
                0x08000a04                HAL_UART_IRQHandler
 .text.UART_DMAAbortOnError
                0x08000b20       0x10 build/stm32l1xx_hal_uart.o
 .text.HAL_InitTick
                0x08000b30       0x50 build/stm32l1xx_hal.o
                0x08000b30                HAL_InitTick
 .text.HAL_Init
                0x08000b80       0x1c build/stm32l1xx_hal.o
                0x08000b80                HAL_Init
 .text.HAL_IncTick
                0x08000b9c       0x18 build/stm32l1xx_hal.o
                0x08000b9c                HAL_IncTick
 .text.HAL_GetTick
                0x08000bb4        0xc build/stm32l1xx_hal.o
                0x08000bb4                HAL_GetTick
 .text.HAL_Delay
                0x08000bc0       0x28 build/stm32l1xx_hal.o
                0x08000bc0                HAL_Delay
 .text.RCC_SetFlashLatencyFromMSIRange
                0x08000be8       0x98 build/stm32l1xx_hal_rcc.o
 .text.HAL_RCC_OscConfig
                0x08000c80      0x528 build/stm32l1xx_hal_rcc.o
                0x08000c80                HAL_RCC_OscConfig
 .text.HAL_RCC_GetSysClockFreq
                0x080011a8       0x70 build/stm32l1xx_hal_rcc.o
                0x080011a8                HAL_RCC_GetSysClockFreq
 .text.HAL_RCC_ClockConfig
                0x08001218      0x1ec build/stm32l1xx_hal_rcc.o
                0x08001218                HAL_RCC_ClockConfig
 .text.HAL_RCC_GetHCLKFreq
                0x08001404        0xc build/stm32l1xx_hal_rcc.o
                0x08001404                HAL_RCC_GetHCLKFreq
 .text.HAL_RCC_GetPCLK1Freq
                0x08001410       0x20 build/stm32l1xx_hal_rcc.o
                0x08001410                HAL_RCC_GetPCLK1Freq
 .text.HAL_RCC_GetPCLK2Freq
                0x08001430       0x20 build/stm32l1xx_hal_rcc.o
                0x08001430                HAL_RCC_GetPCLK2Freq
 .text.HAL_GPIO_Init
                0x08001450      0x194 build/stm32l1xx_hal_gpio.o
                0x08001450                HAL_GPIO_Init
 .text.HAL_GPIO_ReadPin
                0x080015e4       0x10 build/stm32l1xx_hal_gpio.o
                0x080015e4                HAL_GPIO_ReadPin
 .text.HAL_GPIO_WritePin
                0x080015f4        0xc build/stm32l1xx_hal_gpio.o
                0x080015f4                HAL_GPIO_WritePin
 .text.HAL_DMA_Abort_IT
                0x08001600       0x50 build/stm32l1xx_hal_dma.o
                0x08001600                HAL_DMA_Abort_IT
 .text.HAL_NVIC_SetPriorityGrouping
                0x08001650       0x24 build/stm32l1xx_hal_cortex.o
                0x08001650                HAL_NVIC_SetPriorityGrouping
 .text.HAL_NVIC_SetPriority
                0x08001674       0x64 build/stm32l1xx_hal_cortex.o
                0x08001674                HAL_NVIC_SetPriority
 .text.HAL_NVIC_EnableIRQ
                0x080016d8       0x1c build/stm32l1xx_hal_cortex.o
                0x080016d8                HAL_NVIC_EnableIRQ
 .text.HAL_SYSTICK_Config
                0x080016f4       0x2c build/stm32l1xx_hal_cortex.o
                0x080016f4                HAL_SYSTICK_Config
 .text.SystemInit
                0x08001720       0x48 build/system_stm32l1xx.o
                0x08001720                SystemInit
 .text.MX_GPIO_Init
                0x08001768       0xc4 build/gpio.o
                0x08001768                MX_GPIO_Init
 .text.MX_SPI1_Init
                0x0800182c       0x40 build/spi.o
                0x0800182c                MX_SPI1_Init
 .text.HAL_SPI_MspInit
                0x0800186c       0x94 build/spi.o
                0x0800186c                HAL_SPI_MspInit
 .text.SpiInOut
                0x08001900       0x38 build/spi.o
                0x08001900                SpiInOut
 .text.MX_USART1_UART_Init
                0x08001938       0x34 build/usart.o
                0x08001938                MX_USART1_UART_Init
 .text.MX_USART2_UART_Init
                0x0800196c       0x34 build/usart.o
                0x0800196c                MX_USART2_UART_Init
 .text.HAL_UART_MspInit
                0x080019a0       0xcc build/usart.o
                0x080019a0                HAL_UART_MspInit
 .text.SX1276ReadBuffer
                0x08001a6c       0x44 build/sx1276-Hal.o
                0x08001a6c                SX1276ReadBuffer
 .text.SX1276Read
                0x08001ab0        0xc build/sx1276-Hal.o
                0x08001ab0                SX1276Read
 .text.SX1276ReadDio0
                0x08001abc       0x14 build/sx1276-Hal.o
                0x08001abc                SX1276ReadDio0
 .text.Reset_Handler
                0x08001ad0       0x48 build/startup_stm32l151xba.o
                0x08001ad0                Reset_Handler
 .text.Default_Handler
                0x08001b18        0x2 build/startup_stm32l151xba.o
                0x08001b18                RTC_Alarm_IRQHandler
                0x08001b18                EXTI2_IRQHandler
                0x08001b18                TIM10_IRQHandler
                0x08001b18                USB_HP_IRQHandler
                0x08001b18                TIM6_IRQHandler
                0x08001b18                PVD_IRQHandler
                0x08001b18                EXTI3_IRQHandler
                0x08001b18                EXTI0_IRQHandler
                0x08001b18                I2C2_EV_IRQHandler
                0x08001b18                SPI1_IRQHandler
                0x08001b18                USB_FS_WKUP_IRQHandler
                0x08001b18                DMA1_Channel4_IRQHandler
                0x08001b18                ADC1_IRQHandler
                0x08001b18                USART3_IRQHandler
                0x08001b18                DMA1_Channel7_IRQHandler
                0x08001b18                TIM4_IRQHandler
                0x08001b18                I2C1_EV_IRQHandler
                0x08001b18                DMA1_Channel6_IRQHandler
                0x08001b18                TIM3_IRQHandler
                0x08001b18                RCC_IRQHandler
                0x08001b18                DMA1_Channel1_IRQHandler
                0x08001b18                Default_Handler
                0x08001b18                EXTI15_10_IRQHandler
                0x08001b18                TIM7_IRQHandler
                0x08001b18                EXTI9_5_IRQHandler
                0x08001b18                TIM9_IRQHandler
                0x08001b18                TAMPER_STAMP_IRQHandler
                0x08001b18                RTC_WKUP_IRQHandler
                0x08001b18                SPI2_IRQHandler
                0x08001b18                DMA1_Channel5_IRQHandler
                0x08001b18                USB_LP_IRQHandler
                0x08001b18                EXTI4_IRQHandler
                0x08001b18                DMA1_Channel3_IRQHandler
                0x08001b18                COMP_IRQHandler
                0x08001b18                WWDG_IRQHandler
                0x08001b18                TIM2_IRQHandler
                0x08001b18                DAC_IRQHandler
                0x08001b18                EXTI1_IRQHandler
                0x08001b18                TIM11_IRQHandler
                0x08001b18                I2C2_ER_IRQHandler
                0x08001b18                DMA1_Channel2_IRQHandler
                0x08001b18                FLASH_IRQHandler
                0x08001b18                USART1_IRQHandler
                0x08001b18                I2C1_ER_IRQHandler
 *fill*         0x08001b1a        0x2 
 .text.__libc_init_array
                0x08001b1c       0x4c /usr/bin/gcc-arm-none-eabi-5_4-2016q3/bin/../lib/gcc/arm-none-eabi/5.4.1/../../../../arm-none-eabi/lib/armv7-m/libc_nano.a(lib_a-init.o)
                0x08001b1c                __libc_init_array
 .text.memset   0x08001b68       0x10 /usr/bin/gcc-arm-none-eabi-5_4-2016q3/bin/../lib/gcc/arm-none-eabi/5.4.1/../../../../arm-none-eabi/lib/armv7-m/libc_nano.a(lib_a-memset.o)
                0x08001b68                memset
 .text.printf   0x08001b78       0x30 /usr/bin/gcc-arm-none-eabi-5_4-2016q3/bin/../lib/gcc/arm-none-eabi/5.4.1/../../../../arm-none-eabi/lib/armv7-m/libc_nano.a(lib_a-printf.o)
                0x08001b78                printf
                0x08001b78                iprintf
 .text._puts_r  0x08001ba8       0xb4 /usr/bin/gcc-arm-none-eabi-5_4-2016q3/bin/../lib/gcc/arm-none-eabi/5.4.1/../../../../arm-none-eabi/lib/armv7-m/libc_nano.a(lib_a-puts.o)
                0x08001ba8                _puts_r
 .text.puts     0x08001c5c       0x10 /usr/bin/gcc-arm-none-eabi-5_4-2016q3/bin/../lib/gcc/arm-none-eabi/5.4.1/../../../../arm-none-eabi/lib/armv7-m/libc_nano.a(lib_a-puts.o)
                0x08001c5c                puts
 .text.__swbuf_r
                0x08001c6c       0xa8 /usr/bin/gcc-arm-none-eabi-5_4-2016q3/bin/../lib/gcc/arm-none-eabi/5.4.1/../../../../arm-none-eabi/lib/armv7-m/libc_nano.a(lib_a-wbuf.o)
                0x08001c6c                __swbuf_r
 .text.__swsetup_r
                0x08001d14       0xdc /usr/bin/gcc-arm-none-eabi-5_4-2016q3/bin/../lib/gcc/arm-none-eabi/5.4.1/../../../../arm-none-eabi/lib/armv7-m/libc_nano.a(lib_a-wsetup.o)
                0x08001d14                __swsetup_r
 .text.__sflush_r
                0x08001df0      0x10c /usr/bin/gcc-arm-none-eabi-5_4-2016q3/bin/../lib/gcc/arm-none-eabi/5.4.1/../../../../arm-none-eabi/lib/armv7-m/libc_nano.a(lib_a-fflush.o)
                0x08001df0                __sflush_r
 .text._fflush_r
                0x08001efc       0x54 /usr/bin/gcc-arm-none-eabi-5_4-2016q3/bin/../lib/gcc/arm-none-eabi/5.4.1/../../../../arm-none-eabi/lib/armv7-m/libc_nano.a(lib_a-fflush.o)
                0x08001efc                _fflush_r
 .text._cleanup_r
                0x08001f50        0xc /usr/bin/gcc-arm-none-eabi-5_4-2016q3/bin/../lib/gcc/arm-none-eabi/5.4.1/../../../../arm-none-eabi/lib/armv7-m/libc_nano.a(lib_a-findfp.o)
                0x08001f50                _cleanup_r
 .text.std.isra.0
                0x08001f5c       0x48 /usr/bin/gcc-arm-none-eabi-5_4-2016q3/bin/../lib/gcc/arm-none-eabi/5.4.1/../../../../arm-none-eabi/lib/armv7-m/libc_nano.a(lib_a-findfp.o)
 .text.__sfmoreglue
                0x08001fa4       0x2c /usr/bin/gcc-arm-none-eabi-5_4-2016q3/bin/../lib/gcc/arm-none-eabi/5.4.1/../../../../arm-none-eabi/lib/armv7-m/libc_nano.a(lib_a-findfp.o)
                0x08001fa4                __sfmoreglue
 .text.__sinit  0x08001fd0       0x60 /usr/bin/gcc-arm-none-eabi-5_4-2016q3/bin/../lib/gcc/arm-none-eabi/5.4.1/../../../../arm-none-eabi/lib/armv7-m/libc_nano.a(lib_a-findfp.o)
                0x08001fd0                __sinit
 .text.__sfp    0x08002030       0x78 /usr/bin/gcc-arm-none-eabi-5_4-2016q3/bin/../lib/gcc/arm-none-eabi/5.4.1/../../../../arm-none-eabi/lib/armv7-m/libc_nano.a(lib_a-findfp.o)
                0x08002030                __sfp
 .text._fwalk_reent
                0x080020a8       0x3c /usr/bin/gcc-arm-none-eabi-5_4-2016q3/bin/../lib/gcc/arm-none-eabi/5.4.1/../../../../arm-none-eabi/lib/armv7-m/libc_nano.a(lib_a-fwalk.o)
                0x080020a8                _fwalk_reent
 .text.__swhatbuf_r
                0x080020e4       0x46 /usr/bin/gcc-arm-none-eabi-5_4-2016q3/bin/../lib/gcc/arm-none-eabi/5.4.1/../../../../arm-none-eabi/lib/armv7-m/libc_nano.a(lib_a-makebuf.o)
                0x080020e4                __swhatbuf_r
 *fill*         0x0800212a        0x2 
 .text.__smakebuf_r
                0x0800212c       0x78 /usr/bin/gcc-arm-none-eabi-5_4-2016q3/bin/../lib/gcc/arm-none-eabi/5.4.1/../../../../arm-none-eabi/lib/armv7-m/libc_nano.a(lib_a-makebuf.o)
                0x0800212c                __smakebuf_r
 .text._free_r  0x080021a4       0x98 /usr/bin/gcc-arm-none-eabi-5_4-2016q3/bin/../lib/gcc/arm-none-eabi/5.4.1/../../../../arm-none-eabi/lib/armv7-m/libc_nano.a(lib_a-nano-freer.o)
                0x080021a4                _free_r
 .text._malloc_r
                0x0800223c       0xbc /usr/bin/gcc-arm-none-eabi-5_4-2016q3/bin/../lib/gcc/arm-none-eabi/5.4.1/../../../../arm-none-eabi/lib/armv7-m/libc_nano.a(lib_a-nano-mallocr.o)
                0x0800223c                _malloc_r
 .text.__sfputc_r
                0x080022f8       0x2c /usr/bin/gcc-arm-none-eabi-5_4-2016q3/bin/../lib/gcc/arm-none-eabi/5.4.1/../../../../arm-none-eabi/lib/armv7-m/libc_nano.a(lib_a-nano-vfprintf.o)
 .text.__sfputs_r
                0x08002324       0x24 /usr/bin/gcc-arm-none-eabi-5_4-2016q3/bin/../lib/gcc/arm-none-eabi/5.4.1/../../../../arm-none-eabi/lib/armv7-m/libc_nano.a(lib_a-nano-vfprintf.o)
                0x08002324                __sfputs_r
 .text._vfprintf_r
                0x08002348      0x238 /usr/bin/gcc-arm-none-eabi-5_4-2016q3/bin/../lib/gcc/arm-none-eabi/5.4.1/../../../../arm-none-eabi/lib/armv7-m/libc_nano.a(lib_a-nano-vfprintf.o)
                0x08002348                _vfiprintf_r
                0x08002348                _vfprintf_r
 .text._printf_common
                0x08002580       0xec /usr/bin/gcc-arm-none-eabi-5_4-2016q3/bin/../lib/gcc/arm-none-eabi/5.4.1/../../../../arm-none-eabi/lib/armv7-m/libc_nano.a(lib_a-nano-vfprintf_i.o)
                0x08002580                _printf_common
 .text._printf_i
                0x0800266c      0x24c /usr/bin/gcc-arm-none-eabi-5_4-2016q3/bin/../lib/gcc/arm-none-eabi/5.4.1/../../../../arm-none-eabi/lib/armv7-m/libc_nano.a(lib_a-nano-vfprintf_i.o)
                0x0800266c                _printf_i
 .text._sbrk_r  0x080028b8       0x20 /usr/bin/gcc-arm-none-eabi-5_4-2016q3/bin/../lib/gcc/arm-none-eabi/5.4.1/../../../../arm-none-eabi/lib/armv7-m/libc_nano.a(lib_a-sbrkr.o)
                0x080028b8                _sbrk_r
 .text.__sread  0x080028d8       0x22 /usr/bin/gcc-arm-none-eabi-5_4-2016q3/bin/../lib/gcc/arm-none-eabi/5.4.1/../../../../arm-none-eabi/lib/armv7-m/libc_nano.a(lib_a-stdio.o)
                0x080028d8                __sread
 .text.__swrite
                0x080028fa       0x38 /usr/bin/gcc-arm-none-eabi-5_4-2016q3/bin/../lib/gcc/arm-none-eabi/5.4.1/../../../../arm-none-eabi/lib/armv7-m/libc_nano.a(lib_a-stdio.o)
                0x080028fa                __swrite
 .text.__sseek  0x08002932       0x24 /usr/bin/gcc-arm-none-eabi-5_4-2016q3/bin/../lib/gcc/arm-none-eabi/5.4.1/../../../../arm-none-eabi/lib/armv7-m/libc_nano.a(lib_a-stdio.o)
                0x08002932                __sseek
 .text.__sclose
                0x08002956        0x8 /usr/bin/gcc-arm-none-eabi-5_4-2016q3/bin/../lib/gcc/arm-none-eabi/5.4.1/../../../../arm-none-eabi/lib/armv7-m/libc_nano.a(lib_a-stdio.o)
                0x08002956                __sclose
 *fill*         0x0800295e        0x2 
 .text._write_r
                0x08002960       0x24 /usr/bin/gcc-arm-none-eabi-5_4-2016q3/bin/../lib/gcc/arm-none-eabi/5.4.1/../../../../arm-none-eabi/lib/armv7-m/libc_nano.a(lib_a-writer.o)
                0x08002960                _write_r
 .text._close_r
                0x08002984       0x20 /usr/bin/gcc-arm-none-eabi-5_4-2016q3/bin/../lib/gcc/arm-none-eabi/5.4.1/../../../../arm-none-eabi/lib/armv7-m/libc_nano.a(lib_a-closer.o)
                0x08002984                _close_r
 .text._fstat_r
                0x080029a4       0x24 /usr/bin/gcc-arm-none-eabi-5_4-2016q3/bin/../lib/gcc/arm-none-eabi/5.4.1/../../../../arm-none-eabi/lib/armv7-m/libc_nano.a(lib_a-fstatr.o)
                0x080029a4                _fstat_r
 .text._isatty_r
                0x080029c8       0x20 /usr/bin/gcc-arm-none-eabi-5_4-2016q3/bin/../lib/gcc/arm-none-eabi/5.4.1/../../../../arm-none-eabi/lib/armv7-m/libc_nano.a(lib_a-isattyr.o)
                0x080029c8                _isatty_r
 .text._lseek_r
                0x080029e8       0x24 /usr/bin/gcc-arm-none-eabi-5_4-2016q3/bin/../lib/gcc/arm-none-eabi/5.4.1/../../../../arm-none-eabi/lib/armv7-m/libc_nano.a(lib_a-lseekr.o)
                0x080029e8                _lseek_r
 .text.memchr   0x08002a0c       0x1c /usr/bin/gcc-arm-none-eabi-5_4-2016q3/bin/../lib/gcc/arm-none-eabi/5.4.1/../../../../arm-none-eabi/lib/armv7-m/libc_nano.a(lib_a-memchr-stub.o)
                0x08002a0c                memchr
 .text.__malloc_lock
                0x08002a28        0x2 /usr/bin/gcc-arm-none-eabi-5_4-2016q3/bin/../lib/gcc/arm-none-eabi/5.4.1/../../../../arm-none-eabi/lib/armv7-m/libc_nano.a(lib_a-mlock.o)
                0x08002a28                __malloc_lock
 .text.__malloc_unlock
                0x08002a2a        0x2 /usr/bin/gcc-arm-none-eabi-5_4-2016q3/bin/../lib/gcc/arm-none-eabi/5.4.1/../../../../arm-none-eabi/lib/armv7-m/libc_nano.a(lib_a-mlock.o)
                0x08002a2a                __malloc_unlock
 .text._read_r  0x08002a2c       0x24 /usr/bin/gcc-arm-none-eabi-5_4-2016q3/bin/../lib/gcc/arm-none-eabi/5.4.1/../../../../arm-none-eabi/lib/armv7-m/libc_nano.a(lib_a-readr.o)
                0x08002a2c                _read_r
 .text._close   0x08002a50       0x10 /usr/bin/gcc-arm-none-eabi-5_4-2016q3/bin/../lib/gcc/arm-none-eabi/5.4.1/../../../../arm-none-eabi/lib/armv7-m/libnosys.a(close.o)
                0x08002a50                _close
 .text._fstat   0x08002a60       0x10 /usr/bin/gcc-arm-none-eabi-5_4-2016q3/bin/../lib/gcc/arm-none-eabi/5.4.1/../../../../arm-none-eabi/lib/armv7-m/libnosys.a(fstat.o)
                0x08002a60                _fstat
 .text._isatty  0x08002a70       0x10 /usr/bin/gcc-arm-none-eabi-5_4-2016q3/bin/../lib/gcc/arm-none-eabi/5.4.1/../../../../arm-none-eabi/lib/armv7-m/libnosys.a(isatty.o)
                0x08002a70                _isatty
 .text._lseek   0x08002a80       0x10 /usr/bin/gcc-arm-none-eabi-5_4-2016q3/bin/../lib/gcc/arm-none-eabi/5.4.1/../../../../arm-none-eabi/lib/armv7-m/libnosys.a(lseek.o)
                0x08002a80                _lseek
 .text._read    0x08002a90       0x10 /usr/bin/gcc-arm-none-eabi-5_4-2016q3/bin/../lib/gcc/arm-none-eabi/5.4.1/../../../../arm-none-eabi/lib/armv7-m/libnosys.a(read.o)
                0x08002a90                _read
 .text._sbrk    0x08002aa0       0x1c /usr/bin/gcc-arm-none-eabi-5_4-2016q3/bin/../lib/gcc/arm-none-eabi/5.4.1/../../../../arm-none-eabi/lib/armv7-m/libnosys.a(sbrk.o)
                0x08002aa0                _sbrk
 *(.glue_7)
 .glue_7        0x08002abc        0x0 linker stubs
 *(.glue_7t)
 .glue_7t       0x08002abc        0x0 linker stubs
 *(.eh_frame)
 .eh_frame      0x08002abc        0x0 /usr/bin/gcc-arm-none-eabi-5_4-2016q3/bin/../lib/gcc/arm-none-eabi/5.4.1/armv7-m/crtbegin.o
 *(.init)
 .init          0x08002abc        0x4 /usr/bin/gcc-arm-none-eabi-5_4-2016q3/bin/../lib/gcc/arm-none-eabi/5.4.1/armv7-m/crti.o
                0x08002abc                _init
 .init          0x08002ac0        0x8 /usr/bin/gcc-arm-none-eabi-5_4-2016q3/bin/../lib/gcc/arm-none-eabi/5.4.1/armv7-m/crtn.o
 *(.fini)
 .fini          0x08002ac8        0x4 /usr/bin/gcc-arm-none-eabi-5_4-2016q3/bin/../lib/gcc/arm-none-eabi/5.4.1/armv7-m/crti.o
                0x08002ac8                _fini
 .fini          0x08002acc        0x8 /usr/bin/gcc-arm-none-eabi-5_4-2016q3/bin/../lib/gcc/arm-none-eabi/5.4.1/armv7-m/crtn.o
                0x08002ad4                . = ALIGN (0x4)
                0x08002ad4                _etext = .

.vfp11_veneer   0x08002ad4        0x0
 .vfp11_veneer  0x08002ad4        0x0 linker stubs

.v4_bx          0x08002ad4        0x0
 .v4_bx         0x08002ad4        0x0 linker stubs

.iplt           0x08002ad4        0x0
 .iplt          0x08002ad4        0x0 /usr/bin/gcc-arm-none-eabi-5_4-2016q3/bin/../lib/gcc/arm-none-eabi/5.4.1/armv7-m/crtbegin.o

.rodata         0x08002ad4      0x160
                0x08002ad4                . = ALIGN (0x4)
 *(.rodata)
 *(.rodata*)
 .rodata.str1.4
                0x08002ad4       0xa4 build/main.o
                                 0xa1 (size before relaxing)
 .rodata.AHBPrescTable
                0x08002b78       0x10 build/system_stm32l1xx.o
                0x08002b78                AHBPrescTable
 .rodata.APBPrescTable
                0x08002b88        0x8 build/system_stm32l1xx.o
                0x08002b88                APBPrescTable
 .rodata.PLLMulTable
                0x08002b90        0x9 build/system_stm32l1xx.o
                0x08002b90                PLLMulTable
 *fill*         0x08002b99        0x3 
 .rodata._global_impure_ptr
                0x08002b9c        0x4 /usr/bin/gcc-arm-none-eabi-5_4-2016q3/bin/../lib/gcc/arm-none-eabi/5.4.1/../../../../arm-none-eabi/lib/armv7-m/libc_nano.a(lib_a-impure.o)
                0x08002b9c                _global_impure_ptr
 .rodata.__sf_fake_stdin
                0x08002ba0       0x20 /usr/bin/gcc-arm-none-eabi-5_4-2016q3/bin/../lib/gcc/arm-none-eabi/5.4.1/../../../../arm-none-eabi/lib/armv7-m/libc_nano.a(lib_a-findfp.o)
                0x08002ba0                __sf_fake_stdin
 .rodata.__sf_fake_stdout
                0x08002bc0       0x20 /usr/bin/gcc-arm-none-eabi-5_4-2016q3/bin/../lib/gcc/arm-none-eabi/5.4.1/../../../../arm-none-eabi/lib/armv7-m/libc_nano.a(lib_a-findfp.o)
                0x08002bc0                __sf_fake_stdout
 .rodata.__sf_fake_stderr
                0x08002be0       0x20 /usr/bin/gcc-arm-none-eabi-5_4-2016q3/bin/../lib/gcc/arm-none-eabi/5.4.1/../../../../arm-none-eabi/lib/armv7-m/libc_nano.a(lib_a-findfp.o)
                0x08002be0                __sf_fake_stderr
 .rodata.str1.1
                0x08002c00       0x11 /usr/bin/gcc-arm-none-eabi-5_4-2016q3/bin/../lib/gcc/arm-none-eabi/5.4.1/../../../../arm-none-eabi/lib/armv7-m/libc_nano.a(lib_a-nano-vfprintf.o)
 .rodata.str1.1
                0x08002c11       0x22 /usr/bin/gcc-arm-none-eabi-5_4-2016q3/bin/../lib/gcc/arm-none-eabi/5.4.1/../../../../arm-none-eabi/lib/armv7-m/libc_nano.a(lib_a-nano-vfprintf_i.o)
                0x08002c34                . = ALIGN (0x4)
 *fill*         0x08002c33        0x1 

.rel.dyn        0x08002c34        0x0
 .rel.iplt      0x08002c34        0x0 /usr/bin/gcc-arm-none-eabi-5_4-2016q3/bin/../lib/gcc/arm-none-eabi/5.4.1/armv7-m/crtbegin.o

.ARM.extab
 *(.ARM.extab* .gnu.linkonce.armextab.*)

.ARM            0x08002c34        0x0
                0x08002c34                __exidx_start = .
 *(.ARM.exidx*)
                0x08002c34                __exidx_end = .

.preinit_array  0x08002c34        0x0
                0x08002c34                PROVIDE (__preinit_array_start, .)
 *(.preinit_array*)
                0x08002c34                PROVIDE (__preinit_array_end, .)

.init_array     0x08002c34        0x4
                0x08002c34                PROVIDE (__init_array_start, .)
 *(SORT(.init_array.*))
 *(.init_array*)
 .init_array    0x08002c34        0x4 /usr/bin/gcc-arm-none-eabi-5_4-2016q3/bin/../lib/gcc/arm-none-eabi/5.4.1/armv7-m/crtbegin.o
                0x08002c38                PROVIDE (__init_array_end, .)

.fini_array     0x08002c38        0x4
                [!provide]                PROVIDE (__fini_array_start, .)
 *(SORT(.fini_array.*))
 *(.fini_array*)
 .fini_array    0x08002c38        0x4 /usr/bin/gcc-arm-none-eabi-5_4-2016q3/bin/../lib/gcc/arm-none-eabi/5.4.1/armv7-m/crtbegin.o
                [!provide]                PROVIDE (__fini_array_end, .)
                0x08002c3c                _sidata = LOADADDR (.data)

.data           0x20000000       0x70 load address 0x08002c3c
                0x20000000                . = ALIGN (0x4)
                0x20000000                _sdata = .
 *(.data)
 *(.data*)
 .data.uwTickPrio
                0x20000000        0x4 build/stm32l1xx_hal.o
                0x20000000                uwTickPrio
 .data.uwTickFreq
                0x20000004        0x4 build/stm32l1xx_hal.o
                0x20000004                uwTickFreq
 .data.SystemCoreClock
                0x20000008        0x4 build/system_stm32l1xx.o
                0x20000008                SystemCoreClock
 .data.impure_data
                0x2000000c       0x60 /usr/bin/gcc-arm-none-eabi-5_4-2016q3/bin/../lib/gcc/arm-none-eabi/5.4.1/../../../../arm-none-eabi/lib/armv7-m/libc_nano.a(lib_a-impure.o)
 .data._impure_ptr
                0x2000006c        0x4 /usr/bin/gcc-arm-none-eabi-5_4-2016q3/bin/../lib/gcc/arm-none-eabi/5.4.1/../../../../arm-none-eabi/lib/armv7-m/libc_nano.a(lib_a-impure.o)
                0x2000006c                _impure_ptr
                0x20000070                . = ALIGN (0x4)
                0x20000070                _edata = .

.jcr            0x20000070        0x0 load address 0x08002cac
 .jcr           0x20000070        0x0 /usr/bin/gcc-arm-none-eabi-5_4-2016q3/bin/../lib/gcc/arm-none-eabi/5.4.1/armv7-m/crtbegin.o

.igot.plt       0x20000070        0x0 load address 0x08002cac
 .igot.plt      0x20000070        0x0 /usr/bin/gcc-arm-none-eabi-5_4-2016q3/bin/../lib/gcc/arm-none-eabi/5.4.1/armv7-m/crtbegin.o
                0x20000070                . = ALIGN (0x4)

.bss            0x20000070      0x10c load address 0x08002cac
                0x20000070                _sbss = .
                0x20000070                __bss_start__ = _sbss
 *(.bss)
 .bss           0x20000070       0x1c /usr/bin/gcc-arm-none-eabi-5_4-2016q3/bin/../lib/gcc/arm-none-eabi/5.4.1/armv7-m/crtbegin.o
 *(.bss*)
 .bss.RegVersion
                0x2000008c        0x1 build/main.o
                0x2000008c                RegVersion
 *fill*         0x2000008d        0x3 
 .bss.__malloc_sbrk_start
                0x20000090        0x4 /usr/bin/gcc-arm-none-eabi-5_4-2016q3/bin/../lib/gcc/arm-none-eabi/5.4.1/../../../../arm-none-eabi/lib/armv7-m/libc_nano.a(lib_a-nano-mallocr.o)
                0x20000090                __malloc_sbrk_start
 .bss.__malloc_free_list
                0x20000094        0x4 /usr/bin/gcc-arm-none-eabi-5_4-2016q3/bin/../lib/gcc/arm-none-eabi/5.4.1/../../../../arm-none-eabi/lib/armv7-m/libc_nano.a(lib_a-nano-mallocr.o)
                0x20000094                __malloc_free_list
 .bss.heap_end.4167
                0x20000098        0x4 /usr/bin/gcc-arm-none-eabi-5_4-2016q3/bin/../lib/gcc/arm-none-eabi/5.4.1/../../../../arm-none-eabi/lib/armv7-m/libnosys.a(sbrk.o)
 *(COMMON)
 COMMON         0x2000009c        0x4 build/stm32l1xx_hal.o
                0x2000009c                uwTick
 COMMON         0x200000a0       0x58 build/spi.o
                0x200000a0                hspi1
 COMMON         0x200000f8       0x80 build/usart.o
                0x200000f8                huart1
                0x20000138                huart2
 COMMON         0x20000178        0x4 /usr/bin/gcc-arm-none-eabi-5_4-2016q3/bin/../lib/gcc/arm-none-eabi/5.4.1/../../../../arm-none-eabi/lib/armv7-m/libc_nano.a(lib_a-reent.o)
                0x20000178                errno
                0x2000017c                . = ALIGN (0x4)
                0x2000017c                _ebss = .
                0x2000017c                __bss_end__ = _ebss

._user_heap_stack
                0x2000017c      0x604 load address 0x08002cac
                0x20000180                . = ALIGN (0x8)
 *fill*         0x2000017c        0x4 
                0x20000180                PROVIDE (end, .)
                [!provide]                PROVIDE (_end, .)
                0x20000380                . = (. + _Min_Heap_Size)
 *fill*         0x20000180      0x200 
                0x20000780                . = (. + _Min_Stack_Size)
 *fill*         0x20000380      0x400 
                0x20000780                . = ALIGN (0x8)

/DISCARD/
 libc.a(*)
 libm.a(*)
 libgcc.a(*)

.ARM.attributes
                0x00000000       0x29
 *(.ARM.attributes)
 .ARM.attributes
                0x00000000       0x1d /usr/bin/gcc-arm-none-eabi-5_4-2016q3/bin/../lib/gcc/arm-none-eabi/5.4.1/armv7-m/crti.o
 .ARM.attributes
                0x0000001d       0x2d /usr/bin/gcc-arm-none-eabi-5_4-2016q3/bin/../lib/gcc/arm-none-eabi/5.4.1/armv7-m/crtbegin.o
 .ARM.attributes
                0x0000004a       0x33 build/main.o
 .ARM.attributes
                0x0000007d       0x33 build/stm32l1xx_it.o
 .ARM.attributes
                0x000000b0       0x33 build/stm32l1xx_hal_msp.o
 .ARM.attributes
                0x000000e3       0x33 build/stm32l1xx_hal_spi.o
 .ARM.attributes
                0x00000116       0x33 build/stm32l1xx_hal_uart.o
 .ARM.attributes
                0x00000149       0x33 build/stm32l1xx_hal.o
 .ARM.attributes
                0x0000017c       0x33 build/stm32l1xx_hal_rcc.o
 .ARM.attributes
                0x000001af       0x33 build/stm32l1xx_hal_gpio.o
 .ARM.attributes
                0x000001e2       0x33 build/stm32l1xx_hal_dma.o
 .ARM.attributes
                0x00000215       0x33 build/stm32l1xx_hal_cortex.o
 .ARM.attributes
                0x00000248       0x33 build/system_stm32l1xx.o
 .ARM.attributes
                0x0000027b       0x33 build/gpio.o
 .ARM.attributes
                0x000002ae       0x33 build/spi.o
 .ARM.attributes
                0x000002e1       0x33 build/usart.o
 .ARM.attributes
                0x00000314       0x33 build/sx1276-Hal.o
 .ARM.attributes
                0x00000347       0x21 build/startup_stm32l151xba.o
 .ARM.attributes
                0x00000368       0x2d /usr/bin/gcc-arm-none-eabi-5_4-2016q3/bin/../lib/gcc/arm-none-eabi/5.4.1/../../../../arm-none-eabi/lib/armv7-m/libc_nano.a(lib_a-impure.o)
 .ARM.attributes
                0x00000395       0x2d /usr/bin/gcc-arm-none-eabi-5_4-2016q3/bin/../lib/gcc/arm-none-eabi/5.4.1/../../../../arm-none-eabi/lib/armv7-m/libc_nano.a(lib_a-init.o)
 .ARM.attributes
                0x000003c2       0x2d /usr/bin/gcc-arm-none-eabi-5_4-2016q3/bin/../lib/gcc/arm-none-eabi/5.4.1/../../../../arm-none-eabi/lib/armv7-m/libc_nano.a(lib_a-memset.o)
 .ARM.attributes
                0x000003ef       0x2d /usr/bin/gcc-arm-none-eabi-5_4-2016q3/bin/../lib/gcc/arm-none-eabi/5.4.1/../../../../arm-none-eabi/lib/armv7-m/libc_nano.a(lib_a-printf.o)
 .ARM.attributes
                0x0000041c       0x2d /usr/bin/gcc-arm-none-eabi-5_4-2016q3/bin/../lib/gcc/arm-none-eabi/5.4.1/../../../../arm-none-eabi/lib/armv7-m/libc_nano.a(lib_a-puts.o)
 .ARM.attributes
                0x00000449       0x2d /usr/bin/gcc-arm-none-eabi-5_4-2016q3/bin/../lib/gcc/arm-none-eabi/5.4.1/../../../../arm-none-eabi/lib/armv7-m/libc_nano.a(lib_a-wbuf.o)
 .ARM.attributes
                0x00000476       0x2d /usr/bin/gcc-arm-none-eabi-5_4-2016q3/bin/../lib/gcc/arm-none-eabi/5.4.1/../../../../arm-none-eabi/lib/armv7-m/libc_nano.a(lib_a-wsetup.o)
 .ARM.attributes
                0x000004a3       0x2d /usr/bin/gcc-arm-none-eabi-5_4-2016q3/bin/../lib/gcc/arm-none-eabi/5.4.1/../../../../arm-none-eabi/lib/armv7-m/libc_nano.a(lib_a-fflush.o)
 .ARM.attributes
                0x000004d0       0x2d /usr/bin/gcc-arm-none-eabi-5_4-2016q3/bin/../lib/gcc/arm-none-eabi/5.4.1/../../../../arm-none-eabi/lib/armv7-m/libc_nano.a(lib_a-findfp.o)
 .ARM.attributes
                0x000004fd       0x2d /usr/bin/gcc-arm-none-eabi-5_4-2016q3/bin/../lib/gcc/arm-none-eabi/5.4.1/../../../../arm-none-eabi/lib/armv7-m/libc_nano.a(lib_a-fwalk.o)
 .ARM.attributes
                0x0000052a       0x2d /usr/bin/gcc-arm-none-eabi-5_4-2016q3/bin/../lib/gcc/arm-none-eabi/5.4.1/../../../../arm-none-eabi/lib/armv7-m/libc_nano.a(lib_a-makebuf.o)
 .ARM.attributes
                0x00000557       0x2d /usr/bin/gcc-arm-none-eabi-5_4-2016q3/bin/../lib/gcc/arm-none-eabi/5.4.1/../../../../arm-none-eabi/lib/armv7-m/libc_nano.a(lib_a-nano-freer.o)
 .ARM.attributes
                0x00000584       0x2d /usr/bin/gcc-arm-none-eabi-5_4-2016q3/bin/../lib/gcc/arm-none-eabi/5.4.1/../../../../arm-none-eabi/lib/armv7-m/libc_nano.a(lib_a-nano-mallocr.o)
 .ARM.attributes
                0x000005b1       0x2d /usr/bin/gcc-arm-none-eabi-5_4-2016q3/bin/../lib/gcc/arm-none-eabi/5.4.1/../../../../arm-none-eabi/lib/armv7-m/libc_nano.a(lib_a-nano-vfprintf.o)
 .ARM.attributes
                0x000005de       0x2d /usr/bin/gcc-arm-none-eabi-5_4-2016q3/bin/../lib/gcc/arm-none-eabi/5.4.1/../../../../arm-none-eabi/lib/armv7-m/libc_nano.a(lib_a-nano-vfprintf_i.o)
 .ARM.attributes
                0x0000060b       0x2d /usr/bin/gcc-arm-none-eabi-5_4-2016q3/bin/../lib/gcc/arm-none-eabi/5.4.1/../../../../arm-none-eabi/lib/armv7-m/libc_nano.a(lib_a-sbrkr.o)
 .ARM.attributes
                0x00000638       0x2d /usr/bin/gcc-arm-none-eabi-5_4-2016q3/bin/../lib/gcc/arm-none-eabi/5.4.1/../../../../arm-none-eabi/lib/armv7-m/libc_nano.a(lib_a-stdio.o)
 .ARM.attributes
                0x00000665       0x2d /usr/bin/gcc-arm-none-eabi-5_4-2016q3/bin/../lib/gcc/arm-none-eabi/5.4.1/../../../../arm-none-eabi/lib/armv7-m/libc_nano.a(lib_a-writer.o)
 .ARM.attributes
                0x00000692       0x2d /usr/bin/gcc-arm-none-eabi-5_4-2016q3/bin/../lib/gcc/arm-none-eabi/5.4.1/../../../../arm-none-eabi/lib/armv7-m/libc_nano.a(lib_a-closer.o)
 .ARM.attributes
                0x000006bf       0x2d /usr/bin/gcc-arm-none-eabi-5_4-2016q3/bin/../lib/gcc/arm-none-eabi/5.4.1/../../../../arm-none-eabi/lib/armv7-m/libc_nano.a(lib_a-fstatr.o)
 .ARM.attributes
                0x000006ec       0x2d /usr/bin/gcc-arm-none-eabi-5_4-2016q3/bin/../lib/gcc/arm-none-eabi/5.4.1/../../../../arm-none-eabi/lib/armv7-m/libc_nano.a(lib_a-isattyr.o)
 .ARM.attributes
                0x00000719       0x2d /usr/bin/gcc-arm-none-eabi-5_4-2016q3/bin/../lib/gcc/arm-none-eabi/5.4.1/../../../../arm-none-eabi/lib/armv7-m/libc_nano.a(lib_a-lseekr.o)
 .ARM.attributes
                0x00000746       0x2d /usr/bin/gcc-arm-none-eabi-5_4-2016q3/bin/../lib/gcc/arm-none-eabi/5.4.1/../../../../arm-none-eabi/lib/armv7-m/libc_nano.a(lib_a-memchr-stub.o)
 .ARM.attributes
                0x00000773       0x2d /usr/bin/gcc-arm-none-eabi-5_4-2016q3/bin/../lib/gcc/arm-none-eabi/5.4.1/../../../../arm-none-eabi/lib/armv7-m/libc_nano.a(lib_a-mlock.o)
 .ARM.attributes
                0x000007a0       0x2d /usr/bin/gcc-arm-none-eabi-5_4-2016q3/bin/../lib/gcc/arm-none-eabi/5.4.1/../../../../arm-none-eabi/lib/armv7-m/libc_nano.a(lib_a-readr.o)
 .ARM.attributes
                0x000007cd       0x2d /usr/bin/gcc-arm-none-eabi-5_4-2016q3/bin/../lib/gcc/arm-none-eabi/5.4.1/../../../../arm-none-eabi/lib/armv7-m/libc_nano.a(lib_a-reent.o)
 .ARM.attributes
                0x000007fa       0x2d /usr/bin/gcc-arm-none-eabi-5_4-2016q3/bin/../lib/gcc/arm-none-eabi/5.4.1/../../../../arm-none-eabi/lib/armv7-m/libnosys.a(close.o)
 .ARM.attributes
                0x00000827       0x2d /usr/bin/gcc-arm-none-eabi-5_4-2016q3/bin/../lib/gcc/arm-none-eabi/5.4.1/../../../../arm-none-eabi/lib/armv7-m/libnosys.a(fstat.o)
 .ARM.attributes
                0x00000854       0x2d /usr/bin/gcc-arm-none-eabi-5_4-2016q3/bin/../lib/gcc/arm-none-eabi/5.4.1/../../../../arm-none-eabi/lib/armv7-m/libnosys.a(isatty.o)
 .ARM.attributes
                0x00000881       0x2d /usr/bin/gcc-arm-none-eabi-5_4-2016q3/bin/../lib/gcc/arm-none-eabi/5.4.1/../../../../arm-none-eabi/lib/armv7-m/libnosys.a(lseek.o)
 .ARM.attributes
                0x000008ae       0x2d /usr/bin/gcc-arm-none-eabi-5_4-2016q3/bin/../lib/gcc/arm-none-eabi/5.4.1/../../../../arm-none-eabi/lib/armv7-m/libnosys.a(read.o)
 .ARM.attributes
                0x000008db       0x2d /usr/bin/gcc-arm-none-eabi-5_4-2016q3/bin/../lib/gcc/arm-none-eabi/5.4.1/../../../../arm-none-eabi/lib/armv7-m/libnosys.a(sbrk.o)
 .ARM.attributes
                0x00000908       0x1d /usr/bin/gcc-arm-none-eabi-5_4-2016q3/bin/../lib/gcc/arm-none-eabi/5.4.1/armv7-m/crtn.o
OUTPUT(build/Lora_M0.elf elf32-littlearm)

.debug_info     0x00000000     0x9a58
 .debug_info    0x00000000      0x792 build/main.o
 .debug_info    0x00000792      0x670 build/stm32l1xx_it.o
 .debug_info    0x00000e02      0x214 build/stm32l1xx_hal_msp.o
 .debug_info    0x00001016     0x1c38 build/stm32l1xx_hal_spi.o
 .debug_info    0x00002c4e     0x177e build/stm32l1xx_hal_uart.o
 .debug_info    0x000043cc      0x79a build/stm32l1xx_hal.o
 .debug_info    0x00004b66      0xbb1 build/stm32l1xx_hal_rcc.o
 .debug_info    0x00005717      0x663 build/stm32l1xx_hal_gpio.o
 .debug_info    0x00005d7a      0x81a build/stm32l1xx_hal_dma.o
 .debug_info    0x00006594      0xf11 build/stm32l1xx_hal_cortex.o
 .debug_info    0x000074a5      0x494 build/system_stm32l1xx.o
 .debug_info    0x00007939      0x424 build/gpio.o
 .debug_info    0x00007d5d      0xa05 build/spi.o
 .debug_info    0x00008762      0xb3b build/usart.o
 .debug_info    0x0000929d      0x730 build/sx1276-Hal.o
 .debug_info    0x000099cd       0x8b build/startup_stm32l151xba.o

.debug_abbrev   0x00000000     0x1ce2
 .debug_abbrev  0x00000000      0x211 build/main.o
 .debug_abbrev  0x00000211      0x176 build/stm32l1xx_it.o
 .debug_abbrev  0x00000387       0xc6 build/stm32l1xx_hal_msp.o
 .debug_abbrev  0x0000044d      0x26b build/stm32l1xx_hal_spi.o
 .debug_abbrev  0x000006b8      0x290 build/stm32l1xx_hal_uart.o
 .debug_abbrev  0x00000948      0x217 build/stm32l1xx_hal.o
 .debug_abbrev  0x00000b5f      0x287 build/stm32l1xx_hal_rcc.o
 .debug_abbrev  0x00000de6      0x211 build/stm32l1xx_hal_gpio.o
 .debug_abbrev  0x00000ff7      0x207 build/stm32l1xx_hal_dma.o
 .debug_abbrev  0x000011fe      0x313 build/stm32l1xx_hal_cortex.o
 .debug_abbrev  0x00001511      0x103 build/system_stm32l1xx.o
 .debug_abbrev  0x00001614      0x148 build/gpio.o
 .debug_abbrev  0x0000175c      0x1d0 build/spi.o
 .debug_abbrev  0x0000192c      0x1bd build/usart.o
 .debug_abbrev  0x00001ae9      0x1e7 build/sx1276-Hal.o
 .debug_abbrev  0x00001cd0       0x12 build/startup_stm32l151xba.o

.debug_loc      0x00000000     0x5b3b
 .debug_loc     0x00000000       0xc5 build/main.o
 .debug_loc     0x000000c5       0x40 build/stm32l1xx_it.o
 .debug_loc     0x00000105       0x2c build/stm32l1xx_hal_msp.o
 .debug_loc     0x00000131     0x1f2a build/stm32l1xx_hal_spi.o
 .debug_loc     0x0000205b     0x180a build/stm32l1xx_hal_uart.o
 .debug_loc     0x00003865      0x258 build/stm32l1xx_hal.o
 .debug_loc     0x00003abd      0x781 build/stm32l1xx_hal_rcc.o
 .debug_loc     0x0000423e      0x3be build/stm32l1xx_hal_gpio.o
 .debug_loc     0x000045fc      0x7bd build/stm32l1xx_hal_dma.o
 .debug_loc     0x00004db9      0x5c0 build/stm32l1xx_hal_cortex.o
 .debug_loc     0x00005379      0x16b build/system_stm32l1xx.o
 .debug_loc     0x000054e4       0x38 build/gpio.o
 .debug_loc     0x0000551c      0x129 build/spi.o
 .debug_loc     0x00005645      0x10c build/usart.o
 .debug_loc     0x00005751      0x3ea build/sx1276-Hal.o

.debug_aranges  0x00000000      0x8c0
 .debug_aranges
                0x00000000       0x38 build/main.o
 .debug_aranges
                0x00000038       0x68 build/stm32l1xx_it.o
 .debug_aranges
                0x000000a0       0x20 build/stm32l1xx_hal_msp.o
 .debug_aranges
                0x000000c0      0x1d0 build/stm32l1xx_hal_spi.o
 .debug_aranges
                0x00000290      0x1d0 build/stm32l1xx_hal_uart.o
 .debug_aranges
                0x00000460       0xe0 build/stm32l1xx_hal.o
 .debug_aranges
                0x00000540       0x90 build/stm32l1xx_hal_rcc.o
 .debug_aranges
                0x000005d0       0x58 build/stm32l1xx_hal_gpio.o
 .debug_aranges
                0x00000628       0x80 build/stm32l1xx_hal_dma.o
 .debug_aranges
                0x000006a8       0xa8 build/stm32l1xx_hal_cortex.o
 .debug_aranges
                0x00000750       0x28 build/system_stm32l1xx.o
 .debug_aranges
                0x00000778       0x20 build/gpio.o
 .debug_aranges
                0x00000798       0x38 build/spi.o
 .debug_aranges
                0x000007d0       0x38 build/usart.o
 .debug_aranges
                0x00000808       0x90 build/sx1276-Hal.o
 .debug_aranges
                0x00000898       0x28 build/startup_stm32l151xba.o

.debug_ranges   0x00000000      0x7e0
 .debug_ranges  0x00000000       0x28 build/main.o
 .debug_ranges  0x00000028       0x58 build/stm32l1xx_it.o
 .debug_ranges  0x00000080       0x10 build/stm32l1xx_hal_msp.o
 .debug_ranges  0x00000090      0x1c0 build/stm32l1xx_hal_spi.o
 .debug_ranges  0x00000250      0x1c0 build/stm32l1xx_hal_uart.o
 .debug_ranges  0x00000410       0xd0 build/stm32l1xx_hal.o
 .debug_ranges  0x000004e0       0x98 build/stm32l1xx_hal_rcc.o
 .debug_ranges  0x00000578       0x48 build/stm32l1xx_hal_gpio.o
 .debug_ranges  0x000005c0       0x70 build/stm32l1xx_hal_dma.o
 .debug_ranges  0x00000630       0x98 build/stm32l1xx_hal_cortex.o
 .debug_ranges  0x000006c8       0x18 build/system_stm32l1xx.o
 .debug_ranges  0x000006e0       0x10 build/gpio.o
 .debug_ranges  0x000006f0       0x28 build/spi.o
 .debug_ranges  0x00000718       0x28 build/usart.o
 .debug_ranges  0x00000740       0x80 build/sx1276-Hal.o
 .debug_ranges  0x000007c0       0x20 build/startup_stm32l151xba.o

.debug_line     0x00000000     0x3b5c
 .debug_line    0x00000000      0x2e2 build/main.o
 .debug_line    0x000002e2      0x255 build/stm32l1xx_it.o
 .debug_line    0x00000537      0x151 build/stm32l1xx_hal_msp.o
 .debug_line    0x00000688      0xbb2 build/stm32l1xx_hal_spi.o
 .debug_line    0x0000123a      0xaa6 build/stm32l1xx_hal_uart.o
 .debug_line    0x00001ce0      0x3a2 build/stm32l1xx_hal.o
 .debug_line    0x00002082      0x56c build/stm32l1xx_hal_rcc.o
 .debug_line    0x000025ee      0x302 build/stm32l1xx_hal_gpio.o
 .debug_line    0x000028f0      0x3ea build/stm32l1xx_hal_dma.o
 .debug_line    0x00002cda      0x3c6 build/stm32l1xx_hal_cortex.o
 .debug_line    0x000030a0      0x17a build/system_stm32l1xx.o
 .debug_line    0x0000321a      0x191 build/gpio.o
 .debug_line    0x000033ab      0x230 build/spi.o
 .debug_line    0x000035db      0x247 build/usart.o
 .debug_line    0x00003822      0x2c7 build/sx1276-Hal.o
 .debug_line    0x00003ae9       0x73 build/startup_stm32l151xba.o

.debug_str      0x00000000     0x2861
 .debug_str     0x00000000      0x46a build/main.o
                                0x4ca (size before relaxing)
 .debug_str     0x0000046a      0x406 build/stm32l1xx_it.o
                                0x63b (size before relaxing)
 .debug_str     0x00000870       0x90 build/stm32l1xx_hal_msp.o
                                0x242 (size before relaxing)
 .debug_str     0x00000900      0x714 build/stm32l1xx_hal_spi.o
                                0xb6e (size before relaxing)
 .debug_str     0x00001014      0x55b build/stm32l1xx_hal_uart.o
                                0xbbb (size before relaxing)
 .debug_str     0x0000156f      0x524 build/stm32l1xx_hal.o
                                0x7d6 (size before relaxing)
 .debug_str     0x00001a93      0x253 build/stm32l1xx_hal_rcc.o
                                0x6f4 (size before relaxing)
 .debug_str     0x00001ce6      0x124 build/stm32l1xx_hal_gpio.o
                                0x440 (size before relaxing)
 .debug_str     0x00001e0a      0x213 build/stm32l1xx_hal_dma.o
                                0x644 (size before relaxing)
 .debug_str     0x0000201d      0x4d7 build/stm32l1xx_hal_cortex.o
                                0xa0c (size before relaxing)
 .debug_str     0x000024f4       0x59 build/system_stm32l1xx.o
                                0x318 (size before relaxing)
 .debug_str     0x0000254d       0x1b build/gpio.o
                                0x2f3 (size before relaxing)
 .debug_str     0x00002568       0x33 build/spi.o
                                0x738 (size before relaxing)
 .debug_str     0x0000259b       0x1e build/usart.o
                                0x9fd (size before relaxing)
 .debug_str     0x000025b9      0x2a8 build/sx1276-Hal.o
                                0x51f (size before relaxing)

.comment        0x00000000       0x6e
 .comment       0x00000000       0x6e build/main.o
                                 0x6f (size before relaxing)
 .comment       0x0000006e       0x6f build/stm32l1xx_it.o
 .comment       0x0000006e       0x6f build/stm32l1xx_hal_msp.o
 .comment       0x0000006e       0x6f build/stm32l1xx_hal_spi.o
 .comment       0x0000006e       0x6f build/stm32l1xx_hal_uart.o
 .comment       0x0000006e       0x6f build/stm32l1xx_hal.o
 .comment       0x0000006e       0x6f build/stm32l1xx_hal_rcc.o
 .comment       0x0000006e       0x6f build/stm32l1xx_hal_gpio.o
 .comment       0x0000006e       0x6f build/stm32l1xx_hal_dma.o
 .comment       0x0000006e       0x6f build/stm32l1xx_hal_cortex.o
 .comment       0x0000006e       0x6f build/system_stm32l1xx.o
 .comment       0x0000006e       0x6f build/gpio.o
 .comment       0x0000006e       0x6f build/spi.o
 .comment       0x0000006e       0x6f build/usart.o
 .comment       0x0000006e       0x6f build/sx1276-Hal.o

.debug_frame    0x00000000     0x1f68
 .debug_frame   0x00000000       0x80 build/main.o
 .debug_frame   0x00000080       0xc8 build/stm32l1xx_it.o
 .debug_frame   0x00000148       0x28 build/stm32l1xx_hal_msp.o
 .debug_frame   0x00000170      0x5f0 build/stm32l1xx_hal_spi.o
 .debug_frame   0x00000760      0x568 build/stm32l1xx_hal_uart.o
 .debug_frame   0x00000cc8      0x200 build/stm32l1xx_hal.o
 .debug_frame   0x00000ec8      0x1b8 build/stm32l1xx_hal_rcc.o
 .debug_frame   0x00001080       0xd4 build/stm32l1xx_hal_gpio.o
 .debug_frame   0x00001154      0x180 build/stm32l1xx_hal_dma.o
 .debug_frame   0x000012d4      0x164 build/stm32l1xx_hal_cortex.o
 .debug_frame   0x00001438       0x30 build/system_stm32l1xx.o
 .debug_frame   0x00001468       0x3c build/gpio.o
 .debug_frame   0x000014a4       0x8c build/spi.o
 .debug_frame   0x00001530       0x84 build/usart.o
 .debug_frame   0x000015b4      0x180 build/sx1276-Hal.o
 .debug_frame   0x00001734       0x2c /usr/bin/gcc-arm-none-eabi-5_4-2016q3/bin/../lib/gcc/arm-none-eabi/5.4.1/../../../../arm-none-eabi/lib/armv7-m/libc_nano.a(lib_a-init.o)
 .debug_frame   0x00001760       0x20 /usr/bin/gcc-arm-none-eabi-5_4-2016q3/bin/../lib/gcc/arm-none-eabi/5.4.1/../../../../arm-none-eabi/lib/armv7-m/libc_nano.a(lib_a-memset.o)
 .debug_frame   0x00001780       0x74 /usr/bin/gcc-arm-none-eabi-5_4-2016q3/bin/../lib/gcc/arm-none-eabi/5.4.1/../../../../arm-none-eabi/lib/armv7-m/libc_nano.a(lib_a-printf.o)
 .debug_frame   0x000017f4       0x3c /usr/bin/gcc-arm-none-eabi-5_4-2016q3/bin/../lib/gcc/arm-none-eabi/5.4.1/../../../../arm-none-eabi/lib/armv7-m/libc_nano.a(lib_a-puts.o)
 .debug_frame   0x00001830       0x40 /usr/bin/gcc-arm-none-eabi-5_4-2016q3/bin/../lib/gcc/arm-none-eabi/5.4.1/../../../../arm-none-eabi/lib/armv7-m/libc_nano.a(lib_a-wbuf.o)
 .debug_frame   0x00001870       0x2c /usr/bin/gcc-arm-none-eabi-5_4-2016q3/bin/../lib/gcc/arm-none-eabi/5.4.1/../../../../arm-none-eabi/lib/armv7-m/libc_nano.a(lib_a-wsetup.o)
 .debug_frame   0x0000189c       0x68 /usr/bin/gcc-arm-none-eabi-5_4-2016q3/bin/../lib/gcc/arm-none-eabi/5.4.1/../../../../arm-none-eabi/lib/armv7-m/libc_nano.a(lib_a-fflush.o)
 .debug_frame   0x00001904      0x11c /usr/bin/gcc-arm-none-eabi-5_4-2016q3/bin/../lib/gcc/arm-none-eabi/5.4.1/../../../../arm-none-eabi/lib/armv7-m/libc_nano.a(lib_a-findfp.o)
 .debug_frame   0x00001a20       0x54 /usr/bin/gcc-arm-none-eabi-5_4-2016q3/bin/../lib/gcc/arm-none-eabi/5.4.1/../../../../arm-none-eabi/lib/armv7-m/libc_nano.a(lib_a-fwalk.o)
 .debug_frame   0x00001a74       0x54 /usr/bin/gcc-arm-none-eabi-5_4-2016q3/bin/../lib/gcc/arm-none-eabi/5.4.1/../../../../arm-none-eabi/lib/armv7-m/libc_nano.a(lib_a-makebuf.o)
 .debug_frame   0x00001ac8       0x38 /usr/bin/gcc-arm-none-eabi-5_4-2016q3/bin/../lib/gcc/arm-none-eabi/5.4.1/../../../../arm-none-eabi/lib/armv7-m/libc_nano.a(lib_a-nano-freer.o)
 .debug_frame   0x00001b00       0x2c /usr/bin/gcc-arm-none-eabi-5_4-2016q3/bin/../lib/gcc/arm-none-eabi/5.4.1/../../../../arm-none-eabi/lib/armv7-m/libc_nano.a(lib_a-nano-mallocr.o)
 .debug_frame   0x00001b2c       0xac /usr/bin/gcc-arm-none-eabi-5_4-2016q3/bin/../lib/gcc/arm-none-eabi/5.4.1/../../../../arm-none-eabi/lib/armv7-m/libc_nano.a(lib_a-nano-vfprintf.o)
 .debug_frame   0x00001bd8       0x60 /usr/bin/gcc-arm-none-eabi-5_4-2016q3/bin/../lib/gcc/arm-none-eabi/5.4.1/../../../../arm-none-eabi/lib/armv7-m/libc_nano.a(lib_a-nano-vfprintf_i.o)
 .debug_frame   0x00001c38       0x2c /usr/bin/gcc-arm-none-eabi-5_4-2016q3/bin/../lib/gcc/arm-none-eabi/5.4.1/../../../../arm-none-eabi/lib/armv7-m/libc_nano.a(lib_a-sbrkr.o)
 .debug_frame   0x00001c64       0x88 /usr/bin/gcc-arm-none-eabi-5_4-2016q3/bin/../lib/gcc/arm-none-eabi/5.4.1/../../../../arm-none-eabi/lib/armv7-m/libc_nano.a(lib_a-stdio.o)
 .debug_frame   0x00001cec       0x2c /usr/bin/gcc-arm-none-eabi-5_4-2016q3/bin/../lib/gcc/arm-none-eabi/5.4.1/../../../../arm-none-eabi/lib/armv7-m/libc_nano.a(lib_a-writer.o)
 .debug_frame   0x00001d18       0x2c /usr/bin/gcc-arm-none-eabi-5_4-2016q3/bin/../lib/gcc/arm-none-eabi/5.4.1/../../../../arm-none-eabi/lib/armv7-m/libc_nano.a(lib_a-closer.o)
 .debug_frame   0x00001d44       0x2c /usr/bin/gcc-arm-none-eabi-5_4-2016q3/bin/../lib/gcc/arm-none-eabi/5.4.1/../../../../arm-none-eabi/lib/armv7-m/libc_nano.a(lib_a-fstatr.o)
 .debug_frame   0x00001d70       0x2c /usr/bin/gcc-arm-none-eabi-5_4-2016q3/bin/../lib/gcc/arm-none-eabi/5.4.1/../../../../arm-none-eabi/lib/armv7-m/libc_nano.a(lib_a-isattyr.o)
 .debug_frame   0x00001d9c       0x2c /usr/bin/gcc-arm-none-eabi-5_4-2016q3/bin/../lib/gcc/arm-none-eabi/5.4.1/../../../../arm-none-eabi/lib/armv7-m/libc_nano.a(lib_a-lseekr.o)
 .debug_frame   0x00001dc8       0x28 /usr/bin/gcc-arm-none-eabi-5_4-2016q3/bin/../lib/gcc/arm-none-eabi/5.4.1/../../../../arm-none-eabi/lib/armv7-m/libc_nano.a(lib_a-memchr-stub.o)
 .debug_frame   0x00001df0       0x30 /usr/bin/gcc-arm-none-eabi-5_4-2016q3/bin/../lib/gcc/arm-none-eabi/5.4.1/../../../../arm-none-eabi/lib/armv7-m/libc_nano.a(lib_a-mlock.o)
 .debug_frame   0x00001e20       0x2c /usr/bin/gcc-arm-none-eabi-5_4-2016q3/bin/../lib/gcc/arm-none-eabi/5.4.1/../../../../arm-none-eabi/lib/armv7-m/libc_nano.a(lib_a-readr.o)
 .debug_frame   0x00001e4c       0x5c /usr/bin/gcc-arm-none-eabi-5_4-2016q3/bin/../lib/gcc/arm-none-eabi/5.4.1/../../../../arm-none-eabi/lib/armv7-m/libc_nano.a(lib_a-reent.o)
 .debug_frame   0x00001ea8       0x20 /usr/bin/gcc-arm-none-eabi-5_4-2016q3/bin/../lib/gcc/arm-none-eabi/5.4.1/../../../../arm-none-eabi/lib/armv7-m/libnosys.a(close.o)
 .debug_frame   0x00001ec8       0x20 /usr/bin/gcc-arm-none-eabi-5_4-2016q3/bin/../lib/gcc/arm-none-eabi/5.4.1/../../../../arm-none-eabi/lib/armv7-m/libnosys.a(fstat.o)
 .debug_frame   0x00001ee8       0x20 /usr/bin/gcc-arm-none-eabi-5_4-2016q3/bin/../lib/gcc/arm-none-eabi/5.4.1/../../../../arm-none-eabi/lib/armv7-m/libnosys.a(isatty.o)
 .debug_frame   0x00001f08       0x20 /usr/bin/gcc-arm-none-eabi-5_4-2016q3/bin/../lib/gcc/arm-none-eabi/5.4.1/../../../../arm-none-eabi/lib/armv7-m/libnosys.a(lseek.o)
 .debug_frame   0x00001f28       0x20 /usr/bin/gcc-arm-none-eabi-5_4-2016q3/bin/../lib/gcc/arm-none-eabi/5.4.1/../../../../arm-none-eabi/lib/armv7-m/libnosys.a(read.o)
 .debug_frame   0x00001f48       0x20 /usr/bin/gcc-arm-none-eabi-5_4-2016q3/bin/../lib/gcc/arm-none-eabi/5.4.1/../../../../arm-none-eabi/lib/armv7-m/libnosys.a(sbrk.o)

.stab           0x00000000       0x84
 .stab          0x00000000       0x24 /usr/bin/gcc-arm-none-eabi-5_4-2016q3/bin/../lib/gcc/arm-none-eabi/5.4.1/../../../../arm-none-eabi/lib/armv7-m/libnosys.a(close.o)
 .stab          0x00000024       0x18 /usr/bin/gcc-arm-none-eabi-5_4-2016q3/bin/../lib/gcc/arm-none-eabi/5.4.1/../../../../arm-none-eabi/lib/armv7-m/libnosys.a(fstat.o)
                                 0x24 (size before relaxing)
 .stab          0x0000003c       0x18 /usr/bin/gcc-arm-none-eabi-5_4-2016q3/bin/../lib/gcc/arm-none-eabi/5.4.1/../../../../arm-none-eabi/lib/armv7-m/libnosys.a(isatty.o)
                                 0x24 (size before relaxing)
 .stab          0x00000054       0x18 /usr/bin/gcc-arm-none-eabi-5_4-2016q3/bin/../lib/gcc/arm-none-eabi/5.4.1/../../../../arm-none-eabi/lib/armv7-m/libnosys.a(lseek.o)
                                 0x24 (size before relaxing)
 .stab          0x0000006c       0x18 /usr/bin/gcc-arm-none-eabi-5_4-2016q3/bin/../lib/gcc/arm-none-eabi/5.4.1/../../../../arm-none-eabi/lib/armv7-m/libnosys.a(read.o)
                                 0x24 (size before relaxing)

.stabstr        0x00000000      0x117
 .stabstr       0x00000000      0x117 /usr/bin/gcc-arm-none-eabi-5_4-2016q3/bin/../lib/gcc/arm-none-eabi/5.4.1/../../../../arm-none-eabi/lib/armv7-m/libnosys.a(close.o)

Cross Reference Table

Symbol                                            File
ADC1_IRQHandler                                   build/startup_stm32l151xba.o
AHBPrescTable                                     build/system_stm32l1xx.o
                                                  build/stm32l1xx_hal_rcc.o
APBPrescTable                                     build/system_stm32l1xx.o
                                                  build/stm32l1xx_hal_rcc.o
BoardInit                                         build/sx12xxEiger.o
BusFault_Handler                                  build/stm32l1xx_it.o
COMP_IRQHandler                                   build/startup_stm32l151xba.o
DAC_IRQHandler                                    build/startup_stm32l151xba.o
DMA1_Channel1_IRQHandler                          build/startup_stm32l151xba.o
DMA1_Channel2_IRQHandler                          build/startup_stm32l151xba.o
DMA1_Channel3_IRQHandler                          build/startup_stm32l151xba.o
DMA1_Channel4_IRQHandler                          build/startup_stm32l151xba.o
DMA1_Channel5_IRQHandler                          build/startup_stm32l151xba.o
DMA1_Channel6_IRQHandler                          build/startup_stm32l151xba.o
DMA1_Channel7_IRQHandler                          build/startup_stm32l151xba.o
DebugMon_Handler                                  build/stm32l1xx_it.o
Default_Handler                                   build/startup_stm32l151xba.o
Delay                                             build/sx12xxEiger.o
EXTI0_IRQHandler                                  build/startup_stm32l151xba.o
EXTI15_10_IRQHandler                              build/startup_stm32l151xba.o
EXTI1_IRQHandler                                  build/startup_stm32l151xba.o
EXTI2_IRQHandler                                  build/startup_stm32l151xba.o
EXTI3_IRQHandler                                  build/startup_stm32l151xba.o
EXTI4_IRQHandler                                  build/startup_stm32l151xba.o
EXTI9_5_IRQHandler                                build/startup_stm32l151xba.o
Error_Handler                                     build/main.o
                                                  build/usart.o
                                                  build/spi.o
FLASH_IRQHandler                                  build/startup_stm32l151xba.o
FLASH_PageErase                                   build/stm32l1xx_hal_flash_ex.o
                                                  build/stm32l1xx_hal_flash.o
FLASH_WaitForLastOperation                        build/stm32l1xx_hal_flash.o
                                                  build/stm32l1xx_hal_flash_ex.o
FifoFlush                                         build/fifo.o
FifoInit                                          build/fifo.o
FifoPop                                           build/fifo.o
FifoPush                                          build/fifo.o
HAL_DBGMCU_DisableDBGSleepMode                    build/stm32l1xx_hal.o
HAL_DBGMCU_DisableDBGStandbyMode                  build/stm32l1xx_hal.o
HAL_DBGMCU_DisableDBGStopMode                     build/stm32l1xx_hal.o
HAL_DBGMCU_EnableDBGSleepMode                     build/stm32l1xx_hal.o
HAL_DBGMCU_EnableDBGStandbyMode                   build/stm32l1xx_hal.o
HAL_DBGMCU_EnableDBGStopMode                      build/stm32l1xx_hal.o
HAL_DMA_Abort                                     build/stm32l1xx_hal_dma.o
                                                  build/stm32l1xx_hal_uart.o
                                                  build/stm32l1xx_hal_spi.o
HAL_DMA_Abort_IT                                  build/stm32l1xx_hal_dma.o
                                                  build/stm32l1xx_hal_uart.o
                                                  build/stm32l1xx_hal_spi.o
HAL_DMA_DeInit                                    build/stm32l1xx_hal_dma.o
HAL_DMA_GetError                                  build/stm32l1xx_hal_dma.o
                                                  build/stm32l1xx_hal_uart.o
HAL_DMA_GetState                                  build/stm32l1xx_hal_dma.o
HAL_DMA_IRQHandler                                build/stm32l1xx_hal_dma.o
HAL_DMA_Init                                      build/stm32l1xx_hal_dma.o
HAL_DMA_PollForTransfer                           build/stm32l1xx_hal_dma.o
HAL_DMA_RegisterCallback                          build/stm32l1xx_hal_dma.o
HAL_DMA_Start                                     build/stm32l1xx_hal_dma.o
HAL_DMA_Start_IT                                  build/stm32l1xx_hal_dma.o
                                                  build/stm32l1xx_hal_uart.o
                                                  build/stm32l1xx_hal_spi.o
HAL_DMA_UnRegisterCallback                        build/stm32l1xx_hal_dma.o
HAL_DeInit                                        build/stm32l1xx_hal.o
HAL_Delay                                         build/stm32l1xx_hal.o
                                                  build/main.o
HAL_FLASHEx_AdvOBGetConfig                        build/stm32l1xx_hal_flash_ex.o
HAL_FLASHEx_AdvOBProgram                          build/stm32l1xx_hal_flash_ex.o
HAL_FLASHEx_DATAEEPROM_DisableFixedTimeProgram    build/stm32l1xx_hal_flash_ex.o
HAL_FLASHEx_DATAEEPROM_EnableFixedTimeProgram     build/stm32l1xx_hal_flash_ex.o
HAL_FLASHEx_DATAEEPROM_Erase                      build/stm32l1xx_hal_flash_ex.o
HAL_FLASHEx_DATAEEPROM_EraseDoubleWord            build/stm32l1xx_hal_flash_ramfunc.o
HAL_FLASHEx_DATAEEPROM_Lock                       build/stm32l1xx_hal_flash_ex.o
HAL_FLASHEx_DATAEEPROM_Program                    build/stm32l1xx_hal_flash_ex.o
HAL_FLASHEx_DATAEEPROM_ProgramDoubleWord          build/stm32l1xx_hal_flash_ramfunc.o
HAL_FLASHEx_DATAEEPROM_Unlock                     build/stm32l1xx_hal_flash_ex.o
HAL_FLASHEx_DisableRunPowerDown                   build/stm32l1xx_hal_flash_ramfunc.o
HAL_FLASHEx_EnableRunPowerDown                    build/stm32l1xx_hal_flash_ramfunc.o
HAL_FLASHEx_Erase                                 build/stm32l1xx_hal_flash_ex.o
HAL_FLASHEx_Erase_IT                              build/stm32l1xx_hal_flash_ex.o
HAL_FLASHEx_GetError                              build/stm32l1xx_hal_flash_ramfunc.o
HAL_FLASHEx_HalfPageProgram                       build/stm32l1xx_hal_flash_ramfunc.o
HAL_FLASHEx_OBGetConfig                           build/stm32l1xx_hal_flash_ex.o
HAL_FLASHEx_OBProgram                             build/stm32l1xx_hal_flash_ex.o
HAL_FLASHEx_OB_DeSelectPCROP                      build/stm32l1xx_hal_flash_ex.o
HAL_FLASHEx_OB_SelectPCROP                        build/stm32l1xx_hal_flash_ex.o
HAL_FLASH_EndOfOperationCallback                  build/stm32l1xx_hal_flash.o
HAL_FLASH_GetError                                build/stm32l1xx_hal_flash.o
HAL_FLASH_IRQHandler                              build/stm32l1xx_hal_flash.o
HAL_FLASH_Lock                                    build/stm32l1xx_hal_flash.o
HAL_FLASH_OB_Launch                               build/stm32l1xx_hal_flash.o
HAL_FLASH_OB_Lock                                 build/stm32l1xx_hal_flash.o
HAL_FLASH_OB_Unlock                               build/stm32l1xx_hal_flash.o
HAL_FLASH_OperationErrorCallback                  build/stm32l1xx_hal_flash.o
HAL_FLASH_Program                                 build/stm32l1xx_hal_flash.o
HAL_FLASH_Program_IT                              build/stm32l1xx_hal_flash.o
HAL_FLASH_Unlock                                  build/stm32l1xx_hal_flash.o
HAL_GPIO_DeInit                                   build/stm32l1xx_hal_gpio.o
                                                  build/usart.o
                                                  build/spi.o
HAL_GPIO_EXTI_Callback                            build/stm32l1xx_hal_gpio.o
HAL_GPIO_EXTI_IRQHandler                          build/stm32l1xx_hal_gpio.o
HAL_GPIO_Init                                     build/stm32l1xx_hal_gpio.o
                                                  build/usart.o
                                                  build/spi.o
                                                  build/gpio.o
                                                  build/stm32l1xx_hal_rcc.o
HAL_GPIO_LockPin                                  build/stm32l1xx_hal_gpio.o
HAL_GPIO_ReadPin                                  build/stm32l1xx_hal_gpio.o
                                                  build/sx1276-Hal.o
HAL_GPIO_TogglePin                                build/stm32l1xx_hal_gpio.o
HAL_GPIO_WritePin                                 build/stm32l1xx_hal_gpio.o
                                                  build/sx1276-Hal.o
                                                  build/gpio.o
                                                  build/main.o
HAL_GetDEVID                                      build/stm32l1xx_hal.o
HAL_GetHalVersion                                 build/stm32l1xx_hal.o
HAL_GetREVID                                      build/stm32l1xx_hal.o
HAL_GetTick                                       build/stm32l1xx_hal.o
                                                  build/sx1276.o
                                                  build/sx1276-LoRa.o
                                                  build/stm32l1xx_hal_dma.o
                                                  build/stm32l1xx_hal_flash.o
                                                  build/stm32l1xx_hal_rcc_ex.o
                                                  build/stm32l1xx_hal_rcc.o
                                                  build/stm32l1xx_hal_uart.o
                                                  build/stm32l1xx_hal_spi.o
HAL_GetTickFreq                                   build/stm32l1xx_hal.o
HAL_GetTickPrio                                   build/stm32l1xx_hal.o
HAL_GetUIDw0                                      build/stm32l1xx_hal.o
HAL_GetUIDw1                                      build/stm32l1xx_hal.o
HAL_GetUIDw2                                      build/stm32l1xx_hal.o
HAL_HalfDuplex_EnableReceiver                     build/stm32l1xx_hal_uart.o
HAL_HalfDuplex_EnableTransmitter                  build/stm32l1xx_hal_uart.o
HAL_HalfDuplex_Init                               build/stm32l1xx_hal_uart.o
HAL_IncTick                                       build/stm32l1xx_hal.o
                                                  build/stm32l1xx_it.o
HAL_Init                                          build/stm32l1xx_hal.o
                                                  build/main.o
HAL_InitTick                                      build/stm32l1xx_hal.o
                                                  build/stm32l1xx_hal_rcc.o
HAL_LIN_Init                                      build/stm32l1xx_hal_uart.o
HAL_LIN_SendBreak                                 build/stm32l1xx_hal_uart.o
HAL_MPU_ConfigRegion                              build/stm32l1xx_hal_cortex.o
HAL_MPU_Disable                                   build/stm32l1xx_hal_cortex.o
HAL_MPU_Enable                                    build/stm32l1xx_hal_cortex.o
HAL_MspDeInit                                     build/stm32l1xx_hal.o
HAL_MspInit                                       build/stm32l1xx_hal_msp.o
HAL_MultiProcessor_EnterMuteMode                  build/stm32l1xx_hal_uart.o
HAL_MultiProcessor_ExitMuteMode                   build/stm32l1xx_hal_uart.o
HAL_MultiProcessor_Init                           build/stm32l1xx_hal_uart.o
HAL_NVIC_ClearPendingIRQ                          build/stm32l1xx_hal_cortex.o
HAL_NVIC_DisableIRQ                               build/stm32l1xx_hal_cortex.o
                                                  build/usart.o
HAL_NVIC_EnableIRQ                                build/stm32l1xx_hal_cortex.o
                                                  build/usart.o
HAL_NVIC_GetActive                                build/stm32l1xx_hal_cortex.o
HAL_NVIC_GetPendingIRQ                            build/stm32l1xx_hal_cortex.o
HAL_NVIC_GetPriority                              build/stm32l1xx_hal_cortex.o
HAL_NVIC_GetPriorityGrouping                      build/stm32l1xx_hal_cortex.o
HAL_NVIC_SetPendingIRQ                            build/stm32l1xx_hal_cortex.o
HAL_NVIC_SetPriority                              build/stm32l1xx_hal_cortex.o
                                                  build/usart.o
                                                  build/stm32l1xx_hal.o
HAL_NVIC_SetPriorityGrouping                      build/stm32l1xx_hal_cortex.o
                                                  build/stm32l1xx_hal.o
HAL_NVIC_SystemReset                              build/stm32l1xx_hal_cortex.o
HAL_PWREx_DisableFastWakeUp                       build/stm32l1xx_hal_pwr_ex.o
HAL_PWREx_DisableLowPowerRunMode                  build/stm32l1xx_hal_pwr_ex.o
HAL_PWREx_DisableUltraLowPower                    build/stm32l1xx_hal_pwr_ex.o
HAL_PWREx_EnableFastWakeUp                        build/stm32l1xx_hal_pwr_ex.o
HAL_PWREx_EnableLowPowerRunMode                   build/stm32l1xx_hal_pwr_ex.o
HAL_PWREx_EnableUltraLowPower                     build/stm32l1xx_hal_pwr_ex.o
HAL_PWREx_GetVoltageRange                         build/stm32l1xx_hal_pwr_ex.o
HAL_PWR_ConfigPVD                                 build/stm32l1xx_hal_pwr.o
HAL_PWR_DeInit                                    build/stm32l1xx_hal_pwr.o
HAL_PWR_DisableBkUpAccess                         build/stm32l1xx_hal_pwr.o
HAL_PWR_DisablePVD                                build/stm32l1xx_hal_pwr.o
HAL_PWR_DisableSEVOnPend                          build/stm32l1xx_hal_pwr.o
HAL_PWR_DisableSleepOnExit                        build/stm32l1xx_hal_pwr.o
HAL_PWR_DisableWakeUpPin                          build/stm32l1xx_hal_pwr.o
HAL_PWR_EnableBkUpAccess                          build/stm32l1xx_hal_pwr.o
HAL_PWR_EnablePVD                                 build/stm32l1xx_hal_pwr.o
HAL_PWR_EnableSEVOnPend                           build/stm32l1xx_hal_pwr.o
HAL_PWR_EnableSleepOnExit                         build/stm32l1xx_hal_pwr.o
HAL_PWR_EnableWakeUpPin                           build/stm32l1xx_hal_pwr.o
HAL_PWR_EnterSLEEPMode                            build/stm32l1xx_hal_pwr.o
HAL_PWR_EnterSTANDBYMode                          build/stm32l1xx_hal_pwr.o
HAL_PWR_EnterSTOPMode                             build/stm32l1xx_hal_pwr.o
HAL_PWR_PVDCallback                               build/stm32l1xx_hal_pwr.o
HAL_PWR_PVD_IRQHandler                            build/stm32l1xx_hal_pwr.o
HAL_RCCEx_DisableLSECSS                           build/stm32l1xx_hal_rcc_ex.o
HAL_RCCEx_EnableLSECSS                            build/stm32l1xx_hal_rcc_ex.o
HAL_RCCEx_EnableLSECSS_IT                         build/stm32l1xx_hal_rcc_ex.o
HAL_RCCEx_GetPeriphCLKConfig                      build/stm32l1xx_hal_rcc_ex.o
HAL_RCCEx_GetPeriphCLKFreq                        build/stm32l1xx_hal_rcc_ex.o
HAL_RCCEx_LSECSS_Callback                         build/stm32l1xx_hal_rcc_ex.o
HAL_RCCEx_LSECSS_IRQHandler                       build/stm32l1xx_hal_rcc_ex.o
HAL_RCCEx_PeriphCLKConfig                         build/stm32l1xx_hal_rcc_ex.o
HAL_RCC_CSSCallback                               build/stm32l1xx_hal_rcc.o
HAL_RCC_ClockConfig                               build/stm32l1xx_hal_rcc.o
                                                  build/main.o
HAL_RCC_DeInit                                    build/stm32l1xx_hal_rcc.o
HAL_RCC_DisableCSS                                build/stm32l1xx_hal_rcc.o
HAL_RCC_EnableCSS                                 build/stm32l1xx_hal_rcc.o
HAL_RCC_GetClockConfig                            build/stm32l1xx_hal_rcc.o
HAL_RCC_GetHCLKFreq                               build/stm32l1xx_hal_rcc.o
HAL_RCC_GetOscConfig                              build/stm32l1xx_hal_rcc.o
HAL_RCC_GetPCLK1Freq                              build/stm32l1xx_hal_rcc.o
                                                  build/stm32l1xx_hal_uart.o
HAL_RCC_GetPCLK2Freq                              build/stm32l1xx_hal_rcc.o
                                                  build/stm32l1xx_hal_uart.o
HAL_RCC_GetSysClockFreq                           build/stm32l1xx_hal_rcc.o
HAL_RCC_MCOConfig                                 build/stm32l1xx_hal_rcc.o
HAL_RCC_NMI_IRQHandler                            build/stm32l1xx_hal_rcc.o
HAL_RCC_OscConfig                                 build/stm32l1xx_hal_rcc.o
                                                  build/main.o
HAL_ResumeTick                                    build/stm32l1xx_hal.o
HAL_SPI_Abort                                     build/stm32l1xx_hal_spi.o
HAL_SPI_AbortCpltCallback                         build/stm32l1xx_hal_spi.o
HAL_SPI_Abort_IT                                  build/stm32l1xx_hal_spi.o
HAL_SPI_DMAPause                                  build/stm32l1xx_hal_spi.o
HAL_SPI_DMAResume                                 build/stm32l1xx_hal_spi.o
HAL_SPI_DMAStop                                   build/stm32l1xx_hal_spi.o
HAL_SPI_DeInit                                    build/stm32l1xx_hal_spi.o
HAL_SPI_ErrorCallback                             build/stm32l1xx_hal_spi.o
HAL_SPI_GetError                                  build/stm32l1xx_hal_spi.o
HAL_SPI_GetState                                  build/stm32l1xx_hal_spi.o
HAL_SPI_IRQHandler                                build/stm32l1xx_hal_spi.o
HAL_SPI_Init                                      build/stm32l1xx_hal_spi.o
                                                  build/spi.o
HAL_SPI_MspDeInit                                 build/spi.o
                                                  build/stm32l1xx_hal_spi.o
HAL_SPI_MspInit                                   build/spi.o
                                                  build/stm32l1xx_hal_spi.o
HAL_SPI_Receive                                   build/stm32l1xx_hal_spi.o
HAL_SPI_Receive_DMA                               build/stm32l1xx_hal_spi.o
HAL_SPI_Receive_IT                                build/stm32l1xx_hal_spi.o
HAL_SPI_RxCpltCallback                            build/stm32l1xx_hal_spi.o
HAL_SPI_RxHalfCpltCallback                        build/stm32l1xx_hal_spi.o
HAL_SPI_Transmit                                  build/stm32l1xx_hal_spi.o
HAL_SPI_TransmitReceive                           build/stm32l1xx_hal_spi.o
                                                  build/spi.o
HAL_SPI_TransmitReceive_DMA                       build/stm32l1xx_hal_spi.o
HAL_SPI_TransmitReceive_IT                        build/stm32l1xx_hal_spi.o
HAL_SPI_Transmit_DMA                              build/stm32l1xx_hal_spi.o
HAL_SPI_Transmit_IT                               build/stm32l1xx_hal_spi.o
HAL_SPI_TxCpltCallback                            build/stm32l1xx_hal_spi.o
HAL_SPI_TxHalfCpltCallback                        build/stm32l1xx_hal_spi.o
HAL_SPI_TxRxCpltCallback                          build/stm32l1xx_hal_spi.o
HAL_SPI_TxRxHalfCpltCallback                      build/stm32l1xx_hal_spi.o
HAL_SYSTICK_CLKSourceConfig                       build/stm32l1xx_hal_cortex.o
HAL_SYSTICK_Callback                              build/stm32l1xx_hal_cortex.o
HAL_SYSTICK_Config                                build/stm32l1xx_hal_cortex.o
                                                  build/stm32l1xx_hal.o
HAL_SYSTICK_IRQHandler                            build/stm32l1xx_hal_cortex.o
HAL_SetTickFreq                                   build/stm32l1xx_hal.o
HAL_SuspendTick                                   build/stm32l1xx_hal.o
HAL_UART_Abort                                    build/stm32l1xx_hal_uart.o
HAL_UART_AbortCpltCallback                        build/stm32l1xx_hal_uart.o
HAL_UART_AbortReceive                             build/stm32l1xx_hal_uart.o
HAL_UART_AbortReceiveCpltCallback                 build/stm32l1xx_hal_uart.o
HAL_UART_AbortReceive_IT                          build/stm32l1xx_hal_uart.o
HAL_UART_AbortTransmit                            build/stm32l1xx_hal_uart.o
HAL_UART_AbortTransmitCpltCallback                build/stm32l1xx_hal_uart.o
HAL_UART_AbortTransmit_IT                         build/stm32l1xx_hal_uart.o
HAL_UART_Abort_IT                                 build/stm32l1xx_hal_uart.o
HAL_UART_DMAPause                                 build/stm32l1xx_hal_uart.o
HAL_UART_DMAResume                                build/stm32l1xx_hal_uart.o
HAL_UART_DMAStop                                  build/stm32l1xx_hal_uart.o
HAL_UART_DeInit                                   build/stm32l1xx_hal_uart.o
HAL_UART_ErrorCallback                            build/stm32l1xx_hal_uart.o
HAL_UART_GetError                                 build/stm32l1xx_hal_uart.o
HAL_UART_GetState                                 build/stm32l1xx_hal_uart.o
HAL_UART_IRQHandler                               build/stm32l1xx_hal_uart.o
                                                  build/stm32l1xx_it.o
HAL_UART_Init                                     build/stm32l1xx_hal_uart.o
                                                  build/usart.o
HAL_UART_MspDeInit                                build/usart.o
                                                  build/stm32l1xx_hal_uart.o
HAL_UART_MspInit                                  build/usart.o
                                                  build/stm32l1xx_hal_uart.o
HAL_UART_Receive                                  build/stm32l1xx_hal_uart.o
HAL_UART_Receive_DMA                              build/stm32l1xx_hal_uart.o
HAL_UART_Receive_IT                               build/stm32l1xx_hal_uart.o
HAL_UART_RxCpltCallback                           build/stm32l1xx_hal_uart.o
HAL_UART_RxHalfCpltCallback                       build/stm32l1xx_hal_uart.o
HAL_UART_Transmit                                 build/stm32l1xx_hal_uart.o
HAL_UART_Transmit_DMA                             build/stm32l1xx_hal_uart.o
HAL_UART_Transmit_IT                              build/stm32l1xx_hal_uart.o
HAL_UART_TxCpltCallback                           build/stm32l1xx_hal_uart.o
HAL_UART_TxHalfCpltCallback                       build/stm32l1xx_hal_uart.o
HardFault_Handler                                 build/stm32l1xx_it.o
HoppingFrequencies                                build/sx1276-LoRa.o
I2C1_ER_IRQHandler                                build/startup_stm32l151xba.o
I2C1_EV_IRQHandler                                build/startup_stm32l151xba.o
I2C2_ER_IRQHandler                                build/startup_stm32l151xba.o
I2C2_EV_IRQHandler                                build/startup_stm32l151xba.o
IoePinOff                                         build/sx1276-Hal.o
IoePinOn                                          build/sx1276-Hal.o
IsFifoEmpty                                       build/fifo.o
IsFifoFull                                        build/fifo.o
LoRaSettings                                      build/sx1276-LoRa.o
                                                  build/sx1276-LoRaMisc.o
LongDelay                                         build/sx12xxEiger.o
MX_GPIO_Init                                      build/gpio.o
                                                  build/main.o
MX_SPI1_Init                                      build/spi.o
                                                  build/main.o
MX_USART1_UART_Init                               build/usart.o
                                                  build/main.o
MX_USART2_UART_Init                               build/usart.o
                                                  build/main.o
MemManage_Handler                                 build/stm32l1xx_it.o
NMI_Handler                                       build/stm32l1xx_it.o
PLLMulTable                                       build/system_stm32l1xx.o
                                                  build/stm32l1xx_hal_rcc.o
PVD_IRQHandler                                    build/startup_stm32l151xba.o
PendSV_Handler                                    build/stm32l1xx_it.o
RCC_IRQHandler                                    build/startup_stm32l151xba.o
RTC_Alarm_IRQHandler                              build/startup_stm32l151xba.o
RTC_WKUP_IRQHandler                               build/startup_stm32l151xba.o
RadioDriver                                       build/radio.o
RadioDriverInit                                   build/radio.o
RegVersion                                        build/main.o
Reset_Handler                                     build/startup_stm32l151xba.o
SPI1_IRQHandler                                   build/startup_stm32l151xba.o
SPI2_IRQHandler                                   build/startup_stm32l151xba.o
SVC_Handler                                       build/stm32l1xx_it.o
SX1276                                            build/sx1276.o
SX1276FskGetOpMode                                build/sx1276.o
SX1276FskGetPacketAfc                             build/sx1276.o
SX1276FskGetPacketRssi                            build/sx1276.o
SX1276FskGetPacketRxGain                          build/sx1276.o
SX1276FskGetRFState                               build/sx1276.o
SX1276FskGetRxPacket                              build/sx1276.o
SX1276FskProcess                                  build/sx1276.o
SX1276FskReadRssi                                 build/sx1276.o
SX1276FskReadRxGain                               build/sx1276.o
SX1276FskSetOpMode                                build/sx1276.o
SX1276FskSetRFState                               build/sx1276.o
SX1276FskSetTxPacket                              build/sx1276.o
SX1276GetLoRaOn                                   build/sx1276.o
SX1276GetOpMode                                   build/sx1276.o
SX1276GetPacketAfc                                build/sx1276.o
SX1276GetPacketRssi                               build/sx1276.o
SX1276GetPacketRxGain                             build/sx1276.o
SX1276GetPacketSnr                                build/sx1276.o
SX1276GetRFState                                  build/sx1276.o
SX1276GetRxPacket                                 build/sx1276.o
                                                  build/radio.o
SX1276Init                                        build/sx1276.o
                                                  build/radio.o
SX1276InitIo                                      build/sx1276-Hal.o
                                                  build/sx1276.o
SX1276LR                                          build/sx1276-LoRa.o
                                                  build/sx1276.o
                                                  build/sx1276-LoRaMisc.o
SX1276LoRaGetErrorCoding                          build/sx1276-LoRaMisc.o
SX1276LoRaGetFreqHopOn                            build/sx1276-LoRaMisc.o
SX1276LoRaGetHopPeriod                            build/sx1276-LoRaMisc.o
SX1276LoRaGetImplicitHeaderOn                     build/sx1276-LoRaMisc.o
SX1276LoRaGetLowDatarateOptimize                  build/sx1276-LoRaMisc.o
SX1276LoRaGetNbTrigPeaks                          build/sx1276-LoRaMisc.o
SX1276LoRaGetOpMode                               build/sx1276-LoRa.o
                                                  build/sx1276.o
SX1276LoRaGetPAOutput                             build/sx1276-LoRaMisc.o
SX1276LoRaGetPa20dBm                              build/sx1276-LoRaMisc.o
SX1276LoRaGetPaRamp                               build/sx1276-LoRaMisc.o
SX1276LoRaGetPacketCrcOn                          build/sx1276-LoRaMisc.o
SX1276LoRaGetPacketRssi                           build/sx1276-LoRa.o
                                                  build/sx1276.o
SX1276LoRaGetPacketRxGain                         build/sx1276-LoRa.o
                                                  build/sx1276.o
SX1276LoRaGetPacketSnr                            build/sx1276-LoRa.o
                                                  build/sx1276.o
SX1276LoRaGetPayloadLength                        build/sx1276-LoRaMisc.o
SX1276LoRaGetPreambleLength                       build/sx1276-LoRaMisc.o
SX1276LoRaGetRFFrequency                          build/sx1276-LoRaMisc.o
SX1276LoRaGetRFPower                              build/sx1276-LoRaMisc.o
SX1276LoRaGetRFState                              build/sx1276-LoRa.o
                                                  build/sx1276.o
SX1276LoRaGetRxPacket                             build/sx1276-LoRa.o
                                                  build/sx1276.o
SX1276LoRaGetRxPacketTimeout                      build/sx1276-LoRaMisc.o
SX1276LoRaGetRxSingleOn                           build/sx1276-LoRaMisc.o
SX1276LoRaGetSignalBandwidth                      build/sx1276-LoRaMisc.o
SX1276LoRaGetSpreadingFactor                      build/sx1276-LoRaMisc.o
SX1276LoRaGetSymbTimeout                          build/sx1276-LoRaMisc.o
SX1276LoRaGetTxPacketTimeout                      build/sx1276-LoRaMisc.o
SX1276LoRaInit                                    build/sx1276-LoRa.o
                                                  build/sx1276.o
SX1276LoRaProcess                                 build/sx1276-LoRa.o
                                                  build/sx1276.o
SX1276LoRaReadRssi                                build/sx1276-LoRa.o
                                                  build/sx1276.o
SX1276LoRaReadRxGain                              build/sx1276-LoRa.o
                                                  build/sx1276.o
SX1276LoRaReset                                   build/sx1276-LoRa.o
SX1276LoRaSetDefaults                             build/sx1276-LoRa.o
SX1276LoRaSetErrorCoding                          build/sx1276-LoRaMisc.o
                                                  build/sx1276-LoRa.o
SX1276LoRaSetFreqHopOn                            build/sx1276-LoRaMisc.o
SX1276LoRaSetHopPeriod                            build/sx1276-LoRaMisc.o
SX1276LoRaSetImplicitHeaderOn                     build/sx1276-LoRaMisc.o
                                                  build/sx1276-LoRa.o
SX1276LoRaSetLowDatarateOptimize                  build/sx1276-LoRaMisc.o
                                                  build/sx1276-LoRa.o
SX1276LoRaSetNbTrigPeaks                          build/sx1276-LoRaMisc.o
SX1276LoRaSetOpMode                               build/sx1276-LoRa.o
                                                  build/sx1276.o
SX1276LoRaSetPAOutput                             build/sx1276-LoRaMisc.o
                                                  build/sx1276-LoRa.o
SX1276LoRaSetPa20dBm                              build/sx1276-LoRaMisc.o
                                                  build/sx1276-LoRa.o
SX1276LoRaSetPaRamp                               build/sx1276-LoRaMisc.o
SX1276LoRaSetPacketCrcOn                          build/sx1276-LoRaMisc.o
                                                  build/sx1276-LoRa.o
SX1276LoRaSetPayloadLength                        build/sx1276-LoRaMisc.o
                                                  build/sx1276-LoRa.o
SX1276LoRaSetPreambleLength                       build/sx1276-LoRaMisc.o
SX1276LoRaSetRFFrequency                          build/sx1276-LoRaMisc.o
                                                  build/sx1276-LoRa.o
SX1276LoRaSetRFPower                              build/sx1276-LoRaMisc.o
                                                  build/sx1276-LoRa.o
SX1276LoRaSetRFState                              build/sx1276-LoRa.o
                                                  build/sx1276.o
SX1276LoRaSetRxPacketTimeout                      build/sx1276-LoRaMisc.o
SX1276LoRaSetRxSingleOn                           build/sx1276-LoRaMisc.o
SX1276LoRaSetSignalBandwidth                      build/sx1276-LoRaMisc.o
                                                  build/sx1276-LoRa.o
SX1276LoRaSetSpreadingFactor                      build/sx1276-LoRaMisc.o
                                                  build/sx1276-LoRa.o
SX1276LoRaSetSymbTimeout                          build/sx1276-LoRaMisc.o
                                                  build/sx1276-LoRa.o
SX1276LoRaSetTxPacket                             build/sx1276-LoRa.o
                                                  build/sx1276.o
SX1276LoRaSetTxPacketTimeout                      build/sx1276-LoRaMisc.o
SX1276LoRaStartRx                                 build/sx1276-LoRa.o
SX1276Process                                     build/sx1276.o
                                                  build/radio.o
SX1276Read                                        build/sx1276-Hal.o
                                                  build/sx1276-LoRaMisc.o
                                                  build/sx1276-LoRa.o
                                                  build/main.o
SX1276ReadBuffer                                  build/sx1276-Hal.o
                                                  build/sx1276.o
                                                  build/sx1276-LoRaMisc.o
                                                  build/sx1276-LoRa.o
SX1276ReadDio0                                    build/sx1276-Hal.o
                                                  build/sx1276-LoRa.o
                                                  build/main.o
SX1276ReadDio1                                    build/sx1276-Hal.o
SX1276ReadDio2                                    build/sx1276-Hal.o
                                                  build/sx1276-LoRa.o
SX1276ReadDio3                                    build/sx1276-Hal.o
                                                  build/sx1276-LoRa.o
SX1276ReadDio4                                    build/sx1276-Hal.o
                                                  build/sx1276-LoRa.o
SX1276ReadDio5                                    build/sx1276-Hal.o
SX1276ReadFifo                                    build/sx1276-Hal.o
                                                  build/sx1276-LoRa.o
SX1276ReadRssi                                    build/sx1276.o
SX1276ReadRxGain                                  build/sx1276.o
SX1276Regs                                        build/sx1276.o
                                                  build/sx1276-LoRa.o
SX1276Reset                                       build/sx1276.o
                                                  build/radio.o
SX1276SetLoRaOn                                   build/sx1276.o
SX1276SetOpMode                                   build/sx1276.o
SX1276SetRFState                                  build/sx1276.o
SX1276SetReset                                    build/sx1276-Hal.o
                                                  build/sx1276.o
                                                  build/sx1276-LoRa.o
SX1276SetTxPacket                                 build/sx1276.o
                                                  build/radio.o
SX1276StartRx                                     build/sx1276.o
                                                  build/radio.o
SX1276Write                                       build/sx1276-Hal.o
                                                  build/sx1276.o
                                                  build/sx1276-LoRaMisc.o
                                                  build/sx1276-LoRa.o
SX1276WriteBuffer                                 build/sx1276-Hal.o
                                                  build/sx1276.o
                                                  build/sx1276-LoRaMisc.o
                                                  build/sx1276-LoRa.o
SX1276WriteFifo                                   build/sx1276-Hal.o
                                                  build/sx1276-LoRa.o
SX1276WriteRxTx                                   build/sx1276-Hal.o
                                                  build/sx1276-LoRa.o
SpiInOut                                          build/spi.o
                                                  build/sx1276-Hal.o
SysTick_Handler                                   build/stm32l1xx_it.o