Archive member included because of file (symbol)

C:\Raisonance\Ride\Lib\ARM\STM32x_io_putchar_thumb.a(STM32F10X_io_putchar.o)
                              (__io_putchar)
C:\Raisonance\Ride\Lib\ARM\std_sbrk_thumb.lib(write.o)
                              (_write)
c:/raisonance/ride/arm-gcc/bin/../lib/gcc/arm-none-eabi/4.5.2/../../../../arm-none-eabi/lib/thumb2\libc.a(lib_a-memcpy.o)
                              C:\Users\gcristian\Desktop\F429\Drivers\obj\sx1276-Fsk.o (memcpy)
c:/raisonance/ride/arm-gcc/bin/../lib/gcc/arm-none-eabi/4.5.2/../../../../arm-none-eabi/lib/thumb2\libc.a(lib_a-memset.o)
                              C:\Users\gcristian\Desktop\F429\Drivers\obj\sx1276-Fsk.o (memset)
c:/raisonance/ride/arm-gcc/bin/../lib/gcc/arm-none-eabi/4.5.2/../../../../arm-none-eabi/lib/thumb2\libc.a(lib_a-strncmp.o)
                              C:\Users\gcristian\Desktop\F429\Drivers\obj\main.o (strncmp)
c:/raisonance/ride/arm-gcc/bin/../lib/gcc/arm-none-eabi/4.5.2/../../../../arm-none-eabi/lib/thumb2\libm.a(lib_a-s_round.o)
                              C:\Users\gcristian\Desktop\F429\Drivers\obj\sx1276-Fsk.o (round)
c:/raisonance/ride/arm-gcc/bin/../lib/gcc/arm-none-eabi/4.5.2/../../../../arm-none-eabi/lib/thumb2\libm.a(lib_a-w_pow.o)
                              C:\Users\gcristian\Desktop\F429\Drivers\obj\sx1276-FskMisc.o (pow)
c:/raisonance/ride/arm-gcc/bin/../lib/gcc/arm-none-eabi/4.5.2/../../../../arm-none-eabi/lib/thumb2\libm.a(lib_a-e_pow.o)
                              c:/raisonance/ride/arm-gcc/bin/../lib/gcc/arm-none-eabi/4.5.2/../../../../arm-none-eabi/lib/thumb2\libm.a(lib_a-w_pow.o) (__ieee754_pow)
c:/raisonance/ride/arm-gcc/bin/../lib/gcc/arm-none-eabi/4.5.2/../../../../arm-none-eabi/lib/thumb2\libm.a(lib_a-e_sqrt.o)
                              c:/raisonance/ride/arm-gcc/bin/../lib/gcc/arm-none-eabi/4.5.2/../../../../arm-none-eabi/lib/thumb2\libm.a(lib_a-e_pow.o) (__ieee754_sqrt)
c:/raisonance/ride/arm-gcc/bin/../lib/gcc/arm-none-eabi/4.5.2/../../../../arm-none-eabi/lib/thumb2\libm.a(lib_a-s_fabs.o)
                              c:/raisonance/ride/arm-gcc/bin/../lib/gcc/arm-none-eabi/4.5.2/../../../../arm-none-eabi/lib/thumb2\libm.a(lib_a-e_pow.o) (fabs)
c:/raisonance/ride/arm-gcc/bin/../lib/gcc/arm-none-eabi/4.5.2/../../../../arm-none-eabi/lib/thumb2\libm.a(lib_a-s_finite.o)
                              c:/raisonance/ride/arm-gcc/bin/../lib/gcc/arm-none-eabi/4.5.2/../../../../arm-none-eabi/lib/thumb2\libm.a(lib_a-w_pow.o) (finite)
c:/raisonance/ride/arm-gcc/bin/../lib/gcc/arm-none-eabi/4.5.2/../../../../arm-none-eabi/lib/thumb2\libm.a(lib_a-s_fpclassify.o)
                              c:/raisonance/ride/arm-gcc/bin/../lib/gcc/arm-none-eabi/4.5.2/../../../../arm-none-eabi/lib/thumb2\libm.a(lib_a-w_pow.o) (__fpclassifyd)
c:/raisonance/ride/arm-gcc/bin/../lib/gcc/arm-none-eabi/4.5.2/../../../../arm-none-eabi/lib/thumb2\libm.a(lib_a-s_lib_ver.o)
                              c:/raisonance/ride/arm-gcc/bin/../lib/gcc/arm-none-eabi/4.5.2/../../../../arm-none-eabi/lib/thumb2\libm.a(lib_a-w_pow.o) (__fdlib_version)
c:/raisonance/ride/arm-gcc/bin/../lib/gcc/arm-none-eabi/4.5.2/../../../../arm-none-eabi/lib/thumb2\libm.a(lib_a-s_matherr.o)
                              c:/raisonance/ride/arm-gcc/bin/../lib/gcc/arm-none-eabi/4.5.2/../../../../arm-none-eabi/lib/thumb2\libm.a(lib_a-w_pow.o) (matherr)
c:/raisonance/ride/arm-gcc/bin/../lib/gcc/arm-none-eabi/4.5.2/../../../../arm-none-eabi/lib/thumb2\libm.a(lib_a-s_nan.o)
                              c:/raisonance/ride/arm-gcc/bin/../lib/gcc/arm-none-eabi/4.5.2/../../../../arm-none-eabi/lib/thumb2\libm.a(lib_a-e_pow.o) (nan)
c:/raisonance/ride/arm-gcc/bin/../lib/gcc/arm-none-eabi/4.5.2/../../../../arm-none-eabi/lib/thumb2\libm.a(lib_a-s_rint.o)
                              c:/raisonance/ride/arm-gcc/bin/../lib/gcc/arm-none-eabi/4.5.2/../../../../arm-none-eabi/lib/thumb2\libm.a(lib_a-w_pow.o) (rint)
c:/raisonance/ride/arm-gcc/bin/../lib/gcc/arm-none-eabi/4.5.2/../../../../arm-none-eabi/lib/thumb2\libm.a(lib_a-s_scalbn.o)
                              c:/raisonance/ride/arm-gcc/bin/../lib/gcc/arm-none-eabi/4.5.2/../../../../arm-none-eabi/lib/thumb2\libm.a(lib_a-e_pow.o) (scalbn)
c:/raisonance/ride/arm-gcc/bin/../lib/gcc/arm-none-eabi/4.5.2/../../../../arm-none-eabi/lib/thumb2\libm.a(lib_a-s_copysign.o)
                              c:/raisonance/ride/arm-gcc/bin/../lib/gcc/arm-none-eabi/4.5.2/../../../../arm-none-eabi/lib/thumb2\libm.a(lib_a-s_scalbn.o) (copysign)
c:/raisonance/ride/arm-gcc/bin/../lib/gcc/arm-none-eabi/4.5.2/../../../../arm-none-eabi/lib/thumb2\libc.a(lib_a-errno.o)
                              c:/raisonance/ride/arm-gcc/bin/../lib/gcc/arm-none-eabi/4.5.2/../../../../arm-none-eabi/lib/thumb2\libm.a(lib_a-w_pow.o) (__errno)
c:/raisonance/ride/arm-gcc/bin/../lib/gcc/arm-none-eabi/4.5.2/../../../../arm-none-eabi/lib/thumb2\libc.a(lib_a-impure.o)
[...]
Memory Configuration

Name             Origin             Length             Attributes
RAM              0x20000000         0x00010000         xrw
FLASH            0x08000000         0x00010000         xr
STARTFLASH       0x00000000         0x00000000         xr
CRPPATCH         0x00000000         0x00000000         r
FLASHPATCH       0x00000000         0x00000000         r
ENDFLASH         0x00000000         0x00000000         xr
FLASHB1          0x00000000         0x00000000         xr
CONFIG           0x1fffc000         0x00000010         r
CONFIG2          0x1ffec000         0x00000010         r
EXTMEMB0         0x00000000         0x00000000         xr
EXTMEMB1         0x00000000         0x00000000         xr
EXTMEMB2         0x00000000         0x00000000         xr
EXTMEMB3         0x00000000         0x00000000         xr
*default*        0x00000000         0xffffffff

Linker script and memory map

LOAD C:\Raisonance\Ride\Lib\ARM\startup_stm32f4xx.o
LOAD C:\Users\gcristian\Desktop\F429\Drivers\obj\main.o
LOAD C:\Users\gcristian\Desktop\F429\Drivers\obj\radio.o
LOAD C:\Users\gcristian\Desktop\F429\Drivers\obj\sx1232.o
LOAD C:\Users\gcristian\Desktop\F429\Drivers\obj\sx1232-Misc.o
LOAD C:\Users\gcristian\Desktop\F429\Drivers\obj\sx1272.o
LOAD C:\Users\gcristian\Desktop\F429\Drivers\obj\sx1272-Fsk.o
LOAD C:\Users\gcristian\Desktop\F429\Drivers\obj\sx1272-FskMisc.o
LOAD C:\Users\gcristian\Desktop\F429\Drivers\obj\sx1272-LoRa.o
LOAD C:\Users\gcristian\Desktop\F429\Drivers\obj\sx1272-LoRaMisc.o
LOAD C:\Users\gcristian\Desktop\F429\Drivers\obj\sx1276.o
LOAD C:\Users\gcristian\Desktop\F429\Drivers\obj\sx1276-Fsk.o
LOAD C:\Users\gcristian\Desktop\F429\Drivers\obj\sx1276-FskMisc.o
LOAD C:\Users\gcristian\Desktop\F429\Drivers\obj\sx1276-LoRa.o
LOAD C:\Users\gcristian\Desktop\F429\Drivers\obj\sx1276-LoRaMisc.o
LOAD C:\Users\gcristian\Desktop\F429\Drivers\obj\fifo.o
LOAD C:\Users\gcristian\Desktop\F429\Drivers\obj\i2c.o
LOAD C:\Users\gcristian\Desktop\F429\Drivers\obj\ioe.o
LOAD C:\Users\gcristian\Desktop\F429\Drivers\obj\led.o
LOAD C:\Users\gcristian\Desktop\F429\Drivers\obj\spi.o
LOAD C:\Users\gcristian\Desktop\F429\Drivers\obj\stm32fxxx_it.o
LOAD C:\Users\gcristian\Desktop\F429\Drivers\obj\sx12xxEiger.o
LOAD C:\Users\gcristian\Desktop\F429\Drivers\obj\sx1232-Hal.o
LOAD C:\Users\gcristian\Desktop\F429\Drivers\obj\sx1272-Hal.o
LOAD C:\Users\gcristian\Desktop\F429\Drivers\obj\sx1276-Hal.o
LOAD C:\Users\gcristian\Desktop\F429\Drivers\obj\sx1509.o
LOAD C:\Users\gcristian\Desktop\F429\Drivers\obj\uart.o
LOAD C:\Users\gcristian\Desktop\F429\Drivers\obj\misc.o
LOAD C:\Users\gcristian\Desktop\F429\Drivers\obj\stm32f4xx_adc.o
LOAD C:\Users\gcristian\Desktop\F429\Drivers\obj\stm32f4xx_dma.o
LOAD C:\Users\gcristian\Desktop\F429\Drivers\obj\stm32f4xx_exti.o
LOAD C:\Users\gcristian\Desktop\F429\Drivers\obj\stm32f4xx_flash.o
LOAD C:\Users\gcristian\Desktop\F429\Drivers\obj\stm32f4xx_fmc.o
LOAD C:\Users\gcristian\Desktop\F429\Drivers\obj\stm32f4xx_gpio.o
LOAD C:\Users\gcristian\Desktop\F429\Drivers\obj\stm32f4xx_i2c.o
LOAD C:\Users\gcristian\Desktop\F429\Drivers\obj\stm32f4xx_pwr.o
LOAD C:\Users\gcristian\Desktop\F429\Drivers\obj\stm32f4xx_rcc.o
LOAD C:\Users\gcristian\Desktop\F429\Drivers\obj\stm32f4xx_rtc.o
LOAD C:\Users\gcristian\Desktop\F429\Drivers\obj\stm32f4xx_sdio.o
LOAD C:\Users\gcristian\Desktop\F429\Drivers\obj\stm32f4xx_spi.o
LOAD C:\Users\gcristian\Desktop\F429\Drivers\obj\stm32f4xx_tim.o
LOAD C:\Users\gcristian\Desktop\F429\Drivers\obj\stm32f4xx_syscfg.o
LOAD C:\Users\gcristian\Desktop\F429\Drivers\obj\system_stm32f4xx.o
LOAD C:\Users\gcristian\Desktop\F429\Drivers\obj\usb_bsp.o
LOAD C:\Users\gcristian\Desktop\F429\Drivers\obj\usbd_cdc_vcp.o
LOAD C:\Users\gcristian\Desktop\F429\Drivers\obj\usbd_desc.o
LOAD C:\Users\gcristian\Desktop\F429\Drivers\obj\usbd_usr.o
LOAD C:\Users\gcristian\Desktop\F429\Drivers\obj\usbd_cdc_core.o
LOAD C:\Users\gcristian\Desktop\F429\Drivers\obj\usbd_core.o
LOAD C:\Users\gcristian\Desktop\F429\Drivers\obj\usbd_ioreq.o
LOAD C:\Users\gcristian\Desktop\F429\Drivers\obj\usbd_req.o
LOAD C:\Users\gcristian\Desktop\F429\Drivers\obj\usb_core.o
LOAD C:\Users\gcristian\Desktop\F429\Drivers\obj\usb_dcd.o
LOAD C:\Users\gcristian\Desktop\F429\Drivers\obj\usb_dcd_int.o
START GROUP
LOAD C:\Raisonance\Ride\Lib\ARM\STM32x_io_putchar_thumb.a
LOAD C:\Raisonance\Ride\Lib\ARM\std_sbrk_thumb.lib
LOAD C:\Raisonance\Ride\Lib\ARM\smallprintf_thumb.a
LOAD c:/raisonance/ride/arm-gcc/bin/../lib/gcc/arm-none-eabi/4.5.2/../../../../arm-none-eabi/lib/thumb2\libc.a
LOAD c:/raisonance/ride/arm-gcc/bin/../lib/gcc/arm-none-eabi/4.5.2/../../../../arm-none-eabi/lib/thumb2\libm.a
END GROUP
                0x00000001                ___SK_limit___ = 0x1
                0x00000100                __SVC_Stack_Size = 0x100
                0x00000400                __IRQ_Stack_Size = 0x400
                0x00000400                __USR_Stack_Size = 0x400
                0x00000100                __FIQ_Stack_Size = 0x100
                0x00000100                __ABT_Stack_Size = 0x100
                0x00000100                __UND_Stack_Size = 0x100
                0x00000100                PROVIDE (_SVC_Stack_Size, __SVC_Stack_Size)
                0x00000400                PROVIDE (_IRQ_Stack_Size, __IRQ_Stack_Size)
                0x00000400                PROVIDE (_USR_Stack_Size, __USR_Stack_Size)
                0x00000100                PROVIDE (_FIQ_Stack_Size, __FIQ_Stack_Size)
                0x00000100                PROVIDE (_ABT_Stack_Size, __ABT_Stack_Size)
                0x00000100                PROVIDE (_UND_Stack_Size, __UND_Stack_Size)
                0x20010000                __SVC_Stack_Init = _estack
                0x2000ff00                __IRQ_Stack_Init = (__SVC_Stack_Init - __SVC_Stack_Size)
                0x2000fb00                __USR_Stack_Init = (__IRQ_Stack_Init - __IRQ_Stack_Size)
                0x2000f700                __FIQ_Stack_Init = (__USR_Stack_Init - __USR_Stack_Size)
                0x2000f600                __ABT_Stack_Init = (__FIQ_Stack_Init - __FIQ_Stack_Size)
                0x2000f500                __UND_Stack_Init = (__ABT_Stack_Init - __ABT_Stack_Size)
                0x20010000                PROVIDE (_SVC_Stack_Init, __SVC_Stack_Init)
                0x2000ff00                PROVIDE (_IRQ_Stack_Init, __IRQ_Stack_Init)
                0x2000fb00                PROVIDE (_USR_Stack_Init, __USR_Stack_Init)
                0x2000f700                PROVIDE (_FIQ_Stack_Init, __FIQ_Stack_Init)
                0x2000f600                PROVIDE (_ABT_Stack_Init, __ABT_Stack_Init)
                0x2000f500                PROVIDE (_UND_Stack_Init, __UND_Stack_Init)
                0x00000400                __Stack_Size = 0x400
                0x00000400                PROVIDE (_Stack_Size, __Stack_Size)
                0x2000fc00                __Stack_Init = (_estack - __Stack_Size)
                0x2000fc00                PROVIDE (_Stack_Init, __Stack_Init)
                0x00000400                PROVIDE (_Minimum_Stack_Size, 0x400)
                0x20010000                PROVIDE (_vStackTop, _estack)
                0x20010000                _estack = 0x20010000
                0x00000000                PROVIDE (___SK_limit___, 0x0)

.ram_start1     0x20000000        0x0
                0x20000000                . = ALIGN (0x4)
 *(.ram_start1)
                0x20000000                . = ALIGN (0x4)

.ram_start2     0x20000000        0x0
                0x20000000                . = ALIGN (0x4)
 *(.ram_start2)
                0x20000000                . = ALIGN (0x4)

.ram_start3     0x20000000        0x0
                0x20000000                . = ALIGN (0x4)
 *(.ram_start3)
                0x20000000                . = ALIGN (0x4)

.isr_vector     0x08000000      0x188
                0x08000000                . = ALIGN (0x4)
 *(.isr_vector)
 .isr_vector    0x08000000      0x188 C:\Raisonance\Ride\Lib\ARM\startup_stm32f4xx.o
                0x08000000                g_pfnVectors
                0x08000188                . = ALIGN (0x4)

.flash_start    0x00000000        0x0
                0x00000000                . = ALIGN (0x4)
 *(.flash_start)
 *(.flash_start.*)
                0x00000000                . = ALIGN (0x4)

.crp_patch      0x00000000        0x0
                0x00000000                . = ALIGN (0x4)
 *(.crp_patch)
                0x00000000                . = ALIGN (0x4)

.flashtext      0x08000188        0x0
                0x08000188                . = ALIGN (0x4)
 *(.flashtext)
                0x08000188                . = ALIGN (0x4)

.text           0x08000188     0x94f4
                0x08000188                . = ALIGN (0x4)
 *(.text)
 .text          0x08000188      0x150 c:/raisonance/ride/arm-gcc/bin/../lib/gcc/arm-none-eabi/4.5.2/../../../../arm-none-eabi/lib/thumb2\libc.a(lib_a-memcpy.o)
                0x08000188                memcpy
 .text          0x080002d8       0xb4 c:/raisonance/ride/arm-gcc/bin/../lib/gcc/arm-none-eabi/4.5.2/../../../../arm-none-eabi/lib/thumb2\libc.a(lib_a-memset.o)
                0x080002d8                memset
 .text          0x0800038c       0xac c:/raisonance/ride/arm-gcc/bin/../lib/gcc/arm-none-eabi/4.5.2/../../../../arm-none-eabi/lib/thumb2\libc.a(lib_a-strncmp.o)
                0x0800038c                strncmp
 .text          0x08000438       0x98 c:/raisonance/ride/arm-gcc/bin/../lib/gcc/arm-none-eabi/4.5.2/../../../../arm-none-eabi/lib/thumb2\libm.a(lib_a-s_round.o)
                0x08000438                round
 .text          0x080004d0      0x370 c:/raisonance/ride/arm-gcc/bin/../lib/gcc/arm-none-eabi/4.5.2/thumb2\libgcc.a(_arm_addsubdf3.o)
                0x080004d0                __aeabi_drsub
                0x080004d8                __aeabi_dsub
                0x080004d8                __subdf3
                0x080004dc                __aeabi_dadd
                0x080004dc                __adddf3
                0x08000754                __floatunsidf
                0x08000754                __aeabi_ui2d
                0x08000774                __floatsidf
                0x08000774                __aeabi_i2d
                0x08000798                __aeabi_f2d
                0x08000798                __extendsfdf2
                0x080007d4                __floatundidf
                0x080007d4                __aeabi_ul2d
                0x080007e4                __floatdidf
                0x080007e4                __aeabi_l2d
 .text          0x08000840      0x424 c:/raisonance/ride/arm-gcc/bin/../lib/gcc/arm-none-eabi/4.5.2/thumb2\libgcc.a(_arm_muldivdf3.o)
                0x08000840                __aeabi_dmul
                0x08000840                __muldf3
                0x08000a94                __divdf3
                0x08000a94                __aeabi_ddiv
 .text          0x08000c64       0x50 c:/raisonance/ride/arm-gcc/bin/../lib/gcc/arm-none-eabi/4.5.2/thumb2\libgcc.a(_arm_fixdfsi.o)
                0x08000c64                __aeabi_d2iz
                0x08000c64                __fixdfsi
 .text          0x08000cb4       0x40 c:/raisonance/ride/arm-gcc/bin/../lib/gcc/arm-none-eabi/4.5.2/thumb2\libgcc.a(_arm_fixunsdfsi.o)
                0x08000cb4                __aeabi_d2uiz
                0x08000cb4                __fixunsdfsi
 *(.text.*)
 .text.Reset_Handler
                0x08000cf4       0x44 C:\Raisonance\Ride\Lib\ARM\startup_stm32f4xx.o
                0x08000cf4                Reset_Handler
 .text.Default_Handler
                0x08000d38        0x2 C:\Raisonance\Ride\Lib\ARM\startup_stm32f4xx.o
                0x08000d38                RTC_Alarm_IRQHandler
                0x08000d38                HASH_RNG_IRQHandler
                0x08000d38                EXTI2_IRQHandler
                0x08000d38                TIM8_CC_IRQHandler
                0x08000d38                TIM1_CC_IRQHandler
                0x08000d38                DMA2_Stream5_IRQHandler
                0x08000d38                HardFault_Handler
                0x08000d38                DMA1_Stream5_IRQHandler
                0x08000d38                PVD_IRQHandler
                0x08000d38                SDIO_IRQHandler
                0x08000d38                TAMP_STAMP_IRQHandler
                0x08000d38                CAN2_RX1_IRQHandler
                0x08000d38                EXTI3_IRQHandler
                0x08000d38                TIM8_TRG_COM_TIM14_IRQHandler
                0x08000d38                TIM1_UP_TIM10_IRQHandler
                0x08000d38                TIM8_UP_TIM13_IRQHandler
                0x08000d38                I2C3_ER_IRQHandler
                0x08000d38                EXTI0_IRQHandler
                0x08000d38                I2C2_EV_IRQHandler
                0x08000d38                DMA1_Stream2_IRQHandler
                0x08000d38                CAN1_RX0_IRQHandler
                0x08000d38                FPU_IRQHandler
                0x08000d38                CAN2_SCE_IRQHandler
                0x08000d38                DMA2_Stream2_IRQHandler
                0x08000d38                SPI1_IRQHandler
                0x08000d38                TIM6_DAC_IRQHandler
                0x08000d38                TIM1_BRK_TIM9_IRQHandler
                0x08000d38                DCMI_IRQHandler
                0x08000d38                CAN2_RX0_IRQHandler
                0x08000d38                DMA2_Stream3_IRQHandler
                0x08000d38                USART6_IRQHandler
                0x08000d38                USART3_IRQHandler
                0x08000d38                CRYP_IRQHandler
                0x08000d38                CAN1_RX1_IRQHandler
                0x08000d38                UART5_IRQHandler
                0x08000d38                DMA2_Stream0_IRQHandler
                0x08000d38                TIM4_IRQHandler
                0x08000d38                I2C1_EV_IRQHandler
                0x08000d38                DMA1_Stream6_IRQHandler
                0x08000d38                DMA1_Stream1_IRQHandler
                0x08000d38                UART4_IRQHandler
                0x08000d38                TIM3_IRQHandler
                0x08000d38                RCC_IRQHandler
                0x08000d38                TIM8_BRK_TIM12_IRQHandler
                0x08000d38                Default_Handler
                0x08000d38                EXTI15_10_IRQHandler
                0x08000d38                ADC_IRQHandler
                0x08000d38                DMA1_Stream7_IRQHandler
                0x08000d38                TIM7_IRQHandler
                0x08000d38                CAN2_TX_IRQHandler
                0x08000d38                TIM5_IRQHandler
                0x08000d38                DMA2_Stream7_IRQHandler
                0x08000d38                I2C3_EV_IRQHandler
                0x08000d38                EXTI9_5_IRQHandler
                0x08000d38                RTC_WKUP_IRQHandler
                0x08000d38                ETH_WKUP_IRQHandler
                0x08000d38                SPI2_IRQHandler
                0x08000d38                DMA1_Stream0_IRQHandler
                0x08000d38                CAN1_TX_IRQHandler
                0x08000d38                EXTI4_IRQHandler
                0x08000d38                FSMC_IRQHandler
                0x08000d38                ETH_IRQHandler
                0x08000d38                WWDG_IRQHandler
                0x08000d38                TIM2_IRQHandler
                0x08000d38                OTG_FS_WKUP_IRQHandler
                0x08000d38                TIM1_TRG_COM_TIM11_IRQHandler
                0x08000d38                EXTI1_IRQHandler
                0x08000d38                USART2_IRQHandler
                0x08000d38                I2C2_ER_IRQHandler
                0x08000d38                DMA2_Stream1_IRQHandler
                0x08000d38                CAN1_SCE_IRQHandler
                0x08000d38                FLASH_IRQHandler
                0x08000d38                DMA2_Stream4_IRQHandler
                0x08000d38                USART1_IRQHandler
                0x08000d38                OTG_FS_IRQHandler
                0x08000d38                SPI3_IRQHandler
                0x08000d38                DMA1_Stream4_IRQHandler
                0x08000d38                I2C1_ER_IRQHandler
                0x08000d38                DMA2_Stream6_IRQHandler
                0x08000d38                DMA1_Stream3_IRQHandler
 *fill*         0x08000d3a        0x2 00
 .text.OnMaster
                0x08000d3c      0x16c C:\Users\gcristian\Desktop\F429\Drivers\obj\main.o
                0x08000d3c                OnMaster
 .text.OnSlave  0x08000ea8       0xdc C:\Users\gcristian\Desktop\F429\Drivers\obj\main.o
                0x08000ea8                OnSlave
 .text.main     0x08000f84       0x40 C:\Users\gcristian\Desktop\F429\Drivers\obj\main.o
                0x08000f84                main
 .text.RadioDriverInit
                0x08000fc4       0x50 C:\Users\gcristian\Desktop\F429\Drivers\obj\radio.o
                0x08000fc4                RadioDriverInit
 .text.SX1276Init
                0x08001014       0x40 C:\Users\gcristian\Desktop\F429\Drivers\obj\sx1276.o
                0x08001014                SX1276Init
 .text.SX1276Reset
                0x08001054       0x48 C:\Users\gcristian\Desktop\F429\Drivers\obj\sx1276.o
                0x08001054                SX1276Reset
 .text.SX1276SetLoRaOn
                0x0800109c       0xf4 C:\Users\gcristian\Desktop\F429\Drivers\obj\sx1276.o
                0x0800109c                SX1276SetLoRaOn
 .text.SX1276StartRx
                0x08001190       0x2c C:\Users\gcristian\Desktop\F429\Drivers\obj\sx1276.o
                0x08001190                SX1276StartRx
 .text.SX1276GetRxPacket
                0x080011bc       0x38 C:\Users\gcristian\Desktop\F429\Drivers\obj\sx1276.o
                0x080011bc                SX1276GetRxPacket
 .text.SX1276SetTxPacket
                0x080011f4       0x3c C:\Users\gcristian\Desktop\F429\Drivers\obj\sx1276.o
                0x080011f4                SX1276SetTxPacket
 .text.SX1276Process
                0x08001230       0x28 C:\Users\gcristian\Desktop\F429\Drivers\obj\sx1276.o
                0x08001230                SX1276Process
 .text.SX1276FskSetOpMode
                0x08001258       0x98 C:\Users\gcristian\Desktop\F429\Drivers\obj\sx1276-Fsk.o
                0x08001258                SX1276FskSetOpMode
 .text.SX1276FskReadAfc
                0x080012f0       0x80 C:\Users\gcristian\Desktop\F429\Drivers\obj\sx1276-Fsk.o
                0x080012f0                SX1276FskReadAfc
 .text.SX1276FskReadRxGain
                0x08001370       0x2c C:\Users\gcristian\Desktop\F429\Drivers\obj\sx1276-Fsk.o
                0x08001370                SX1276FskReadRxGain
 .text.SX1276FskReadRssi
                0x0800139c       0x50 C:\Users\gcristian\Desktop\F429\Drivers\obj\sx1276-Fsk.o
                0x0800139c                SX1276FskReadRssi
 .text.SX1276FskGetRxPacket
                0x080013ec       0x38 C:\Users\gcristian\Desktop\F429\Drivers\obj\sx1276-Fsk.o
                0x080013ec                SX1276FskGetRxPacket
 .text.SX1276FskSetTxPacket
                0x08001424       0x3c C:\Users\gcristian\Desktop\F429\Drivers\obj\sx1276-Fsk.o
                0x08001424                SX1276FskSetTxPacket
 .text.SX1276FskGetPacketPayloadSize
                0x08001460       0x94 C:\Users\gcristian\Desktop\F429\Drivers\obj\sx1276-Fsk.o
                0x08001460                SX1276FskGetPacketPayloadSize
 .text.SX1276FskSetRFState
                0x080014f4       0x20 C:\Users\gcristian\Desktop\F429\Drivers\obj\sx1276-Fsk.o
                0x080014f4                SX1276FskSetRFState
 *fill*         0x08001514        0x4 00
 .text.SX1276FskProcess
                0x08001518      0x818 C:\Users\gcristian\Desktop\F429\Drivers\obj\sx1276-Fsk.o
                0x08001518                SX1276FskProcess
 .text.SX1276LoRaInit
                0x08001d30      0x100 C:\Users\gcristian\Desktop\F429\Drivers\obj\sx1276-LoRa.o
                0x08001d30                SX1276LoRaInit
 .text.SX1276LoRaSetDefaults
                0x08001e30       0x1c C:\Users\gcristian\Desktop\F429\Drivers\obj\sx1276-LoRa.o
                0x08001e30                SX1276LoRaSetDefaults
 .text.SX1276LoRaSetOpMode
                0x08001e4c       0x98 C:\Users\gcristian\Desktop\F429\Drivers\obj\sx1276-LoRa.o
                0x08001e4c                SX1276LoRaSetOpMode
 .text.SX1276LoRaReadRxGain
                0x08001ee4       0x2c C:\Users\gcristian\Desktop\F429\Drivers\obj\sx1276-LoRa.o
                0x08001ee4                SX1276LoRaReadRxGain
 .text.SX1276LoRaGetRxPacket
                0x08001f10       0x38 C:\Users\gcristian\Desktop\F429\Drivers\obj\sx1276-LoRa.o
                0x08001f10                SX1276LoRaGetRxPacket
 .text.SX1276LoRaSetTxPacket
                0x08001f48       0x3c C:\Users\gcristian\Desktop\F429\Drivers\obj\sx1276-LoRa.o
                0x08001f48                SX1276LoRaSetTxPacket
 .text.SX1276LoRaSetRFState
                0x08001f84       0x20 C:\Users\gcristian\Desktop\F429\Drivers\obj\sx1276-LoRa.o
                0x08001f84                SX1276LoRaSetRFState
 *fill*         0x08001fa4        0x4 00
 .text.SX1276LoRaProcess
                0x08001fa8      0x848 C:\Users\gcristian\Desktop\F429\Drivers\obj\sx1276-LoRa.o
                0x08001fa8                SX1276LoRaProcess
 .text.SX1276LoRaSetRFFrequency
                0x080027f0       0x90 C:\Users\gcristian\Desktop\F429\Drivers\obj\sx1276-LoRaMisc.o
                0x080027f0                SX1276LoRaSetRFFrequency
 .text.SX1276LoRaSetRFPower
                0x08002880      0x188 C:\Users\gcristian\Desktop\F429\Drivers\obj\sx1276-LoRaMisc.o
                0x08002880                SX1276LoRaSetRFPower
 .text.SX1276LoRaSetSignalBandwidth
                0x08002a08       0x68 C:\Users\gcristian\Desktop\F429\Drivers\obj\sx1276-LoRaMisc.o
                0x08002a08                SX1276LoRaSetSignalBandwidth
 .text.SX1276LoRaSetSpreadingFactor
                0x08002a70       0x98 C:\Users\gcristian\Desktop\F429\Drivers\obj\sx1276-LoRaMisc.o
                0x08002a70                SX1276LoRaSetSpreadingFactor
 .text.SX1276LoRaSetErrorCoding
                0x08002b08       0x68 C:\Users\gcristian\Desktop\F429\Drivers\obj\sx1276-LoRaMisc.o
                0x08002b08                SX1276LoRaSetErrorCoding
 .text.SX1276LoRaSetPacketCrcOn
                0x08002b70       0x68 C:\Users\gcristian\Desktop\F429\Drivers\obj\sx1276-LoRaMisc.o
                0x08002b70                SX1276LoRaSetPacketCrcOn
 .text.SX1276LoRaSetImplicitHeaderOn
                0x08002bd8       0x60 C:\Users\gcristian\Desktop\F429\Drivers\obj\sx1276-LoRaMisc.o
                0x08002bd8                SX1276LoRaSetImplicitHeaderOn
 .text.SX1276LoRaSetPayloadLength
                0x08002c38       0x3c C:\Users\gcristian\Desktop\F429\Drivers\obj\sx1276-LoRaMisc.o
                0x08002c38                SX1276LoRaSetPayloadLength
 .text.SX1276LoRaSetPa20dBm
                0x08002c74       0x7c C:\Users\gcristian\Desktop\F429\Drivers\obj\sx1276-LoRaMisc.o
                0x08002c74                SX1276LoRaSetPa20dBm
 .text.SX1276LoRaSetPAOutput
                0x08002cf0       0x58 C:\Users\gcristian\Desktop\F429\Drivers\obj\sx1276-LoRaMisc.o
                0x08002cf0                SX1276LoRaSetPAOutput
 .text.SX1276LoRaSetSymbTimeout
                0x08002d48       0x78 C:\Users\gcristian\Desktop\F429\Drivers\obj\sx1276-LoRaMisc.o
                0x08002d48                SX1276LoRaSetSymbTimeout
 .text.SX1276LoRaSetLowDatarateOptimize
                0x08002dc0       0x64 C:\Users\gcristian\Desktop\F429\Drivers\obj\sx1276-LoRaMisc.o
                0x08002dc0                SX1276LoRaSetLowDatarateOptimize
 .text.SX1276LoRaSetNbTrigPeaks
                0x08002e24       0x5c C:\Users\gcristian\Desktop\F429\Drivers\obj\sx1276-LoRaMisc.o
                0x08002e24                SX1276LoRaSetNbTrigPeaks
 .text.FifoNext
                0x08002e80       0x30 C:\Users\gcristian\Desktop\F429\Drivers\obj\fifo.o
 .text.FifoInit
                0x08002eb0       0x34 C:\Users\gcristian\Desktop\F429\Drivers\obj\fifo.o
                0x08002eb0                FifoInit
 .text.FifoPush
                0x08002ee4       0x3c C:\Users\gcristian\Desktop\F429\Drivers\obj\fifo.o
                0x08002ee4                FifoPush
 .text.FifoPop  0x08002f20       0x44 C:\Users\gcristian\Desktop\F429\Drivers\obj\fifo.o
                0x08002f20                FifoPop
 .text.IsFifoEmpty
                0x08002f64       0x28 C:\Users\gcristian\Desktop\F429\Drivers\obj\fifo.o
                0x08002f64                IsFifoEmpty
 .text.I2cFsmcClkEnable
                0x08002f8c       0x14 C:\Users\gcristian\Desktop\F429\Drivers\obj\i2c.o
 .text.I2cInit  0x08002fa0       0x18 C:\Users\gcristian\Desktop\F429\Drivers\obj\i2c.o
                0x08002fa0                I2cInit
 .text.I2cWriteBuffer
                0x08002fb8      0x26c C:\Users\gcristian\Desktop\F429\Drivers\obj\i2c.o
                0x08002fb8                I2cWriteBuffer
 .text.I2cReadBuffer
                0x08003224      0x334 C:\Users\gcristian\Desktop\F429\Drivers\obj\i2c.o
                0x08003224                I2cReadBuffer
 .text.I2cGpioConfig
                0x08003558       0x80 C:\Users\gcristian\Desktop\F429\Drivers\obj\i2c.o
 .text.I2cConfig
                0x080035d8       0x4c C:\Users\gcristian\Desktop\F429\Drivers\obj\i2c.o
 .text.IoePinWrite
                0x08003624       0x68 C:\Users\gcristian\Desktop\F429\Drivers\obj\ioe.o
 .text.IoePinRead
                0x0800368c       0x70 C:\Users\gcristian\Desktop\F429\Drivers\obj\ioe.o
 .text.IoePinOn
                0x080036fc       0x50 C:\Users\gcristian\Desktop\F429\Drivers\obj\ioe.o
                0x080036fc                IoePinOn
 .text.IoePinOff
                0x0800374c       0x50 C:\Users\gcristian\Desktop\F429\Drivers\obj\ioe.o
                0x0800374c                IoePinOff
 .text.IoePinGet
                0x0800379c       0x58 C:\Users\gcristian\Desktop\F429\Drivers\obj\ioe.o
                0x0800379c                IoePinGet
 .text.IoeInit  0x080037f4      0x13c C:\Users\gcristian\Desktop\F429\Drivers\obj\ioe.o
                0x080037f4                IoeInit
 .text.LedInit  0x08003930       0x84 C:\Users\gcristian\Desktop\F429\Drivers\obj\led.o
                0x08003930                LedInit
 .text.LedOff   0x080039b4       0x38 C:\Users\gcristian\Desktop\F429\Drivers\obj\led.o
                0x080039b4                LedOff
 .text.LedToggle
                0x080039ec       0x3c C:\Users\gcristian\Desktop\F429\Drivers\obj\led.o
                0x080039ec                LedToggle
 .text.SpiInit  0x08003a28       0xf4 C:\Users\gcristian\Desktop\F429\Drivers\obj\spi.o
                0x08003a28                SpiInit
 .text.SpiInOut
                0x08003b1c       0x40 C:\Users\gcristian\Desktop\F429\Drivers\obj\spi.o
                0x08003b1c                SpiInOut
 .text.NMI_Handler
                0x08003b5c        0xc C:\Users\gcristian\Desktop\F429\Drivers\obj\stm32fxxx_it.o
                0x08003b5c                NMI_Handler
 .text.MemManage_Handler
                0x08003b68        0x8 C:\Users\gcristian\Desktop\F429\Drivers\obj\stm32fxxx_it.o
                0x08003b68                MemManage_Handler
 .text.BusFault_Handler
                0x08003b70        0x8 C:\Users\gcristian\Desktop\F429\Drivers\obj\stm32fxxx_it.o
                0x08003b70                BusFault_Handler
 .text.UsageFault_Handler
                0x08003b78        0x8 C:\Users\gcristian\Desktop\F429\Drivers\obj\stm32fxxx_it.o
                0x08003b78                UsageFault_Handler
 .text.SVC_Handler
                0x08003b80        0xc C:\Users\gcristian\Desktop\F429\Drivers\obj\stm32fxxx_it.o
                0x08003b80                SVC_Handler
 .text.DebugMon_Handler
                0x08003b8c        0xc C:\Users\gcristian\Desktop\F429\Drivers\obj\stm32fxxx_it.o
                0x08003b8c                DebugMon_Handler
 .text.PendSV_Handler
                0x08003b98        0xc C:\Users\gcristian\Desktop\F429\Drivers\obj\stm32fxxx_it.o
                0x08003b98                PendSV_Handler
 .text.SysTick_Handler
                0x08003ba4       0x1c C:\Users\gcristian\Desktop\F429\Drivers\obj\stm32fxxx_it.o
                0x08003ba4                SysTick_Handler
 .text.OTG_HS_WKUP_IRQHandler
                0x08003bc0       0x34 C:\Users\gcristian\Desktop\F429\Drivers\obj\stm32fxxx_it.o
                0x08003bc0                OTG_HS_WKUP_IRQHandler
 .text.OTG_HS_IRQHandler
                0x08003bf4       0x10 C:\Users\gcristian\Desktop\F429\Drivers\obj\stm32fxxx_it.o
                0x08003bf4                OTG_HS_IRQHandler
 .text.OTG_HS_EP1_IN_IRQHandler
                0x08003c04       0x10 C:\Users\gcristian\Desktop\F429\Drivers\obj\stm32fxxx_it.o
                0x08003c04                OTG_HS_EP1_IN_IRQHandler
 .text.OTG_HS_EP1_OUT_IRQHandler
                0x08003c14       0x10 C:\Users\gcristian\Desktop\F429\Drivers\obj\stm32fxxx_it.o
                0x08003c14                OTG_HS_EP1_OUT_IRQHandler
 .text.NVIC_SetPriority
                0x08003c24       0x58 C:\Users\gcristian\Desktop\F429\Drivers\obj\sx12xxEiger.o
 .text.SysTick_Config
                0x08003c7c       0x54 C:\Users\gcristian\Desktop\F429\Drivers\obj\sx12xxEiger.o
 .text.BoardInit
                0x08003cd0       0x98 C:\Users\gcristian\Desktop\F429\Drivers\obj\sx12xxEiger.o
                0x08003cd0                BoardInit
 .text.SX1276InitIo
                0x08003d68       0x98 C:\Users\gcristian\Desktop\F429\Drivers\obj\sx1276-Hal.o
                0x08003d68                SX1276InitIo
 .text.SX1276SetReset
                0x08003e00       0x70 C:\Users\gcristian\Desktop\F429\Drivers\obj\sx1276-Hal.o
                0x08003e00                SX1276SetReset
 .text.SX1276Write
                0x08003e70       0x28 C:\Users\gcristian\Desktop\F429\Drivers\obj\sx1276-Hal.o
                0x08003e70                SX1276Write
 .text.SX1276Read
                0x08003e98       0x24 C:\Users\gcristian\Desktop\F429\Drivers\obj\sx1276-Hal.o
                0x08003e98                SX1276Read
 .text.SX1276WriteBuffer
                0x08003ebc       0x6c C:\Users\gcristian\Desktop\F429\Drivers\obj\sx1276-Hal.o
                0x08003ebc                SX1276WriteBuffer
 .text.SX1276ReadBuffer
                0x08003f28       0x70 C:\Users\gcristian\Desktop\F429\Drivers\obj\sx1276-Hal.o
                0x08003f28                SX1276ReadBuffer
 .text.SX1276WriteFifo
                0x08003f98       0x24 C:\Users\gcristian\Desktop\F429\Drivers\obj\sx1276-Hal.o
                0x08003f98                SX1276WriteFifo
 .text.SX1276ReadFifo
                0x08003fbc       0x24 C:\Users\gcristian\Desktop\F429\Drivers\obj\sx1276-Hal.o
                0x08003fbc                SX1276ReadFifo
 .text.SX1276ReadDio0
                0x08003fe0       0x18 C:\Users\gcristian\Desktop\F429\Drivers\obj\sx1276-Hal.o
                0x08003fe0                SX1276ReadDio0
 .text.SX1276ReadDio1
                0x08003ff8       0x18 C:\Users\gcristian\Desktop\F429\Drivers\obj\sx1276-Hal.o
                0x08003ff8                SX1276ReadDio1
 .text.SX1276ReadDio2
                0x08004010       0x18 C:\Users\gcristian\Desktop\F429\Drivers\obj\sx1276-Hal.o
                0x08004010                SX1276ReadDio2
 .text.SX1276ReadDio3
                0x08004028       0x14 C:\Users\gcristian\Desktop\F429\Drivers\obj\sx1276-Hal.o
                0x08004028                SX1276ReadDio3
 .text.SX1276ReadDio4
                0x0800403c       0x14 C:\Users\gcristian\Desktop\F429\Drivers\obj\sx1276-Hal.o
                0x0800403c                SX1276ReadDio4
 .text.SX1276WriteRxTx
                0x08004050       0x3c C:\Users\gcristian\Desktop\F429\Drivers\obj\sx1276-Hal.o
                0x08004050                SX1276WriteRxTx
 .text.SX1509Reset
                0x0800408c       0x38 C:\Users\gcristian\Desktop\F429\Drivers\obj\sx1509.o
                0x0800408c                SX1509Reset
 .text.SX1509Write
                0x080040c4       0x2c C:\Users\gcristian\Desktop\F429\Drivers\obj\sx1509.o
                0x080040c4                SX1509Write
 .text.SX1509WriteBuffer
                0x080040f0       0x44 C:\Users\gcristian\Desktop\F429\Drivers\obj\sx1509.o
                0x080040f0                SX1509WriteBuffer
 .text.SX1509Read
                0x08004134       0x28 C:\Users\gcristian\Desktop\F429\Drivers\obj\sx1509.o
                0x08004134                SX1509Read
 .text.SX1509ReadBuffer
                0x0800415c       0x44 C:\Users\gcristian\Desktop\F429\Drivers\obj\sx1509.o
                0x0800415c                SX1509ReadBuffer
 .text.SX1509SetDeviceAddr
                0x080041a0       0x20 C:\Users\gcristian\Desktop\F429\Drivers\obj\sx1509.o
                0x080041a0                SX1509SetDeviceAddr
 .text.UartInit
                0x080041c0       0x34 C:\Users\gcristian\Desktop\F429\Drivers\obj\uart.o
                0x080041c0                UartInit
 .text.NVIC_PriorityGroupConfig
                0x080041f4       0x24 C:\Users\gcristian\Desktop\F429\Drivers\obj\misc.o
                0x080041f4                NVIC_PriorityGroupConfig
 .text.NVIC_Init
                0x08004218       0xd8 C:\Users\gcristian\Desktop\F429\Drivers\obj\misc.o
                0x08004218                NVIC_Init
 .text.EXTI_ClearITPendingBit
                0x080042f0       0x1c C:\Users\gcristian\Desktop\F429\Drivers\obj\stm32f4xx_exti.o
                0x080042f0                EXTI_ClearITPendingBit
 .text.GPIO_Init
                0x0800430c      0x148 C:\Users\gcristian\Desktop\F429\Drivers\obj\stm32f4xx_gpio.o
                0x0800430c                GPIO_Init
 .text.GPIO_ReadInputDataBit
                0x08004454       0x3c C:\Users\gcristian\Desktop\F429\Drivers\obj\stm32f4xx_gpio.o
                0x08004454                GPIO_ReadInputDataBit
 .text.GPIO_WriteBit
                0x08004490       0x30 C:\Users\gcristian\Desktop\F429\Drivers\obj\stm32f4xx_gpio.o
                0x08004490                GPIO_WriteBit
 .text.GPIO_PinAFConfig
                0x080044c0       0xac C:\Users\gcristian\Desktop\F429\Drivers\obj\stm32f4xx_gpio.o
                0x080044c0                GPIO_PinAFConfig
 .text.I2C_DeInit
                0x0800456c       0x80 C:\Users\gcristian\Desktop\F429\Drivers\obj\stm32f4xx_i2c.o
                0x0800456c                I2C_DeInit
 .text.I2C_Init
                0x080045ec      0x1b0 C:\Users\gcristian\Desktop\F429\Drivers\obj\stm32f4xx_i2c.o
                0x080045ec                I2C_Init
 .text.I2C_Cmd  0x0800479c       0x40 C:\Users\gcristian\Desktop\F429\Drivers\obj\stm32f4xx_i2c.o
                0x0800479c                I2C_Cmd
 .text.I2C_GenerateSTART
                0x080047dc       0x40 C:\Users\gcristian\Desktop\F429\Drivers\obj\stm32f4xx_i2c.o
                0x080047dc                I2C_GenerateSTART
 .text.I2C_GenerateSTOP
                0x0800481c       0x40 C:\Users\gcristian\Desktop\F429\Drivers\obj\stm32f4xx_i2c.o
                0x0800481c                I2C_GenerateSTOP
 .text.I2C_Send7bitAddress
                0x0800485c       0x3c C:\Users\gcristian\Desktop\F429\Drivers\obj\stm32f4xx_i2c.o
                0x0800485c                I2C_Send7bitAddress
 .text.I2C_AcknowledgeConfig
                0x08004898       0x40 C:\Users\gcristian\Desktop\F429\Drivers\obj\stm32f4xx_i2c.o
                0x08004898                I2C_AcknowledgeConfig
 .text.I2C_SendData
                0x080048d8       0x20 C:\Users\gcristian\Desktop\F429\Drivers\obj\stm32f4xx_i2c.o
                0x080048d8                I2C_SendData
 .text.I2C_ReceiveData
                0x080048f8       0x1c C:\Users\gcristian\Desktop\F429\Drivers\obj\stm32f4xx_i2c.o
                0x080048f8                I2C_ReceiveData
 .text.I2C_CheckEvent
                0x08004914       0x70 C:\Users\gcristian\Desktop\F429\Drivers\obj\stm32f4xx_i2c.o
                0x08004914                I2C_CheckEvent
 .text.I2C_GetFlagStatus
                0x08004984       0x7c C:\Users\gcristian\Desktop\F429\Drivers\obj\stm32f4xx_i2c.o
                0x08004984                I2C_GetFlagStatus
 .text.RCC_GetClocksFreq
                0x08004a00      0x17c C:\Users\gcristian\Desktop\F429\Drivers\obj\stm32f4xx_rcc.o
                0x08004a00                RCC_GetClocksFreq
 .text.RCC_AHB1PeriphClockCmd
                0x08004b7c       0x44 C:\Users\gcristian\Desktop\F429\Drivers\obj\stm32f4xx_rcc.o
                0x08004b7c                RCC_AHB1PeriphClockCmd
 .text.RCC_APB1PeriphClockCmd
                0x08004bc0       0x44 C:\Users\gcristian\Desktop\F429\Drivers\obj\stm32f4xx_rcc.o
                0x08004bc0                RCC_APB1PeriphClockCmd
 .text.RCC_APB2PeriphClockCmd
                0x08004c04       0x44 C:\Users\gcristian\Desktop\F429\Drivers\obj\stm32f4xx_rcc.o
                0x08004c04                RCC_APB2PeriphClockCmd
 .text.RCC_APB1PeriphResetCmd
                0x08004c48       0x44 C:\Users\gcristian\Desktop\F429\Drivers\obj\stm32f4xx_rcc.o
                0x08004c48                RCC_APB1PeriphResetCmd
 .text.RCC_AHB1PeriphClockLPModeCmd
                0x08004c8c       0x44 C:\Users\gcristian\Desktop\F429\Drivers\obj\stm32f4xx_rcc.o
                0x08004c8c                RCC_AHB1PeriphClockLPModeCmd
 .text.SPI_Init
                0x08004cd0       0x98 C:\Users\gcristian\Desktop\F429\Drivers\obj\stm32f4xx_spi.o
                0x08004cd0                SPI_Init
 .text.SPI_Cmd  0x08004d68       0x40 C:\Users\gcristian\Desktop\F429\Drivers\obj\stm32f4xx_spi.o
                0x08004d68                SPI_Cmd
 .text.SPI_I2S_ReceiveData
                0x08004da8       0x1c C:\Users\gcristian\Desktop\F429\Drivers\obj\stm32f4xx_spi.o
                0x08004da8                SPI_I2S_ReceiveData
 .text.SPI_I2S_SendData
                0x08004dc4       0x1c C:\Users\gcristian\Desktop\F429\Drivers\obj\stm32f4xx_spi.o
                0x08004dc4                SPI_I2S_SendData
 .text.SPI_I2S_GetFlagStatus
                0x08004de0       0x40 C:\Users\gcristian\Desktop\F429\Drivers\obj\stm32f4xx_spi.o
                0x08004de0                SPI_I2S_GetFlagStatus
 .text.SystemInit
                0x08004e20       0x5c C:\Users\gcristian\Desktop\F429\Drivers\obj\system_stm32f4xx.o
                0x08004e20                SystemInit
 .text.SetSysClock
                0x08004e7c      0x100 C:\Users\gcristian\Desktop\F429\Drivers\obj\system_stm32f4xx.o
 .text.USB_OTG_BSP_Init
                0x08004f7c       0xac C:\Users\gcristian\Desktop\F429\Drivers\obj\usb_bsp.o
                0x08004f7c                USB_OTG_BSP_Init
 .text.USB_OTG_BSP_EnableInterrupt
                0x08005028       0x90 C:\Users\gcristian\Desktop\F429\Drivers\obj\usb_bsp.o
                0x08005028                USB_OTG_BSP_EnableInterrupt
 .text.USB_OTG_BSP_uDelay
                0x080050b8       0x54 C:\Users\gcristian\Desktop\F429\Drivers\obj\usb_bsp.o
                0x080050b8                USB_OTG_BSP_uDelay
 .text.USB_OTG_BSP_mDelay
                0x0800510c       0x20 C:\Users\gcristian\Desktop\F429\Drivers\obj\usb_bsp.o
                0x0800510c                USB_OTG_BSP_mDelay
 .text.VCP_Init
                0x0800512c       0x10 C:\Users\gcristian\Desktop\F429\Drivers\obj\usbd_cdc_vcp.o
 .text.VCP_DeInit
                0x0800513c       0x10 C:\Users\gcristian\Desktop\F429\Drivers\obj\usbd_cdc_vcp.o
 .text.VCP_Ctrl
                0x0800514c      0x18c C:\Users\gcristian\Desktop\F429\Drivers\obj\usbd_cdc_vcp.o
 .text.VCP_DataTx
                0x080052d8       0x84 C:\Users\gcristian\Desktop\F429\Drivers\obj\usbd_cdc_vcp.o
 .text.VCP_DataRx
                0x0800535c       0x50 C:\Users\gcristian\Desktop\F429\Drivers\obj\usbd_cdc_vcp.o
 .text.VCP_COMConfig
                0x080053ac       0x1c C:\Users\gcristian\Desktop\F429\Drivers\obj\usbd_cdc_vcp.o
 .text.USBD_USR_DeviceDescriptor
                0x080053c8       0x28 C:\Users\gcristian\Desktop\F429\Drivers\obj\usbd_desc.o
                0x080053c8                USBD_USR_DeviceDescriptor
 .text.USBD_USR_LangIDStrDescriptor
                0x080053f0       0x28 C:\Users\gcristian\Desktop\F429\Drivers\obj\usbd_desc.o
                0x080053f0                USBD_USR_LangIDStrDescriptor
 .text.USBD_USR_ProductStrDescriptor
                0x08005418       0x44 C:\Users\gcristian\Desktop\F429\Drivers\obj\usbd_desc.o
                0x08005418                USBD_USR_ProductStrDescriptor
 .text.USBD_USR_ManufacturerStrDescriptor
                0x0800545c       0x2c C:\Users\gcristian\Desktop\F429\Drivers\obj\usbd_desc.o
                0x0800545c                USBD_USR_ManufacturerStrDescriptor
 .text.USBD_USR_SerialStrDescriptor
                0x08005488       0x44 C:\Users\gcristian\Desktop\F429\Drivers\obj\usbd_desc.o
                0x08005488                USBD_USR_SerialStrDescriptor
 .text.USBD_USR_ConfigStrDescriptor
                0x080054cc       0x40 C:\Users\gcristian\Desktop\F429\Drivers\obj\usbd_desc.o
                0x080054cc                USBD_USR_ConfigStrDescriptor
 .text.USBD_USR_InterfaceStrDescriptor
                0x0800550c       0x40 C:\Users\gcristian\Desktop\F429\Drivers\obj\usbd_desc.o
                0x0800550c                USBD_USR_InterfaceStrDescriptor
 .text.USBD_USR_Init
                0x0800554c        0xc C:\Users\gcristian\Desktop\F429\Drivers\obj\usbd_usr.o
                0x0800554c                USBD_USR_Init
 .text.USBD_USR_DeviceReset
                0x08005558       0x20 C:\Users\gcristian\Desktop\F429\Drivers\obj\usbd_usr.o
                0x08005558                USBD_USR_DeviceReset
 .text.USBD_USR_DeviceConfigured
                0x08005578        0xc C:\Users\gcristian\Desktop\F429\Drivers\obj\usbd_usr.o
                0x08005578                USBD_USR_DeviceConfigured
 .text.USBD_USR_DeviceSuspended
                0x08005584        0xc C:\Users\gcristian\Desktop\F429\Drivers\obj\usbd_usr.o
                0x08005584                USBD_USR_DeviceSuspended
 .text.USBD_USR_DeviceResumed
                0x08005590        0xc C:\Users\gcristian\Desktop\F429\Drivers\obj\usbd_usr.o
                0x08005590                USBD_USR_DeviceResumed
 .text.USBD_USR_DeviceConnected
                0x0800559c        0xc C:\Users\gcristian\Desktop\F429\Drivers\obj\usbd_usr.o
                0x0800559c                USBD_USR_DeviceConnected
 .text.USBD_USR_DeviceDisconnected
                0x080055a8        0xc C:\Users\gcristian\Desktop\F429\Drivers\obj\usbd_usr.o
                0x080055a8                USBD_USR_DeviceDisconnected
 .text.usbd_cdc_Init
                0x080055b4       0x98 C:\Users\gcristian\Desktop\F429\Drivers\obj\usbd_cdc_core.o
 .text.usbd_cdc_DeInit
                0x0800564c       0x48 C:\Users\gcristian\Desktop\F429\Drivers\obj\usbd_cdc_core.o
 .text.usbd_cdc_Setup
                0x08005694      0x14c C:\Users\gcristian\Desktop\F429\Drivers\obj\usbd_cdc_core.o
 .text.usbd_cdc_EP0_RxReady
                0x080057e0       0x48 C:\Users\gcristian\Desktop\F429\Drivers\obj\usbd_cdc_core.o
 .text.usbd_cdc_DataIn
                0x08005828       0xac C:\Users\gcristian\Desktop\F429\Drivers\obj\usbd_cdc_core.o
 .text.usbd_cdc_DataOut
                0x080058d4       0x5c C:\Users\gcristian\Desktop\F429\Drivers\obj\usbd_cdc_core.o
 .text.usbd_cdc_SOF
                0x08005930       0x44 C:\Users\gcristian\Desktop\F429\Drivers\obj\usbd_cdc_core.o
 .text.Handle_USBAsynchXfer
                0x08005974       0xec C:\Users\gcristian\Desktop\F429\Drivers\obj\usbd_cdc_core.o
 .text.USBD_cdc_GetCfgDesc
                0x08005a60       0x28 C:\Users\gcristian\Desktop\F429\Drivers\obj\usbd_cdc_core.o
 .text.USBD_cdc_GetOtherCfgDesc
                0x08005a88       0x28 C:\Users\gcristian\Desktop\F429\Drivers\obj\usbd_cdc_core.o
 .text.USBD_Init
                0x08005ab0       0x58 C:\Users\gcristian\Desktop\F429\Drivers\obj\usbd_core.o
                0x08005ab0                USBD_Init
 .text.USBD_DeInit
                0x08005b08       0x18 C:\Users\gcristian\Desktop\F429\Drivers\obj\usbd_core.o
                0x08005b08                USBD_DeInit
 .text.USBD_SetupStage
                0x08005b20       0x70 C:\Users\gcristian\Desktop\F429\Drivers\obj\usbd_core.o
 .text.USBD_DataOutStage
                0x08005b90       0xd4 C:\Users\gcristian\Desktop\F429\Drivers\obj\usbd_core.o
 .text.USBD_DataInStage
                0x08005c64      0x128 C:\Users\gcristian\Desktop\F429\Drivers\obj\usbd_core.o
 .text.USBD_RunTestMode
                0x08005d8c       0x28 C:\Users\gcristian\Desktop\F429\Drivers\obj\usbd_core.o
 .text.USBD_Reset
                0x08005db4       0x54 C:\Users\gcristian\Desktop\F429\Drivers\obj\usbd_core.o
 .text.USBD_Resume
                0x08005e08       0x38 C:\Users\gcristian\Desktop\F429\Drivers\obj\usbd_core.o
 .text.USBD_Suspend
                0x08005e40       0x38 C:\Users\gcristian\Desktop\F429\Drivers\obj\usbd_core.o
 .text.USBD_SOF
                0x08005e78       0x30 C:\Users\gcristian\Desktop\F429\Drivers\obj\usbd_core.o
 .text.USBD_SetCfg
                0x08005ea8       0x34 C:\Users\gcristian\Desktop\F429\Drivers\obj\usbd_core.o
                0x08005ea8                USBD_SetCfg
 .text.USBD_ClrCfg
                0x08005edc       0x2c C:\Users\gcristian\Desktop\F429\Drivers\obj\usbd_core.o
                0x08005edc                USBD_ClrCfg
 .text.USBD_IsoINIncomplete
                0x08005f08       0x24 C:\Users\gcristian\Desktop\F429\Drivers\obj\usbd_core.o
 .text.USBD_IsoOUTIncomplete
                0x08005f2c       0x24 C:\Users\gcristian\Desktop\F429\Drivers\obj\usbd_core.o
 .text.USBD_DevConnected
                0x08005f50       0x2c C:\Users\gcristian\Desktop\F429\Drivers\obj\usbd_core.o
 .text.USBD_DevDisconnected
                0x08005f7c       0x3c C:\Users\gcristian\Desktop\F429\Drivers\obj\usbd_core.o
 .text.USBD_CtlSendData
                0x08005fb8       0x48 C:\Users\gcristian\Desktop\F429\Drivers\obj\usbd_ioreq.o
                0x08005fb8                USBD_CtlSendData
 .text.USBD_CtlContinueSendData
                0x08006000       0x30 C:\Users\gcristian\Desktop\F429\Drivers\obj\usbd_ioreq.o
                0x08006000                USBD_CtlContinueSendData
 .text.USBD_CtlPrepareRx
                0x08006030       0x48 C:\Users\gcristian\Desktop\F429\Drivers\obj\usbd_ioreq.o
                0x08006030                USBD_CtlPrepareRx
 .text.USBD_CtlContinueRx
                0x08006078       0x30 C:\Users\gcristian\Desktop\F429\Drivers\obj\usbd_ioreq.o
                0x08006078                USBD_CtlContinueRx
 .text.USBD_CtlSendStatus
                0x080060a8       0x3c C:\Users\gcristian\Desktop\F429\Drivers\obj\usbd_ioreq.o
                0x080060a8                USBD_CtlSendStatus
 .text.USBD_CtlReceiveStatus
                0x080060e4       0x3c C:\Users\gcristian\Desktop\F429\Drivers\obj\usbd_ioreq.o
                0x080060e4                USBD_CtlReceiveStatus
 .text.USBD_StdDevReq
                0x08006120       0xa4 C:\Users\gcristian\Desktop\F429\Drivers\obj\usbd_req.o
                0x08006120                USBD_StdDevReq
 .text.USBD_StdItfReq
                0x080061c4       0x70 C:\Users\gcristian\Desktop\F429\Drivers\obj\usbd_req.o
                0x080061c4                USBD_StdItfReq
 .text.USBD_StdEPReq
                0x08006234      0x1c0 C:\Users\gcristian\Desktop\F429\Drivers\obj\usbd_req.o
                0x08006234                USBD_StdEPReq
 .text.USBD_GetDescriptor
                0x080063f4      0x270 C:\Users\gcristian\Desktop\F429\Drivers\obj\usbd_req.o
 .text.USBD_SetAddress
                0x08006664       0x80 C:\Users\gcristian\Desktop\F429\Drivers\obj\usbd_req.o
 .text.USBD_SetConfig
                0x080066e4       0xf8 C:\Users\gcristian\Desktop\F429\Drivers\obj\usbd_req.o
 .text.USBD_GetConfig
                0x080067dc       0x68 C:\Users\gcristian\Desktop\F429\Drivers\obj\usbd_req.o
 .text.USBD_GetStatus
                0x08006844       0x5c C:\Users\gcristian\Desktop\F429\Drivers\obj\usbd_req.o
 .text.USBD_SetFeature
                0x080068a0       0xec C:\Users\gcristian\Desktop\F429\Drivers\obj\usbd_req.o
 .text.USBD_ClrFeature
                0x0800698c       0x58 C:\Users\gcristian\Desktop\F429\Drivers\obj\usbd_req.o
 .text.USBD_ParseSetupRequest
                0x080069e4       0xb8 C:\Users\gcristian\Desktop\F429\Drivers\obj\usbd_req.o
                0x080069e4                USBD_ParseSetupRequest
 .text.USBD_CtlError
                0x08006a9c       0x2c C:\Users\gcristian\Desktop\F429\Drivers\obj\usbd_req.o
                0x08006a9c                USBD_CtlError
 .text.USBD_GetString
                0x08006ac8       0x9c C:\Users\gcristian\Desktop\F429\Drivers\obj\usbd_req.o
                0x08006ac8                USBD_GetString
 .text.USBD_GetLen
                0x08006b64       0x38 C:\Users\gcristian\Desktop\F429\Drivers\obj\usbd_req.o
 .text.USB_OTG_EnableCommonInt
                0x08006b9c       0x44 C:\Users\gcristian\Desktop\F429\Drivers\obj\usb_core.o
 .text.USB_OTG_CoreReset
                0x08006be0       0xa0 C:\Users\gcristian\Desktop\F429\Drivers\obj\usb_core.o
 .text.USB_OTG_WritePacket
                0x08006c80       0x84 C:\Users\gcristian\Desktop\F429\Drivers\obj\usb_core.o
                0x08006c80                USB_OTG_WritePacket
 .text.USB_OTG_ReadPacket
                0x08006d04       0x68 C:\Users\gcristian\Desktop\F429\Drivers\obj\usb_core.o
                0x08006d04                USB_OTG_ReadPacket
 .text.USB_OTG_SelectCore
                0x08006d6c      0x1c0 C:\Users\gcristian\Desktop\F429\Drivers\obj\usb_core.o
                0x08006d6c                USB_OTG_SelectCore
 .text.USB_OTG_CoreInit
                0x08006f2c      0x148 C:\Users\gcristian\Desktop\F429\Drivers\obj\usb_core.o
                0x08006f2c                USB_OTG_CoreInit
 .text.USB_OTG_EnableGlobalInt
                0x08007074       0x3c C:\Users\gcristian\Desktop\F429\Drivers\obj\usb_core.o
                0x08007074                USB_OTG_EnableGlobalInt
 .text.USB_OTG_DisableGlobalInt
                0x080070b0       0x40 C:\Users\gcristian\Desktop\F429\Drivers\obj\usb_core.o
                0x080070b0                USB_OTG_DisableGlobalInt
 .text.USB_OTG_FlushTxFifo
                0x080070f0       0x7c C:\Users\gcristian\Desktop\F429\Drivers\obj\usb_core.o
                0x080070f0                USB_OTG_FlushTxFifo
 .text.USB_OTG_FlushRxFifo
                0x0800716c       0x68 C:\Users\gcristian\Desktop\F429\Drivers\obj\usb_core.o
                0x0800716c                USB_OTG_FlushRxFifo
 .text.USB_OTG_SetCurrentMode
                0x080071d4       0x64 C:\Users\gcristian\Desktop\F429\Drivers\obj\usb_core.o
                0x080071d4                USB_OTG_SetCurrentMode
 .text.USB_OTG_GetMode
                0x08007238       0x20 C:\Users\gcristian\Desktop\F429\Drivers\obj\usb_core.o
                0x08007238                USB_OTG_GetMode
 .text.USB_OTG_IsDeviceMode
                0x08007258       0x24 C:\Users\gcristian\Desktop\F429\Drivers\obj\usb_core.o
                0x08007258                USB_OTG_IsDeviceMode
 .text.USB_OTG_ReadCoreItr
                0x0800727c       0x34 C:\Users\gcristian\Desktop\F429\Drivers\obj\usb_core.o
                0x0800727c                USB_OTG_ReadCoreItr
 .text.USB_OTG_InitDevSpeed
                0x080072b0       0x38 C:\Users\gcristian\Desktop\F429\Drivers\obj\usb_core.o
                0x080072b0                USB_OTG_InitDevSpeed
 .text.USB_OTG_CoreInitDev
                0x080072e8      0x340 C:\Users\gcristian\Desktop\F429\Drivers\obj\usb_core.o
                0x080072e8                USB_OTG_CoreInitDev
 .text.USB_OTG_EnableDevInt
                0x08007628       0xb4 C:\Users\gcristian\Desktop\F429\Drivers\obj\usb_core.o
                0x08007628                USB_OTG_EnableDevInt
 .text.USB_OTG_GetDeviceSpeed
                0x080076dc       0x50 C:\Users\gcristian\Desktop\F429\Drivers\obj\usb_core.o
                0x080076dc                USB_OTG_GetDeviceSpeed
 .text.USB_OTG_EP0Activate
                0x0800772c       0x80 C:\Users\gcristian\Desktop\F429\Drivers\obj\usb_core.o
                0x0800772c                USB_OTG_EP0Activate
 .text.USB_OTG_EPActivate
                0x080077ac      0x118 C:\Users\gcristian\Desktop\F429\Drivers\obj\usb_core.o
                0x080077ac                USB_OTG_EPActivate
 .text.USB_OTG_EPDeactivate
                0x080078c4       0xc8 C:\Users\gcristian\Desktop\F429\Drivers\obj\usb_core.o
                0x080078c4                USB_OTG_EPDeactivate
 .text.USB_OTG_EPStartXfer
                0x0800798c      0x2d4 C:\Users\gcristian\Desktop\F429\Drivers\obj\usb_core.o
                0x0800798c                USB_OTG_EPStartXfer
 .text.USB_OTG_EP0StartXfer
                0x08007c60      0x204 C:\Users\gcristian\Desktop\F429\Drivers\obj\usb_core.o
                0x08007c60                USB_OTG_EP0StartXfer
 .text.USB_OTG_EPSetStall
                0x08007e64       0x94 C:\Users\gcristian\Desktop\F429\Drivers\obj\usb_core.o
                0x08007e64                USB_OTG_EPSetStall
 .text.USB_OTG_EPClearStall
                0x08007ef8       0x84 C:\Users\gcristian\Desktop\F429\Drivers\obj\usb_core.o
                0x08007ef8                USB_OTG_EPClearStall
 .text.USB_OTG_ReadDevAllOutEp_itr
                0x08007f7c       0x30 C:\Users\gcristian\Desktop\F429\Drivers\obj\usb_core.o
                0x08007f7c                USB_OTG_ReadDevAllOutEp_itr
 .text.USB_OTG_ReadDevOutEP_itr
                0x08007fac       0x3c C:\Users\gcristian\Desktop\F429\Drivers\obj\usb_core.o
                0x08007fac                USB_OTG_ReadDevOutEP_itr
 .text.USB_OTG_ReadDevAllInEPItr
                0x08007fe8       0x34 C:\Users\gcristian\Desktop\F429\Drivers\obj\usb_core.o
                0x08007fe8                USB_OTG_ReadDevAllInEPItr
 .text.USB_OTG_EP0_OutStart
                0x0800801c       0x7c C:\Users\gcristian\Desktop\F429\Drivers\obj\usb_core.o
                0x0800801c                USB_OTG_EP0_OutStart
 .text.USB_OTG_UngateClock
                0x08008098       0x54 C:\Users\gcristian\Desktop\F429\Drivers\obj\usb_core.o
                0x08008098                USB_OTG_UngateClock
 .text.DCD_Init
                0x080080ec      0x12c C:\Users\gcristian\Desktop\F429\Drivers\obj\usb_dcd.o
                0x080080ec                DCD_Init
 .text.DCD_EP_Open
                0x08008218       0xac C:\Users\gcristian\Desktop\F429\Drivers\obj\usb_dcd.o
                0x08008218                DCD_EP_Open
 .text.DCD_EP_Close
                0x080082c4       0x7c C:\Users\gcristian\Desktop\F429\Drivers\obj\usb_dcd.o
                0x080082c4                DCD_EP_Close
 .text.DCD_EP_PrepareRx
                0x08008340       0x8c C:\Users\gcristian\Desktop\F429\Drivers\obj\usb_dcd.o
                0x08008340                DCD_EP_PrepareRx
 .text.DCD_EP_Tx
                0x080083cc       0x84 C:\Users\gcristian\Desktop\F429\Drivers\obj\usb_dcd.o
                0x080083cc                DCD_EP_Tx
 .text.DCD_EP_Stall
                0x08008450       0x80 C:\Users\gcristian\Desktop\F429\Drivers\obj\usb_dcd.o
                0x08008450                DCD_EP_Stall
 .text.DCD_EP_ClrStall
                0x080084d0       0x80 C:\Users\gcristian\Desktop\F429\Drivers\obj\usb_dcd.o
                0x080084d0                DCD_EP_ClrStall
 .text.DCD_EP_SetAddress
                0x08008550       0x40 C:\Users\gcristian\Desktop\F429\Drivers\obj\usb_dcd.o
                0x08008550                DCD_EP_SetAddress
 .text.USBD_OTG_EP1OUT_ISR_Handler
                0x08008590       0xa8 C:\Users\gcristian\Desktop\F429\Drivers\obj\usb_dcd_int.o
                0x08008590                USBD_OTG_EP1OUT_ISR_Handler
 .text.USBD_OTG_EP1IN_ISR_Handler
                0x08008638      0x150 C:\Users\gcristian\Desktop\F429\Drivers\obj\usb_dcd_int.o
                0x08008638                USBD_OTG_EP1IN_ISR_Handler
 .text.USBD_OTG_ISR_Handler
                0x08008788      0x1b0 C:\Users\gcristian\Desktop\F429\Drivers\obj\usb_dcd_int.o
                0x08008788                USBD_OTG_ISR_Handler
 .text.DCD_SessionRequest_ISR
                0x08008938       0x3c C:\Users\gcristian\Desktop\F429\Drivers\obj\usb_dcd_int.o
 .text.DCD_OTG_ISR
                0x08008974       0x40 C:\Users\gcristian\Desktop\F429\Drivers\obj\usb_dcd_int.o
 .text.DCD_HandleResume_ISR
                0x080089b4       0x8c C:\Users\gcristian\Desktop\F429\Drivers\obj\usb_dcd_int.o
 .text.DCD_HandleUSBSuspend_ISR
                0x08008a40       0xc8 C:\Users\gcristian\Desktop\F429\Drivers\obj\usb_dcd_int.o
 .text.DCD_HandleInEP_ISR
                0x08008b08      0x1d4 C:\Users\gcristian\Desktop\F429\Drivers\obj\usb_dcd_int.o
 .text.DCD_HandleOutEP_ISR
                0x08008cdc      0x17c C:\Users\gcristian\Desktop\F429\Drivers\obj\usb_dcd_int.o
 .text.DCD_HandleSof_ISR
                0x08008e58       0x3c C:\Users\gcristian\Desktop\F429\Drivers\obj\usb_dcd_int.o
 .text.DCD_HandleRxStatusQueueLevel_ISR
                0x08008e94      0x120 C:\Users\gcristian\Desktop\F429\Drivers\obj\usb_dcd_int.o
 .text.DCD_WriteEmptyTxFifo
                0x08008fb4      0x100 C:\Users\gcristian\Desktop\F429\Drivers\obj\usb_dcd_int.o
 .text.DCD_HandleUsbReset_ISR
                0x080090b4      0x168 C:\Users\gcristian\Desktop\F429\Drivers\obj\usb_dcd_int.o
 .text.DCD_HandleEnumDone_ISR
                0x0800921c       0x88 C:\Users\gcristian\Desktop\F429\Drivers\obj\usb_dcd_int.o
 .text.DCD_IsoINIncomplete_ISR
                0x080092a4       0x3c C:\Users\gcristian\Desktop\F429\Drivers\obj\usb_dcd_int.o
 .text.DCD_IsoOUTIncomplete_ISR
                0x080092e0       0x3c C:\Users\gcristian\Desktop\F429\Drivers\obj\usb_dcd_int.o
 .text.DCD_ReadDevInEP
                0x0800931c       0x5c C:\Users\gcristian\Desktop\F429\Drivers\obj\usb_dcd_int.o
 .text.__io_putchar
                0x08009378      0x16c C:\Raisonance\Ride\Lib\ARM\STM32x_io_putchar_thumb.a(STM32F10X_io_putchar.o)
                0x08009378                __io_putchar
 .text._write   0x080094e4        0x4 C:\Raisonance\Ride\Lib\ARM\std_sbrk_thumb.lib(write.o)
                0x080094e4                _write
 *(.rodata)
 .rodata        0x080094e8       0x10 C:\Users\gcristian\Desktop\F429\Drivers\obj\main.o
                0x080094e8                PingMsg
                0x080094f0                PongMsg
 .rodata        0x080094f8       0xcc C:\Users\gcristian\Desktop\F429\Drivers\obj\sx1276-LoRa.o
                0x080094f8                HoppingFrequencies
 .rodata        0x080095c4       0x20 C:\Users\gcristian\Desktop\F429\Drivers\obj\led.o
                0x080095c4                LedPin
                0x080095d0                LedClk
 .rodata        0x080095e4       0x98 C:\Users\gcristian\Desktop\F429\Drivers\obj\usbd_desc.o
 *(.rodata*)
 *(.glue_7)
 .glue_7        0x00000000        0x0 linker stubs
 *(.glue_7t)
 .glue_7t       0x00000000        0x0 linker stubs
 *(.eh_frame)
                0x0800967c                . = ALIGN (0x4)
 *(.init)
                0x0800967c                . = ALIGN (0x4)
 *(.fini)
                0x0800967c                . = ALIGN (0x4)
                0x0800967c                __preinit_array_start = .
 *(.preinit_array)
                0x0800967c                __preinit_array_end = .
                0x0800967c                . = ALIGN (0x4)
                0x0800967c                __init_array_start = .
 *(SORT(.init_array.*))
 *(.init_array)
                0x0800967c                __init_array_end = .
                0x0800967c                . = ALIGN (0x4)
                0x0800967c                __fini_array_start = .
 *(.fini_array)
 *(SORT(.fini_array.*))
                0x0800967c                __fini_array_end = .
                0x0800967c                . = ALIGN (0x4)
 *crtbegin.o(.ctors)
 *(EXCLUDE_FILE(*crtend.o) .ctors)
 *(SORT(.ctors.*))
 *crtend.o(.ctors)
                0x0800967c                . = ALIGN (0x4)
 *crtbegin.o(.dtors)
 *(EXCLUDE_FILE(*crtend.o) .dtors)
 *(SORT(.dtors.*))
 *crtend.o(.dtors)
                0x0800967c                . = ALIGN (0x4)
                0x0800967c                _etext = .

.vfp11_veneer   0x0800967c        0x0
 .vfp11_veneer  0x00000000        0x0 linker stubs

.v4_bx          0x0800967c        0x0
 .v4_bx         0x00000000        0x0 linker stubs

.ARM.extab
 *(.ARM.extab* .gnu.linkonce.armextab.*)

.ARM            0x0800967c        0x0
                0x0800967c                __exidx_start = .
 *(.ARM.exidx*)
                0x0800967c                __exidx_end = .
                0x0800967c                _sidata = .

.flashpatch     0x00000000        0x0
                0x00000000                . = ALIGN (0x4)
 *(.flashpatch)
                0x00000000                . = ALIGN (0x4)

.endflash       0x00000000        0x0
                0x00000000                . = ALIGN (0x4)
 *(.endflash)
                0x00000000                . = ALIGN (0x4)
                0x00000000                _e_endflash = .

.config         0x1fffc000        0x0
                0x1fffc000                . = ALIGN (0x4)
 *(.config)
                0x1fffc000                . = ALIGN (0x4)

.optionbytes    0x1fffc000        0x0
                0x1fffc000                . = ALIGN (0x4)
 *(.optionbytes)
                0x1fffc000                . = ALIGN (0x4)
                0x1fffc000                _e_config = .

.config2        0x1ffec000        0x0
                0x1ffec000                . = ALIGN (0x4)
 *(.config2)
                0x1ffec000                . = ALIGN (0x4)

.optionbytes2   0x1ffec000        0x0
                0x1ffec000                . = ALIGN (0x4)
 *(.optionbytes2)
                0x1ffec000                . = ALIGN (0x4)
                0x1ffec000                _e_config2 = .

.data           0x20000000      0x224 load address 0x0800967c
                0x20000000                . = ALIGN (0x4)
                0x20000000                _sdata = .
                0x20000000                _data = .
 *(.data)
 .data          0x20000000        0x4 C:\Users\gcristian\Desktop\F429\Drivers\obj\main.o
 .data          0x20000004       0x20 C:\Users\gcristian\Desktop\F429\Drivers\obj\sx1276-Fsk.o
                0x20000004                FskSettings
 .data          0x20000024       0x20 C:\Users\gcristian\Desktop\F429\Drivers\obj\sx1276-LoRa.o
                0x20000024                LoRaSettings
 .data          0x20000044       0x40 C:\Users\gcristian\Desktop\F429\Drivers\obj\ioe.o
                0x20000044                IoePinPort
                0x20000064                IoePin
 .data          0x20000084       0x14 C:\Users\gcristian\Desktop\F429\Drivers\obj\led.o
                0x20000084                LedPort
 .data          0x20000098        0x1 C:\Users\gcristian\Desktop\F429\Drivers\obj\sx1509.o
 *fill*         0x20000099        0x3 00
 .data          0x2000009c       0x10 C:\Users\gcristian\Desktop\F429\Drivers\obj\stm32f4xx_rcc.o
 .data          0x200000ac       0x14 C:\Users\gcristian\Desktop\F429\Drivers\obj\system_stm32f4xx.o
                0x200000ac                SystemCoreClock
                0x200000b0                AHBPrescTable
 .data          0x200000c0       0x1c C:\Users\gcristian\Desktop\F429\Drivers\obj\usbd_cdc_vcp.o
                0x200000c0                linecoding
                0x200000c8                VCP_fops
 .data          0x200000dc       0x40 C:\Users\gcristian\Desktop\F429\Drivers\obj\usbd_desc.o
                0x200000dc                USR_desc
                0x200000f8                USBD_DeviceDesc
                0x2000010c                USBD_DeviceQualifierDesc
                0x20000118                USBD_LangIDDesc
 .data          0x2000011c       0x1c C:\Users\gcristian\Desktop\F429\Drivers\obj\usbd_usr.o
                0x2000011c                USR_cb
 .data          0x20000138       0xbc C:\Users\gcristian\Desktop\F429\Drivers\obj\usbd_cdc_core.o
                0x20000138                usbd_cdc_CfgDesc
                0x2000017c                usbd_cdc_OtherCfgDesc
                0x200001c4                USBD_CDC_cb
 .data          0x200001f4       0x30 C:\Users\gcristian\Desktop\F429\Drivers\obj\usbd_core.o
                0x200001f4                USBD_DCD_INT_cb
                0x20000220                USBD_DCD_INT_fops
 *(.data.*)
 *(.RAMtext)
                0x20000224                . = ALIGN (0x4)
                0x20000224                _edata = .
                0x080098a0                _eidata = (_sidata + (_edata - _sdata))
                0x08010000                _lastdataromaddress = 0x8010000
                0x00000000                ___toobig___ = (_eidata > _lastdataromaddress)?0x1:0x0
                0x00000000                ___SK_limit_msg___ = (___toobig___ & ___SK_limit___)?!!! RKit-ARM Lite limit reached. See !Starter Kit Limited! linker option !!!:0x0
                0x00000000                ___toobigmsg___ = ___toobig___?!!!!!!!!! FLASH IS FULL !!!!!!!!!:0x0

.bss            0x20000228     0x1648 load address 0x080098a4
                0x20000228                . = ALIGN (0x4)
                0x20000228                _sbss = .
                0x20000228                _bss = .
 *(.bss)
 .bss           0x20000228       0x10 C:\Users\gcristian\Desktop\F429\Drivers\obj\main.o
                0x20000234                Radio
 .bss           0x20000238        0x2 C:\Users\gcristian\Desktop\F429\Drivers\obj\sx1276.o
 *fill*         0x2000023a        0x6 00
 .bss           0x20000240      0x138 C:\Users\gcristian\Desktop\F429\Drivers\obj\sx1276-Fsk.o
 .bss           0x20000378      0x120 C:\Users\gcristian\Desktop\F429\Drivers\obj\sx1276-LoRa.o
 .bss           0x20000498        0x4 C:\Users\gcristian\Desktop\F429\Drivers\obj\sx12xxEiger.o
                0x20000498                TickCounter
 .bss           0x2000049c       0x1c C:\Users\gcristian\Desktop\F429\Drivers\obj\usbd_cdc_core.o
                0x200004a0                APP_Rx_ptr_in
                0x200004a4                APP_Rx_ptr_out
                0x200004a8                APP_Rx_length
                0x200004ac                USB_Tx_State
 .bss           0x200004b8       0x10 C:\Users\gcristian\Desktop\F429\Drivers\obj\usbd_req.o
                0x200004b8                USBD_ep_status
                0x200004bc                USBD_default_cfg
                0x200004c0                USBD_cfg_status
 *(.bss*)
 *(COMMON)
 COMMON         0x200004c8       0x18 C:\Users\gcristian\Desktop\F429\Drivers\obj\radio.o
                0x200004c8                RadioDriver
 COMMON         0x200004e0       0x70 C:\Users\gcristian\Desktop\F429\Drivers\obj\sx1276.o
                0x200004e0                SX1276Regs
 COMMON         0x20000550        0x4 C:\Users\gcristian\Desktop\F429\Drivers\obj\sx1276-Fsk.o
                0x20000550                SX1276
 COMMON         0x20000554        0x4 C:\Users\gcristian\Desktop\F429\Drivers\obj\sx1276-LoRa.o
                0x20000554                SX1276LR
 COMMON         0x20000558      0x5f4 C:\Users\gcristian\Desktop\F429\Drivers\obj\sx12xxEiger.o
                0x20000558                USB_OTG_dev
 COMMON         0x20000b4c      0x218 C:\Users\gcristian\Desktop\F429\Drivers\obj\uart.o
                0x20000b4c                FifoTxBuffer
                0x20000c4c                FifoTx
                0x20000c58                FifoRx
                0x20000c64                FifoRxBuffer
 COMMON         0x20000d64      0xa08 C:\Users\gcristian\Desktop\F429\Drivers\obj\usbd_cdc_core.o
                0x20000d64                USB_Rx_Buffer
                0x20000f64                CmdBuff
                0x20000f6c                APP_Rx_Buffer
 COMMON         0x2000176c        0x4 C:\Users\gcristian\Desktop\F429\Drivers\obj\usbd_core.o
                0x2000176c                SET_TEST_MODE
 COMMON         0x20001770       0xff C:\Users\gcristian\Desktop\F429\Drivers\obj\usbd_req.o
                0x20001770                USBD_StrDesc
                0x20001870                . = ALIGN (0x4)
 *fill*         0x2000186f        0x1 00
                0x20001870                _ebss = .
                0x20001870                PROVIDE (end, _ebss)
                0x20001870                PROVIDE (_end, _ebss)

._usrstack      0x20001870      0x400 load address 0x0800aeec
                0x20001870                . = ALIGN (0x4)
                0x20001870                _susrstack = .
                0x20001c70                . = (. + _Minimum_Stack_Size)
 *fill*         0x20001870      0x400 00
                0x20001c70                . = ALIGN (0x4)
                0x20001c70                _eusrstack = .

.b1text
 *(.b1text)
 *(.b1rodata)
 *(.b1rodata*)

.eb0text
 *(.eb0text)
 *(.eb0rodata)
 *(.eb0rodata*)

.eb1text
 *(.eb1text)
 *(.eb1rodata)
 *(.eb1rodata*)

.eb2text
 *(.eb2text)
 *(.eb2rodata)
 *(.eb2rodata*)

.eb3text
 *(.eb3text)
 *(.eb3rodata)
 *(.eb3rodata*)

/DISCARD/
 libc.a(*)
 libm.a(*)
 libgcc.a(*)

.ARM.attributes
                0x00000000       0x2d
 *(.ARM.attributes)
 .ARM.attributes
                0x00000000       0x21 C:\Raisonance\Ride\Lib\ARM\startup_stm32f4xx.o
 .ARM.attributes
                0x00000021       0x31 C:\Users\gcristian\Desktop\F429\Drivers\obj\main.o
 .ARM.attributes
                0x00000052       0x31 C:\Users\gcristian\Desktop\F429\Drivers\obj\radio.o
 .ARM.attributes
                0x00000083       0x31 C:\Users\gcristian\Desktop\F429\Drivers\obj\sx1232.o
 .ARM.attributes
                0x000000b4       0x31 C:\Users\gcristian\Desktop\F429\Drivers\obj\sx1232-Misc.o
 .ARM.attributes
                0x000000e5       0x31 C:\Users\gcristian\Desktop\F429\Drivers\obj\sx1272.o
 .ARM.attributes
                0x00000116       0x31 C:\Users\gcristian\Desktop\F429\Drivers\obj\sx1272-Fsk.o
 .ARM.attributes
                0x00000147       0x31 C:\Users\gcristian\Desktop\F429\Drivers\obj\sx1272-FskMisc.o
 .ARM.attributes
                0x00000178       0x31 C:\Users\gcristian\Desktop\F429\Drivers\obj\sx1272-LoRa.o
 .ARM.attributes
                0x000001a9       0x31 C:\Users\gcristian\Desktop\F429\Drivers\obj\sx1272-LoRaMisc.o
 .ARM.attributes
                0x000001da       0x31 C:\Users\gcristian\Desktop\F429\Drivers\obj\sx1276.o
 .ARM.attributes
                0x0000020b       0x31 C:\Users\gcristian\Desktop\F429\Drivers\obj\sx1276-Fsk.o
 .ARM.attributes
                0x0000023c       0x31 C:\Users\gcristian\Desktop\F429\Drivers\obj\sx1276-FskMisc.o
 .ARM.attributes
                0x0000026d       0x31 C:\Users\gcristian\Desktop\F429\Drivers\obj\sx1276-LoRa.o
 .ARM.attributes
                0x0000029e       0x31 C:\Users\gcristian\Desktop\F429\Drivers\obj\sx1276-LoRaMisc.o
 .ARM.attributes
                0x000002cf       0x31 C:\Users\gcristian\Desktop\F429\Drivers\obj\fifo.o
 .ARM.attributes
                0x00000300       0x31 C:\Users\gcristian\Desktop\F429\Drivers\obj\i2c.o
 .ARM.attributes
                0x00000331       0x31 C:\Users\gcristian\Desktop\F429\Drivers\obj\ioe.o
 .ARM.attributes
                0x00000362       0x31 C:\Users\gcristian\Desktop\F429\Drivers\obj\led.o
 .ARM.attributes
                0x00000393       0x31 C:\Users\gcristian\Desktop\F429\Drivers\obj\spi.o
 .ARM.attributes
                0x000003c4       0x31 C:\Users\gcristian\Desktop\F429\Drivers\obj\stm32fxxx_it.o
 .ARM.attributes
                0x000003f5       0x31 C:\Users\gcristian\Desktop\F429\Drivers\obj\sx12xxEiger.o
 .ARM.attributes
                0x00000426       0x31 C:\Users\gcristian\Desktop\F429\Drivers\obj\sx1232-Hal.o
 .ARM.attributes
                0x00000457       0x31 C:\Users\gcristian\Desktop\F429\Drivers\obj\sx1272-Hal.o
 .ARM.attributes
                0x00000488       0x31 C:\Users\gcristian\Desktop\F429\Drivers\obj\sx1276-Hal.o
 .ARM.attributes
                0x000004b9       0x31 C:\Users\gcristian\Desktop\F429\Drivers\obj\sx1509.o
 .ARM.attributes
                0x000004ea       0x31 C:\Users\gcristian\Desktop\F429\Drivers\obj\uart.o
 .ARM.attributes
                0x0000051b       0x31 C:\Users\gcristian\Desktop\F429\Drivers\obj\misc.o
 .ARM.attributes
                0x0000054c       0x31 C:\Users\gcristian\Desktop\F429\Drivers\obj\stm32f4xx_adc.o
 .ARM.attributes
                0x0000057d       0x31 C:\Users\gcristian\Desktop\F429\Drivers\obj\stm32f4xx_dma.o
 .ARM.attributes
                0x000005ae       0x31 C:\Users\gcristian\Desktop\F429\Drivers\obj\stm32f4xx_exti.o
 .ARM.attributes
                0x000005df       0x31 C:\Users\gcristian\Desktop\F429\Drivers\obj\stm32f4xx_flash.o
 .ARM.attributes
                0x00000610       0x31 C:\Users\gcristian\Desktop\F429\Drivers\obj\stm32f4xx_fmc.o
 .ARM.attributes
                0x00000641       0x31 C:\Users\gcristian\Desktop\F429\Drivers\obj\stm32f4xx_gpio.o
 .ARM.attributes
                0x00000672       0x31 C:\Users\gcristian\Desktop\F429\Drivers\obj\stm32f4xx_i2c.o
 .ARM.attributes
                0x000006a3       0x31 C:\Users\gcristian\Desktop\F429\Drivers\obj\stm32f4xx_pwr.o
 .ARM.attributes
                0x000006d4       0x31 C:\Users\gcristian\Desktop\F429\Drivers\obj\stm32f4xx_rcc.o
 .ARM.attributes
                0x00000705       0x31 C:\Users\gcristian\Desktop\F429\Drivers\obj\stm32f4xx_rtc.o
 .ARM.attributes
                0x00000736       0x31 C:\Users\gcristian\Desktop\F429\Drivers\obj\stm32f4xx_sdio.o
 .ARM.attributes
                0x00000767       0x31 C:\Users\gcristian\Desktop\F429\Drivers\obj\stm32f4xx_spi.o
 .ARM.attributes
                0x00000798       0x31 C:\Users\gcristian\Desktop\F429\Drivers\obj\stm32f4xx_tim.o
 .ARM.attributes
                0x000007c9       0x31 C:\Users\gcristian\Desktop\F429\Drivers\obj\stm32f4xx_syscfg.o
 .ARM.attributes
                0x000007fa       0x31 C:\Users\gcristian\Desktop\F429\Drivers\obj\system_stm32f4xx.o
 .ARM.attributes
                0x0000082b       0x31 C:\Users\gcristian\Desktop\F429\Drivers\obj\usb_bsp.o
 .ARM.attributes
                0x0000085c       0x31 C:\Users\gcristian\Desktop\F429\Drivers\obj\usbd_cdc_vcp.o
 .ARM.attributes
                0x0000088d       0x31 C:\Users\gcristian\Desktop\F429\Drivers\obj\usbd_desc.o
 .ARM.attributes
                0x000008be       0x31 C:\Users\gcristian\Desktop\F429\Drivers\obj\usbd_usr.o
 .ARM.attributes
                0x000008ef       0x31 C:\Users\gcristian\Desktop\F429\Drivers\obj\usbd_cdc_core.o
 .ARM.attributes
                0x00000920       0x31 C:\Users\gcristian\Desktop\F429\Drivers\obj\usbd_core.o
 .ARM.attributes
                0x00000951       0x31 C:\Users\gcristian\Desktop\F429\Drivers\obj\usbd_ioreq.o
 .ARM.attributes
                0x00000982       0x31 C:\Users\gcristian\Desktop\F429\Drivers\obj\usbd_req.o
 .ARM.attributes
                0x000009b3       0x31 C:\Users\gcristian\Desktop\F429\Drivers\obj\usb_core.o
 .ARM.attributes
                0x000009e4       0x31 C:\Users\gcristian\Desktop\F429\Drivers\obj\usb_dcd.o
 .ARM.attributes
                0x00000a15       0x31 C:\Users\gcristian\Desktop\F429\Drivers\obj\usb_dcd_int.o
 .ARM.attributes
                0x00000a46       0x31 C:\Raisonance\Ride\Lib\ARM\STM32x_io_putchar_thumb.a(STM32F10X_io_putchar.o)
 .ARM.attributes
                0x00000a77       0x2e C:\Raisonance\Ride\Lib\ARM\std_sbrk_thumb.lib(write.o)
                0x00000020                PROVIDE (_Minimum_Stack_Size, 0x20)
START GROUP
LOAD c:/raisonance/ride/arm-gcc/bin/../lib/gcc/arm-none-eabi/4.5.2/thumb2\libgcc.a
LOAD c:/raisonance/ride/arm-gcc/bin/../lib/gcc/arm-none-eabi/4.5.2/../../../../arm-none-eabi/lib/thumb2\libc.a
END GROUP
OUTPUT(C:\Users\gcristian\Desktop\F429\Drivers\obj\sx12xxDrivers.elf elf32-littlearm)

.debug_abbrev   0x00000000     0x4396
 .debug_abbrev  0x00000000      0x13f C:\Users\gcristian\Desktop\F429\Drivers\obj\main.o
 .debug_abbrev  0x0000013f       0xdb C:\Users\gcristian\Desktop\F429\Drivers\obj\radio.o
 .debug_abbrev  0x0000021a       0x4d C:\Users\gcristian\Desktop\F429\Drivers\obj\sx1232.o
 .debug_abbrev  0x00000267       0x4d C:\Users\gcristian\Desktop\F429\Drivers\obj\sx1232-Misc.o
 .debug_abbrev  0x000002b4       0x4d C:\Users\gcristian\Desktop\F429\Drivers\obj\sx1272.o
 .debug_abbrev  0x00000301       0x4d C:\Users\gcristian\Desktop\F429\Drivers\obj\sx1272-Fsk.o
 .debug_abbrev  0x0000034e       0x4d C:\Users\gcristian\Desktop\F429\Drivers\obj\sx1272-FskMisc.o
 .debug_abbrev  0x0000039b       0x4d C:\Users\gcristian\Desktop\F429\Drivers\obj\sx1272-LoRa.o
 .debug_abbrev  0x000003e8       0x4d C:\Users\gcristian\Desktop\F429\Drivers\obj\sx1272-LoRaMisc.o
 .debug_abbrev  0x00000435      0x177 C:\Users\gcristian\Desktop\F429\Drivers\obj\sx1276.o
 .debug_abbrev  0x000005ac      0x1d2 C:\Users\gcristian\Desktop\F429\Drivers\obj\sx1276-Fsk.o
 .debug_abbrev  0x0000077e      0x1b0 C:\Users\gcristian\Desktop\F429\Drivers\obj\sx1276-FskMisc.o
 .debug_abbrev  0x0000092e      0x1cb C:\Users\gcristian\Desktop\F429\Drivers\obj\sx1276-LoRa.o
 .debug_abbrev  0x00000af9      0x14d C:\Users\gcristian\Desktop\F429\Drivers\obj\sx1276-LoRaMisc.o
 .debug_abbrev  0x00000c46       0xea C:\Users\gcristian\Desktop\F429\Drivers\obj\fifo.o
 .debug_abbrev  0x00000d30      0x1b5 C:\Users\gcristian\Desktop\F429\Drivers\obj\i2c.o
 .debug_abbrev  0x00000ee5      0x137 C:\Users\gcristian\Desktop\F429\Drivers\obj\ioe.o
 .debug_abbrev  0x0000101c      0x13f C:\Users\gcristian\Desktop\F429\Drivers\obj\led.o
 .debug_abbrev  0x0000115b      0x12f C:\Users\gcristian\Desktop\F429\Drivers\obj\spi.o
 .debug_abbrev  0x0000128a      0x16c C:\Users\gcristian\Desktop\F429\Drivers\obj\stm32fxxx_it.o
 .debug_abbrev  0x000013f6      0x1f9 C:\Users\gcristian\Desktop\F429\Drivers\obj\sx12xxEiger.o
 .debug_abbrev  0x000015ef       0x4d C:\Users\gcristian\Desktop\F429\Drivers\obj\sx1232-Hal.o
 .debug_abbrev  0x0000163c       0x4d C:\Users\gcristian\Desktop\F429\Drivers\obj\sx1272-Hal.o
 .debug_abbrev  0x00001689      0x162 C:\Users\gcristian\Desktop\F429\Drivers\obj\sx1276-Hal.o
 .debug_abbrev  0x000017eb       0xd3 C:\Users\gcristian\Desktop\F429\Drivers\obj\sx1509.o
 .debug_abbrev  0x000018be      0x137 C:\Users\gcristian\Desktop\F429\Drivers\obj\uart.o
 .debug_abbrev  0x000019f5      0x126 C:\Users\gcristian\Desktop\F429\Drivers\obj\misc.o
 .debug_abbrev  0x00001b1b      0x189 C:\Users\gcristian\Desktop\F429\Drivers\obj\stm32f4xx_adc.o
 .debug_abbrev  0x00001ca4      0x14e C:\Users\gcristian\Desktop\F429\Drivers\obj\stm32f4xx_dma.o
 .debug_abbrev  0x00001df2      0x198 C:\Users\gcristian\Desktop\F429\Drivers\obj\stm32f4xx_exti.o
 .debug_abbrev  0x00001f8a      0x153 C:\Users\gcristian\Desktop\F429\Drivers\obj\stm32f4xx_flash.o
 .debug_abbrev  0x000020dd      0x175 C:\Users\gcristian\Desktop\F429\Drivers\obj\stm32f4xx_fmc.o
 .debug_abbrev  0x00002252      0x182 C:\Users\gcristian\Desktop\F429\Drivers\obj\stm32f4xx_gpio.o
 .debug_abbrev  0x000023d4      0x15d C:\Users\gcristian\Desktop\F429\Drivers\obj\stm32f4xx_i2c.o
 .debug_abbrev  0x00002531      0x175 C:\Users\gcristian\Desktop\F429\Drivers\obj\stm32f4xx_pwr.o
 .debug_abbrev  0x000026a6      0x191 C:\Users\gcristian\Desktop\F429\Drivers\obj\stm32f4xx_rcc.o
 .debug_abbrev  0x00002837      0x16b C:\Users\gcristian\Desktop\F429\Drivers\obj\stm32f4xx_rtc.o
 .debug_abbrev  0x000029a2      0x16d C:\Users\gcristian\Desktop\F429\Drivers\obj\stm32f4xx_sdio.o
 .debug_abbrev  0x00002b0f      0x160 C:\Users\gcristian\Desktop\F429\Drivers\obj\stm32f4xx_spi.o
 .debug_abbrev  0x00002c6f      0x163 C:\Users\gcristian\Desktop\F429\Drivers\obj\stm32f4xx_tim.o
 .debug_abbrev  0x00002dd2      0x12a C:\Users\gcristian\Desktop\F429\Drivers\obj\stm32f4xx_syscfg.o
 .debug_abbrev  0x00002efc      0x140 C:\Users\gcristian\Desktop\F429\Drivers\obj\system_stm32f4xx.o
 .debug_abbrev  0x0000303c      0x1c6 C:\Users\gcristian\Desktop\F429\Drivers\obj\usb_bsp.o
 .debug_abbrev  0x00003202      0x14c C:\Users\gcristian\Desktop\F429\Drivers\obj\usbd_cdc_vcp.o
 .debug_abbrev  0x0000334e      0x10c C:\Users\gcristian\Desktop\F429\Drivers\obj\usbd_desc.o
 .debug_abbrev  0x0000345a       0xd9 C:\Users\gcristian\Desktop\F429\Drivers\obj\usbd_usr.o
 .debug_abbrev  0x00003533      0x1db C:\Users\gcristian\Desktop\F429\Drivers\obj\usbd_cdc_core.o
 .debug_abbrev  0x0000370e      0x232 C:\Users\gcristian\Desktop\F429\Drivers\obj\usbd_core.o
 .debug_abbrev  0x00003940      0x165 C:\Users\gcristian\Desktop\F429\Drivers\obj\usbd_ioreq.o
 .debug_abbrev  0x00003aa5      0x253 C:\Users\gcristian\Desktop\F429\Drivers\obj\usbd_req.o
 .debug_abbrev  0x00003cf8      0x277 C:\Users\gcristian\Desktop\F429\Drivers\obj\usb_core.o
 .debug_abbrev  0x00003f6f      0x208 C:\Users\gcristian\Desktop\F429\Drivers\obj\usb_dcd.o
 .debug_abbrev  0x00004177      0x21f C:\Users\gcristian\Desktop\F429\Drivers\obj\usb_dcd_int.o

.debug_info     0x00000000    0x1efed
 .debug_info    0x00000000      0x312 C:\Users\gcristian\Desktop\F429\Drivers\obj\main.o
 .debug_info    0x00000312      0x1a9 C:\Users\gcristian\Desktop\F429\Drivers\obj\radio.o
 .debug_info    0x000004bb       0xb0 C:\Users\gcristian\Desktop\F429\Drivers\obj\sx1232.o
 .debug_info    0x0000056b       0xb0 C:\Users\gcristian\Desktop\F429\Drivers\obj\sx1232-Misc.o
 .debug_info    0x0000061b       0x94 C:\Users\gcristian\Desktop\F429\Drivers\obj\sx1272.o
 .debug_info    0x000006af       0xb0 C:\Users\gcristian\Desktop\F429\Drivers\obj\sx1272-Fsk.o
 .debug_info    0x0000075f       0xb0 C:\Users\gcristian\Desktop\F429\Drivers\obj\sx1272-FskMisc.o
 .debug_info    0x0000080f       0x9b C:\Users\gcristian\Desktop\F429\Drivers\obj\sx1272-LoRa.o
 .debug_info    0x000008aa       0x94 C:\Users\gcristian\Desktop\F429\Drivers\obj\sx1272-LoRaMisc.o
 .debug_info    0x0000093e      0xe46 C:\Users\gcristian\Desktop\F429\Drivers\obj\sx1276.o
 .debug_info    0x00001784      0xc4d C:\Users\gcristian\Desktop\F429\Drivers\obj\sx1276-Fsk.o
 .debug_info    0x000023d1      0xc7b C:\Users\gcristian\Desktop\F429\Drivers\obj\sx1276-FskMisc.o
 .debug_info    0x0000304c      0xa8e C:\Users\gcristian\Desktop\F429\Drivers\obj\sx1276-LoRa.o
 .debug_info    0x00003ada      0xb6e C:\Users\gcristian\Desktop\F429\Drivers\obj\sx1276-LoRaMisc.o
 .debug_info    0x00004648      0x273 C:\Users\gcristian\Desktop\F429\Drivers\obj\fifo.o
 .debug_info    0x000048bb      0x744 C:\Users\gcristian\Desktop\F429\Drivers\obj\i2c.o
 .debug_info    0x00004fff      0x3ad C:\Users\gcristian\Desktop\F429\Drivers\obj\ioe.o
 .debug_info    0x000053ac      0x423 C:\Users\gcristian\Desktop\F429\Drivers\obj\led.o
 .debug_info    0x000057cf      0x4be C:\Users\gcristian\Desktop\F429\Drivers\obj\spi.o
 .debug_info    0x00005c8d      0xd51 C:\Users\gcristian\Desktop\F429\Drivers\obj\stm32fxxx_it.o
 .debug_info    0x000069de     0x1475 C:\Users\gcristian\Desktop\F429\Drivers\obj\sx12xxEiger.o
 .debug_info    0x00007e53       0x94 C:\Users\gcristian\Desktop\F429\Drivers\obj\sx1232-Hal.o
 .debug_info    0x00007ee7       0x94 C:\Users\gcristian\Desktop\F429\Drivers\obj\sx1272-Hal.o
 .debug_info    0x00007f7b      0x62d C:\Users\gcristian\Desktop\F429\Drivers\obj\sx1276-Hal.o
 .debug_info    0x000085a8      0x278 C:\Users\gcristian\Desktop\F429\Drivers\obj\sx1509.o
 .debug_info    0x00008820      0x3d2 C:\Users\gcristian\Desktop\F429\Drivers\obj\uart.o
 .debug_info    0x00008bf2      0x594 C:\Users\gcristian\Desktop\F429\Drivers\obj\misc.o
 .debug_info    0x00009186      0xcf5 C:\Users\gcristian\Desktop\F429\Drivers\obj\stm32f4xx_adc.o
 .debug_info    0x00009e7b      0x7a3 C:\Users\gcristian\Desktop\F429\Drivers\obj\stm32f4xx_dma.o
 .debug_info    0x0000a61e      0x363 C:\Users\gcristian\Desktop\F429\Drivers\obj\stm32f4xx_exti.o
 .debug_info    0x0000a981      0x9b2 C:\Users\gcristian\Desktop\F429\Drivers\obj\stm32f4xx_flash.o
 .debug_info    0x0000b333      0xd99 C:\Users\gcristian\Desktop\F429\Drivers\obj\stm32f4xx_fmc.o
 .debug_info    0x0000c0cc      0x63c C:\Users\gcristian\Desktop\F429\Drivers\obj\stm32f4xx_gpio.o
 .debug_info    0x0000c708      0xc30 C:\Users\gcristian\Desktop\F429\Drivers\obj\stm32f4xx_i2c.o
 .debug_info    0x0000d338      0x62a C:\Users\gcristian\Desktop\F429\Drivers\obj\stm32f4xx_pwr.o
 .debug_info    0x0000d962      0xf0e C:\Users\gcristian\Desktop\F429\Drivers\obj\stm32f4xx_rcc.o
 .debug_info    0x0000e870     0x1223 C:\Users\gcristian\Desktop\F429\Drivers\obj\stm32f4xx_rtc.o
 .debug_info    0x0000fa93      0x8a4 C:\Users\gcristian\Desktop\F429\Drivers\obj\stm32f4xx_sdio.o
 .debug_info    0x00010337      0xbec C:\Users\gcristian\Desktop\F429\Drivers\obj\stm32f4xx_spi.o
 .debug_info    0x00010f23     0x1e28 C:\Users\gcristian\Desktop\F429\Drivers\obj\stm32f4xx_tim.o
 .debug_info    0x00012d4b      0x2a2 C:\Users\gcristian\Desktop\F429\Drivers\obj\stm32f4xx_syscfg.o
 .debug_info    0x00012fed      0x64c C:\Users\gcristian\Desktop\F429\Drivers\obj\system_stm32f4xx.o
 .debug_info    0x00013639     0x1164 C:\Users\gcristian\Desktop\F429\Drivers\obj\usb_bsp.o
 .debug_info    0x0001479d      0x45f C:\Users\gcristian\Desktop\F429\Drivers\obj\usbd_cdc_vcp.o
 .debug_info    0x00014bfc      0x3a7 C:\Users\gcristian\Desktop\F429\Drivers\obj\usbd_desc.o
 .debug_info    0x00014fa3      0x1ef C:\Users\gcristian\Desktop\F429\Drivers\obj\usbd_usr.o
 .debug_info    0x00015192     0x1139 C:\Users\gcristian\Desktop\F429\Drivers\obj\usbd_cdc_core.o
 .debug_info    0x000162cb     0x11d9 C:\Users\gcristian\Desktop\F429\Drivers\obj\usbd_core.o
 .debug_info    0x000174a4      0xe17 C:\Users\gcristian\Desktop\F429\Drivers\obj\usbd_ioreq.o
 .debug_info    0x000182bb     0x11a9 C:\Users\gcristian\Desktop\F429\Drivers\obj\usbd_req.o
 .debug_info    0x00019464     0x2769 C:\Users\gcristian\Desktop\F429\Drivers\obj\usb_core.o
 .debug_info    0x0001bbcd     0x11b9 C:\Users\gcristian\Desktop\F429\Drivers\obj\usb_dcd.o
 .debug_info    0x0001cd86     0x2267 C:\Users\gcristian\Desktop\F429\Drivers\obj\usb_dcd_int.o

.debug_line     0x00000000     0xae08
 .debug_line    0x00000000      0x24c C:\Users\gcristian\Desktop\F429\Drivers\obj\main.o
 .debug_line    0x0000024c      0x175 C:\Users\gcristian\Desktop\F429\Drivers\obj\radio.o
 .debug_line    0x000003c1       0xe1 C:\Users\gcristian\Desktop\F429\Drivers\obj\sx1232.o
 .debug_line    0x000004a2       0xe1 C:\Users\gcristian\Desktop\F429\Drivers\obj\sx1232-Misc.o
 .debug_line    0x00000583       0xe1 C:\Users\gcristian\Desktop\F429\Drivers\obj\sx1272.o
 .debug_line    0x00000664       0xe1 C:\Users\gcristian\Desktop\F429\Drivers\obj\sx1272-Fsk.o
 .debug_line    0x00000745       0xe1 C:\Users\gcristian\Desktop\F429\Drivers\obj\sx1272-FskMisc.o
 .debug_line    0x00000826       0xe1 C:\Users\gcristian\Desktop\F429\Drivers\obj\sx1272-LoRa.o
 .debug_line    0x00000907       0xe1 C:\Users\gcristian\Desktop\F429\Drivers\obj\sx1272-LoRaMisc.o
 .debug_line    0x000009e8      0x37a C:\Users\gcristian\Desktop\F429\Drivers\obj\sx1276.o
 .debug_line    0x00000d62      0x4ae C:\Users\gcristian\Desktop\F429\Drivers\obj\sx1276-Fsk.o
 .debug_line    0x00001210      0x4ac C:\Users\gcristian\Desktop\F429\Drivers\obj\sx1276-FskMisc.o
 .debug_line    0x000016bc      0x43e C:\Users\gcristian\Desktop\F429\Drivers\obj\sx1276-LoRa.o
 .debug_line    0x00001afa      0x4b1 C:\Users\gcristian\Desktop\F429\Drivers\obj\sx1276-LoRaMisc.o
 .debug_line    0x00001fab      0x1f4 C:\Users\gcristian\Desktop\F429\Drivers\obj\fifo.o
 .debug_line    0x0000219f      0x46b C:\Users\gcristian\Desktop\F429\Drivers\obj\i2c.o
 .debug_line    0x0000260a      0x245 C:\Users\gcristian\Desktop\F429\Drivers\obj\ioe.o
 .debug_line    0x0000284f      0x234 C:\Users\gcristian\Desktop\F429\Drivers\obj\led.o
 .debug_line    0x00002a83      0x1f8 C:\Users\gcristian\Desktop\F429\Drivers\obj\spi.o
 .debug_line    0x00002c7b      0x2f3 C:\Users\gcristian\Desktop\F429\Drivers\obj\stm32fxxx_it.o
 .debug_line    0x00002f6e      0x429 C:\Users\gcristian\Desktop\F429\Drivers\obj\sx12xxEiger.o
 .debug_line    0x00003397       0xe1 C:\Users\gcristian\Desktop\F429\Drivers\obj\sx1232-Hal.o
 .debug_line    0x00003478       0xe1 C:\Users\gcristian\Desktop\F429\Drivers\obj\sx1272-Hal.o
 .debug_line    0x00003559      0x3a0 C:\Users\gcristian\Desktop\F429\Drivers\obj\sx1276-Hal.o
 .debug_line    0x000038f9      0x206 C:\Users\gcristian\Desktop\F429\Drivers\obj\sx1509.o
 .debug_line    0x00003aff      0x2c0 C:\Users\gcristian\Desktop\F429\Drivers\obj\uart.o
 .debug_line    0x00003dbf      0x20a C:\Users\gcristian\Desktop\F429\Drivers\obj\misc.o
 .debug_line    0x00003fc9      0x519 C:\Users\gcristian\Desktop\F429\Drivers\obj\stm32f4xx_adc.o
 .debug_line    0x000044e2      0x3a0 C:\Users\gcristian\Desktop\F429\Drivers\obj\stm32f4xx_dma.o
 .debug_line    0x00004882      0x261 C:\Users\gcristian\Desktop\F429\Drivers\obj\stm32f4xx_exti.o
 .debug_line    0x00004ae3      0x53e C:\Users\gcristian\Desktop\F429\Drivers\obj\stm32f4xx_flash.o
 .debug_line    0x00005021      0x534 C:\Users\gcristian\Desktop\F429\Drivers\obj\stm32f4xx_fmc.o
 .debug_line    0x00005555      0x30a C:\Users\gcristian\Desktop\F429\Drivers\obj\stm32f4xx_gpio.o
 .debug_line    0x0000585f      0x4cb C:\Users\gcristian\Desktop\F429\Drivers\obj\stm32f4xx_i2c.o
 .debug_line    0x00005d2a      0x2ca C:\Users\gcristian\Desktop\F429\Drivers\obj\stm32f4xx_pwr.o
 .debug_line    0x00005ff4      0x607 C:\Users\gcristian\Desktop\F429\Drivers\obj\stm32f4xx_rcc.o
 .debug_line    0x000065fb      0x7dc C:\Users\gcristian\Desktop\F429\Drivers\obj\stm32f4xx_rtc.o
 .debug_line    0x00006dd7      0x409 C:\Users\gcristian\Desktop\F429\Drivers\obj\stm32f4xx_sdio.o
 .debug_line    0x000071e0      0x420 C:\Users\gcristian\Desktop\F429\Drivers\obj\stm32f4xx_spi.o
 .debug_line    0x00007600      0xa3e C:\Users\gcristian\Desktop\F429\Drivers\obj\stm32f4xx_tim.o
 .debug_line    0x0000803e      0x1db C:\Users\gcristian\Desktop\F429\Drivers\obj\stm32f4xx_syscfg.o
 .debug_line    0x00008219      0x1e6 C:\Users\gcristian\Desktop\F429\Drivers\obj\system_stm32f4xx.o
 .debug_line    0x000083ff      0x29d C:\Users\gcristian\Desktop\F429\Drivers\obj\usb_bsp.o
 .debug_line    0x0000869c      0x3df C:\Users\gcristian\Desktop\F429\Drivers\obj\usbd_cdc_vcp.o
 .debug_line    0x00008a7b      0x298 C:\Users\gcristian\Desktop\F429\Drivers\obj\usbd_desc.o
 .debug_line    0x00008d13      0x222 C:\Users\gcristian\Desktop\F429\Drivers\obj\usbd_usr.o
 .debug_line    0x00008f35      0x423 C:\Users\gcristian\Desktop\F429\Drivers\obj\usbd_cdc_core.o
 .debug_line    0x00009358      0x3f9 C:\Users\gcristian\Desktop\F429\Drivers\obj\usbd_core.o
 .debug_line    0x00009751      0x2ca C:\Users\gcristian\Desktop\F429\Drivers\obj\usbd_ioreq.o
 .debug_line    0x00009a1b      0x4f6 C:\Users\gcristian\Desktop\F429\Drivers\obj\usbd_req.o
 .debug_line    0x00009f11      0x70c C:\Users\gcristian\Desktop\F429\Drivers\obj\usb_core.o
 .debug_line    0x0000a61d      0x376 C:\Users\gcristian\Desktop\F429\Drivers\obj\usb_dcd.o
 .debug_line    0x0000a993      0x475 C:\Users\gcristian\Desktop\F429\Drivers\obj\usb_dcd_int.o

.debug_loc      0x00000000     0xaab2
 .debug_loc     0x00000000       0x9c C:\Users\gcristian\Desktop\F429\Drivers\obj\main.o
 .debug_loc     0x0000009c       0x2c C:\Users\gcristian\Desktop\F429\Drivers\obj\radio.o
 .debug_loc     0x000000c8      0x360 C:\Users\gcristian\Desktop\F429\Drivers\obj\sx1276.o
 .debug_loc     0x00000428      0x398 C:\Users\gcristian\Desktop\F429\Drivers\obj\sx1276-Fsk.o
 .debug_loc     0x000007c0      0x61a C:\Users\gcristian\Desktop\F429\Drivers\obj\sx1276-FskMisc.o
 .debug_loc     0x00000dda      0x308 C:\Users\gcristian\Desktop\F429\Drivers\obj\sx1276-LoRa.o
 .debug_loc     0x000010e2      0x7d0 C:\Users\gcristian\Desktop\F429\Drivers\obj\sx1276-LoRaMisc.o
 .debug_loc     0x000018b2      0x188 C:\Users\gcristian\Desktop\F429\Drivers\obj\fifo.o
 .debug_loc     0x00001a3a      0x1b4 C:\Users\gcristian\Desktop\F429\Drivers\obj\i2c.o
 .debug_loc     0x00001bee      0x17c C:\Users\gcristian\Desktop\F429\Drivers\obj\ioe.o
 .debug_loc     0x00001d6a       0xe0 C:\Users\gcristian\Desktop\F429\Drivers\obj\led.o
 .debug_loc     0x00001e4a       0x70 C:\Users\gcristian\Desktop\F429\Drivers\obj\spi.o
 .debug_loc     0x00001eba      0x248 C:\Users\gcristian\Desktop\F429\Drivers\obj\stm32fxxx_it.o
 .debug_loc     0x00002102      0x118 C:\Users\gcristian\Desktop\F429\Drivers\obj\sx12xxEiger.o
 .debug_loc     0x0000221a      0x300 C:\Users\gcristian\Desktop\F429\Drivers\obj\sx1276-Hal.o
 .debug_loc     0x0000251a      0x170 C:\Users\gcristian\Desktop\F429\Drivers\obj\sx1509.o
 .debug_loc     0x0000268a      0x1bc C:\Users\gcristian\Desktop\F429\Drivers\obj\uart.o
 .debug_loc     0x00002846      0x118 C:\Users\gcristian\Desktop\F429\Drivers\obj\misc.o
 .debug_loc     0x0000295e      0x838 C:\Users\gcristian\Desktop\F429\Drivers\obj\stm32f4xx_adc.o
 .debug_loc     0x00003196      0x428 C:\Users\gcristian\Desktop\F429\Drivers\obj\stm32f4xx_dma.o
 .debug_loc     0x000035be      0x1b4 C:\Users\gcristian\Desktop\F429\Drivers\obj\stm32f4xx_exti.o
 .debug_loc     0x00003772      0x830 C:\Users\gcristian\Desktop\F429\Drivers\obj\stm32f4xx_flash.o
 .debug_loc     0x00003fa2      0x5dc C:\Users\gcristian\Desktop\F429\Drivers\obj\stm32f4xx_fmc.o
 .debug_loc     0x0000457e      0x310 C:\Users\gcristian\Desktop\F429\Drivers\obj\stm32f4xx_gpio.o
 .debug_loc     0x0000488e      0x7a8 C:\Users\gcristian\Desktop\F429\Drivers\obj\stm32f4xx_i2c.o
 .debug_loc     0x00005036      0x368 C:\Users\gcristian\Desktop\F429\Drivers\obj\stm32f4xx_pwr.o
 .debug_loc     0x0000539e      0xb3c C:\Users\gcristian\Desktop\F429\Drivers\obj\stm32f4xx_rcc.o
 .debug_loc     0x00005eda      0xc48 C:\Users\gcristian\Desktop\F429\Drivers\obj\stm32f4xx_rtc.o
 .debug_loc     0x00006b22      0x648 C:\Users\gcristian\Desktop\F429\Drivers\obj\stm32f4xx_sdio.o
 .debug_loc     0x0000716a      0x578 C:\Users\gcristian\Desktop\F429\Drivers\obj\stm32f4xx_spi.o
 .debug_loc     0x000076e2     0x1420 C:\Users\gcristian\Desktop\F429\Drivers\obj\stm32f4xx_tim.o
 .debug_loc     0x00008b02      0x17c C:\Users\gcristian\Desktop\F429\Drivers\obj\stm32f4xx_syscfg.o